Note: Google Test filter = RaftConsensusITest.TestConfigChangeUnderLoad
[==========] Running 1 test from 1 test case.
[----------] Global test environment set-up.
[----------] 1 test from RaftConsensusITest
[ RUN      ] RaftConsensusITest.TestConfigChangeUnderLoad
I0309 05:01:45.747125 11738 test_util.cc:180] Using random seed: 608994907
I0309 05:01:45.895285 11738 ts_itest-base.h:91] Starting cluster with:
I0309 05:01:45.895463 11738 ts_itest-base.h:92] --------------
I0309 05:01:45.895586 11738 ts_itest-base.h:93] 3 tablet servers
I0309 05:01:45.895717 11738 ts_itest-base.h:94] 3 replicas per TS
I0309 05:01:45.895828 11738 ts_itest-base.h:95] --------------
I0309 05:01:45.898838 11738 external_mini_cluster.cc:693] Running /tmp/run_tha_testqZCu3D/build/tsan/bin/kudu-master
kudu-master
--fs_wal_dir=/tmp/run_tha_testqZCu3D/test-tmp/raft_consensus-itest.RaftConsensusITest.TestConfigChangeUnderLoad.1489035705678289-11738/raft_consensus-itest-cluster/master-0/data
--fs_data_dirs=/tmp/run_tha_testqZCu3D/test-tmp/raft_consensus-itest.RaftConsensusITest.TestConfigChangeUnderLoad.1489035705678289-11738/raft_consensus-itest-cluster/master-0/data
--webserver_interface=localhost
--ipki_ca_key_size=1024
--tsk_num_rsa_bits=512
--webserver_port=0
--rpc_bind_addresses=127.0.0.1:0
--never_fsync
--ipki_server_key_size=1024
--enable_minidumps=false
--redact=flag
--metrics_log_interval_ms=1000
--logtostderr
--logbuflevel=-1
--log_dir=/tmp/run_tha_testqZCu3D/test-tmp/raft_consensus-itest.RaftConsensusITest.TestConfigChangeUnderLoad.1489035705678289-11738/raft_consensus-itest-cluster/master-0/logs
--server_dump_info_path=/tmp/run_tha_testqZCu3D/test-tmp/raft_consensus-itest.RaftConsensusITest.TestConfigChangeUnderLoad.1489035705678289-11738/raft_consensus-itest-cluster/master-0/data/info.pb
--server_dump_info_format=pb
--rpc_server_allow_ephemeral_ports
--unlock_experimental_flags
--unlock_unsafe_flags
--master_add_server_when_underreplicated=false
--catalog_manager_wait_for_new_tablets_to_elect_leader=false with env {}
WARNING: Logging before InitGoogleLogging() is written to STDERR
W0309 05:01:46.010998 11750 flags.cc:393] Enabled unsafe flag: --rpc_server_allow_ephemeral_ports=true
W0309 05:01:46.011435 11750 flags.cc:393] Enabled unsafe flag: --never_fsync=true
W0309 05:01:46.025960 11750 flags.cc:393] Enabled experimental flag: --ipki_ca_key_size=1024
W0309 05:01:46.026127 11750 flags.cc:393] Enabled experimental flag: --ipki_server_key_size=1024
W0309 05:01:46.026275 11750 flags.cc:393] Enabled experimental flag: --tsk_num_rsa_bits=512
I0309 05:01:46.046645 11750 master_main.cc:60] Master server non-default flags:
--log_dir=/tmp/run_tha_testqZCu3D/test-tmp/raft_consensus-itest.RaftConsensusITest.TestConfigChangeUnderLoad.1489035705678289-11738/raft_consensus-itest-cluster/master-0/logs
--logbuflevel=-1
--logtostderr=true
--fs_data_dirs=/tmp/run_tha_testqZCu3D/test-tmp/raft_consensus-itest.RaftConsensusITest.TestConfigChangeUnderLoad.1489035705678289-11738/raft_consensus-itest-cluster/master-0/data
--fs_wal_dir=/tmp/run_tha_testqZCu3D/test-tmp/raft_consensus-itest.RaftConsensusITest.TestConfigChangeUnderLoad.1489035705678289-11738/raft_consensus-itest-cluster/master-0/data
--catalog_manager_wait_for_new_tablets_to_elect_leader=false
--master_add_server_when_underreplicated=false
--ipki_ca_key_size=1024
--ipki_server_key_size=1024
--tsk_num_rsa_bits=512
--rpc_bind_addresses=127.0.0.1:0
--rpc_server_allow_ephemeral_ports=true
--metrics_log_interval_ms=1000
--server_dump_info_format=pb
--server_dump_info_path=/tmp/run_tha_testqZCu3D/test-tmp/raft_consensus-itest.RaftConsensusITest.TestConfigChangeUnderLoad.1489035705678289-11738/raft_consensus-itest-cluster/master-0/data/info.pb
--webserver_interface=localhost
--webserver_port=0
--never_fsync=true
--heap_profile_path=/tmp/kudu-master.11750
--redact=flag
--unlock_experimental_flags=true
--unlock_unsafe_flags=true
--enable_minidumps=false
Master server version:
kudu 1.4.0-SNAPSHOT
revision f24307db4deda6e9da037514afc5573f1231cdfb-dirty
build type DEBUG
built by awong at 08 Mar 2017 20:45:43 PST on ve0518.halxg.cloudera.com
TSAN enabled
I0309 05:01:46.047159 11750 mem_tracker.cc:140] MemTracker: hard memory limit is 11.777661 GB
I0309 05:01:46.047287 11750 mem_tracker.cc:142] MemTracker: soft memory limit is 7.066597 GB
I0309 05:01:46.058485 11750 master_main.cc:67] Initializing master server...
I0309 05:01:46.060183 11750 hybrid_clock.cc:177] HybridClock initialized. Resolution in nanos?: 1 Wait times tolerance adjustment: 1.0005 Current error: 66171
I0309 05:01:46.066468 11750 env_posix.cc:1313] Not raising process file limit of 65536; it is already as high as it can go
I0309 05:01:46.066905 11750 file_cache.cc:401] Constructed file cache lbm with capacity 26214
W0309 05:01:46.067366 11750 fs_manager.cc:516] Unable to read directory: Not found: /tmp/run_tha_testqZCu3D/test-tmp/raft_consensus-itest.RaftConsensusITest.TestConfigChangeUnderLoad.1489035705678289-11738/raft_consensus-itest-cluster/master-0/data: No such file or directory (error 2)
W0309 05:01:46.067555 11750 fs_manager.cc:525] could not check and fix permissions for path: /tmp/run_tha_testqZCu3D/test-tmp/raft_consensus-itest.RaftConsensusITest.TestConfigChangeUnderLoad.1489035705678289-11738/raft_consensus-itest-cluster/master-0/data: Not found: stat: No such file or directory (error 2)
I0309 05:01:46.067816 11750 server_base.cc:213] Could not load existing FS layout: Not found: /tmp/run_tha_testqZCu3D/test-tmp/raft_consensus-itest.RaftConsensusITest.TestConfigChangeUnderLoad.1489035705678289-11738/raft_consensus-itest-cluster/master-0/data/instance: No such file or directory (error 2)
I0309 05:01:46.067941 11750 server_base.cc:214] Creating new FS layout
I0309 05:01:46.076237 11750 fs_manager.cc:370] Generated new instance metadata in path /tmp/run_tha_testqZCu3D/test-tmp/raft_consensus-itest.RaftConsensusITest.TestConfigChangeUnderLoad.1489035705678289-11738/raft_consensus-itest-cluster/master-0/data/instance:
uuid: "dfe132dff2dc4fbe9147bfc567977448"
format_stamp: "Formatted at 2017-03-09 05:01:46 on dist-test-slave-dist-test-slave-t97d"
I0309 05:01:46.088500 11750 fs_manager.cc:256] Time spent opening block manager: real 0.004s	user 0.004s	sys 0.000s
I0309 05:01:46.088726 11750 fs_manager.cc:259] Opened local filesystem: /tmp/run_tha_testqZCu3D/test-tmp/raft_consensus-itest.RaftConsensusITest.TestConfigChangeUnderLoad.1489035705678289-11738/raft_consensus-itest-cluster/master-0/data
uuid: "dfe132dff2dc4fbe9147bfc567977448"
format_stamp: "Formatted at 2017-03-09 05:01:46 on dist-test-slave-dist-test-slave-t97d"
I0309 05:01:46.296113 11750 master_main.cc:70] Starting Master server...
I0309 05:01:46.342934 11750 rpc_server.cc:164] RPC server started. Bound to: 127.0.0.1:55195
I0309 05:01:46.344096 11750 webserver.cc:133] Starting webserver on localhost:0
I0309 05:01:46.344224 11750 webserver.cc:144] Document root disabled
I0309 05:01:46.344730 11750 net_util.cc:195] Address 127.0.0.1:0 for localhost:0 duplicates an earlier resolved entry.
I0309 05:01:46.345890 11750 webserver.cc:260] Webserver started. Bound to: http://127.0.0.1:40468/
I0309 05:01:46.346657 11750 server_base.cc:356] Dumped server information to /tmp/run_tha_testqZCu3D/test-tmp/raft_consensus-itest.RaftConsensusITest.TestConfigChangeUnderLoad.1489035705678289-11738/raft_consensus-itest-cluster/master-0/data/info.pb
I0309 05:01:46.350731 11738 external_mini_cluster.cc:738] Started /tmp/run_tha_testqZCu3D/build/tsan/bin/kudu-master as pid 11750
I0309 05:01:46.351853 11738 external_mini_cluster.cc:693] Running /tmp/run_tha_testqZCu3D/build/tsan/bin/kudu-tserver
kudu-tserver
--fs_wal_dir=/tmp/run_tha_testqZCu3D/test-tmp/raft_consensus-itest.RaftConsensusITest.TestConfigChangeUnderLoad.1489035705678289-11738/raft_consensus-itest-cluster/ts-0/data
--fs_data_dirs=/tmp/run_tha_testqZCu3D/test-tmp/raft_consensus-itest.RaftConsensusITest.TestConfigChangeUnderLoad.1489035705678289-11738/raft_consensus-itest-cluster/ts-0/data
--rpc_bind_addresses=127.45.218.0:0
--local_ip_for_outbound_sockets=127.45.218.0
--webserver_interface=127.45.218.0
--webserver_port=0
--tserver_master_addrs=127.0.0.1:55195
--never_fsync
--ipki_server_key_size=1024
--enable_minidumps=false
--redact=flag
--metrics_log_interval_ms=1000
--logtostderr
--logbuflevel=-1
--log_dir=/tmp/run_tha_testqZCu3D/test-tmp/raft_consensus-itest.RaftConsensusITest.TestConfigChangeUnderLoad.1489035705678289-11738/raft_consensus-itest-cluster/ts-0/logs
--server_dump_info_path=/tmp/run_tha_testqZCu3D/test-tmp/raft_consensus-itest.RaftConsensusITest.TestConfigChangeUnderLoad.1489035705678289-11738/raft_consensus-itest-cluster/ts-0/data/info.pb
--server_dump_info_format=pb
--rpc_server_allow_ephemeral_ports
--unlock_experimental_flags
--unlock_unsafe_flags
--enable_leader_failure_detection=false with env {}
I0309 05:01:46.366793 11811 tablet_bootstrap.cc:382] T 00000000000000000000000000000000 P dfe132dff2dc4fbe9147bfc567977448: Bootstrap starting.
I0309 05:01:46.369503 11811 tablet_bootstrap.cc:541] T 00000000000000000000000000000000 P dfe132dff2dc4fbe9147bfc567977448: Time spent opening tablet: real 0.000s	user 0.000s	sys 0.000s
I0309 05:01:46.369982 11811 tablet_bootstrap.cc:484] T 00000000000000000000000000000000 P dfe132dff2dc4fbe9147bfc567977448: No blocks or log segments found. Creating new log.
I0309 05:01:46.371413 11811 log.cc:381] T 00000000000000000000000000000000 P dfe132dff2dc4fbe9147bfc567977448: Log is configured to *not* fsync() on all Append() calls
I0309 05:01:46.375864 11811 tablet_bootstrap.cc:382] T 00000000000000000000000000000000 P dfe132dff2dc4fbe9147bfc567977448: No bootstrap required, opened a new log
I0309 05:01:46.381240 11811 raft_consensus.cc:288] T 00000000000000000000000000000000 P dfe132dff2dc4fbe9147bfc567977448 [term 0 FOLLOWER]: Replica starting. Triggering 0 pending transactions. Active config: opid_index: -1 OBSOLETE_local: true peers { permanent_uuid: "dfe132dff2dc4fbe9147bfc567977448" member_type: VOTER }
I0309 05:01:46.381778 11811 raft_consensus.cc:319] T 00000000000000000000000000000000 P dfe132dff2dc4fbe9147bfc567977448 [term 0 FOLLOWER]: Consensus starting up: Expiring failure detector timer to make a prompt election more likely
I0309 05:01:46.381950 11811 raft_consensus.cc:548] T 00000000000000000000000000000000 P dfe132dff2dc4fbe9147bfc567977448 [term 0 FOLLOWER]: Becoming Follower/Learner. State: Replica: dfe132dff2dc4fbe9147bfc567977448, State: 1, Role: FOLLOWER
I0309 05:01:46.382177 11811 consensus_queue.cc:176] T 00000000000000000000000000000000 P dfe132dff2dc4fbe9147bfc567977448 [NON_LEADER]: Queue going to NON_LEADER mode. State: All replicated index: 0, Majority replicated index: 0, Committed index: 0, Last appended: 0.0, Current term: 0, Majority size: -1, State: 1, Mode: NON_LEADER
I0309 05:01:46.382427 11811 raft_consensus.cc:332] T 00000000000000000000000000000000 P dfe132dff2dc4fbe9147bfc567977448 [term 0 FOLLOWER]: Only one voter in the Raft config. Triggering election immediately
I0309 05:01:46.382587 11811 raft_consensus.cc:411] T 00000000000000000000000000000000 P dfe132dff2dc4fbe9147bfc567977448 [term 0 FOLLOWER]: Starting leader election (initial election of a single-replica configuration)
I0309 05:01:46.382781 11811 raft_consensus.cc:2162] T 00000000000000000000000000000000 P dfe132dff2dc4fbe9147bfc567977448 [term 0 FOLLOWER]: Snoozing failure detection for election timeout plus an additional 1.920s
I0309 05:01:46.382966 11811 raft_consensus.cc:2206] T 00000000000000000000000000000000 P dfe132dff2dc4fbe9147bfc567977448 [term 0 FOLLOWER]: Advancing to term 1
I0309 05:01:46.385289 11811 raft_consensus.cc:435] T 00000000000000000000000000000000 P dfe132dff2dc4fbe9147bfc567977448 [term 1 FOLLOWER]: Starting leader election with config: opid_index: -1 OBSOLETE_local: true peers { permanent_uuid: "dfe132dff2dc4fbe9147bfc567977448" member_type: VOTER }
I0309 05:01:46.385771 11811 leader_election.cc:243] T 00000000000000000000000000000000 P dfe132dff2dc4fbe9147bfc567977448 [CANDIDATE]: Term 1 election: Election decided. Result: candidate won.
I0309 05:01:46.387488 11816 raft_consensus.cc:2162] T 00000000000000000000000000000000 P dfe132dff2dc4fbe9147bfc567977448 [term 1 FOLLOWER]: Snoozing failure detection for election timeout plus an additional 1.587s
I0309 05:01:46.387877 11816 raft_consensus.cc:1971] T 00000000000000000000000000000000 P dfe132dff2dc4fbe9147bfc567977448 [term 1 FOLLOWER]: Leader election won for term 1
I0309 05:01:46.390348 11816 raft_consensus.cc:518] T 00000000000000000000000000000000 P dfe132dff2dc4fbe9147bfc567977448 [term 1 LEADER]: Becoming Leader. State: Replica: dfe132dff2dc4fbe9147bfc567977448, State: 1, Role: LEADER
I0309 05:01:46.390774 11816 consensus_queue.cc:158] T 00000000000000000000000000000000 P dfe132dff2dc4fbe9147bfc567977448 [LEADER]: Queue going to LEADER mode. State: All replicated index: 0, Majority replicated index: 0, Committed index: 0, Last appended: 0.0, Current term: 1, Majority size: 1, State: 1, Mode: LEADER, active raft config: opid_index: -1 OBSOLETE_local: true peers { permanent_uuid: "dfe132dff2dc4fbe9147bfc567977448" member_type: VOTER }
I0309 05:01:46.404569 11811 sys_catalog.cc:266] T 00000000000000000000000000000000 P dfe132dff2dc4fbe9147bfc567977448 [sys.catalog]: SysCatalogTable state changed. Reason: Started TabletPeer. Latest consensus state: current_term: 1 leader_uuid: "dfe132dff2dc4fbe9147bfc567977448" config { opid_index: -1 OBSOLETE_local: true peers { permanent_uuid: "dfe132dff2dc4fbe9147bfc567977448" member_type: VOTER } }
I0309 05:01:46.404997 11811 sys_catalog.cc:269] T 00000000000000000000000000000000 P dfe132dff2dc4fbe9147bfc567977448 [sys.catalog]: This master's current role is: LEADER
WARNING: Logging before InitGoogleLogging() is written to STDERR
W0309 05:01:46.484802 11812 flags.cc:393] Enabled unsafe flag: --enable_leader_failure_detection=false
W0309 05:01:46.485424 11812 flags.cc:393] Enabled unsafe flag: --rpc_server_allow_ephemeral_ports=true
W0309 05:01:46.485819 11812 flags.cc:393] Enabled unsafe flag: --never_fsync=true
W0309 05:01:46.506198 11812 flags.cc:393] Enabled experimental flag: --ipki_server_key_size=1024
W0309 05:01:46.506876 11812 flags.cc:393] Enabled experimental flag: --local_ip_for_outbound_sockets=127.45.218.0
I0309 05:01:46.548630 11812 tablet_server_main.cc:64] Tablet server non-default flags:
--log_dir=/tmp/run_tha_testqZCu3D/test-tmp/raft_consensus-itest.RaftConsensusITest.TestConfigChangeUnderLoad.1489035705678289-11738/raft_consensus-itest-cluster/ts-0/logs
--logbuflevel=-1
--logtostderr=true
--enable_leader_failure_detection=false
--fs_data_dirs=/tmp/run_tha_testqZCu3D/test-tmp/raft_consensus-itest.RaftConsensusITest.TestConfigChangeUnderLoad.1489035705678289-11738/raft_consensus-itest-cluster/ts-0/data
--fs_wal_dir=/tmp/run_tha_testqZCu3D/test-tmp/raft_consensus-itest.RaftConsensusITest.TestConfigChangeUnderLoad.1489035705678289-11738/raft_consensus-itest-cluster/ts-0/data
--ipki_server_key_size=1024
--rpc_bind_addresses=127.45.218.0:0
--rpc_server_allow_ephemeral_ports=true
--metrics_log_interval_ms=1000
--server_dump_info_format=pb
--server_dump_info_path=/tmp/run_tha_testqZCu3D/test-tmp/raft_consensus-itest.RaftConsensusITest.TestConfigChangeUnderLoad.1489035705678289-11738/raft_consensus-itest-cluster/ts-0/data/info.pb
--webserver_interface=127.45.218.0
--webserver_port=0
--tserver_master_addrs=127.0.0.1:55195
--never_fsync=true
--heap_profile_path=/tmp/kudu-tserver.11812
--redact=flag
--unlock_experimental_flags=true
--unlock_unsafe_flags=true
--enable_minidumps=false
--local_ip_for_outbound_sockets=127.45.218.0
Tablet server version:
kudu 1.4.0-SNAPSHOT
revision f24307db4deda6e9da037514afc5573f1231cdfb-dirty
build type DEBUG
built by awong at 08 Mar 2017 20:45:43 PST on ve0518.halxg.cloudera.com
TSAN enabled
I0309 05:01:46.549772 11812 mem_tracker.cc:140] MemTracker: hard memory limit is 11.777661 GB
I0309 05:01:46.549996 11812 mem_tracker.cc:142] MemTracker: soft memory limit is 7.066597 GB
I0309 05:01:46.410771 11818 sys_catalog.cc:266] T 00000000000000000000000000000000 P dfe132dff2dc4fbe9147bfc567977448 [sys.catalog]: SysCatalogTable state changed. Reason: New leader dfe132dff2dc4fbe9147bfc567977448. Latest consensus state: current_term: 1 leader_uuid: "dfe132dff2dc4fbe9147bfc567977448" config { opid_index: -1 OBSOLETE_local: true peers { permanent_uuid: "dfe132dff2dc4fbe9147bfc567977448" member_type: VOTER } }
I0309 05:01:46.558272 11818 sys_catalog.cc:269] T 00000000000000000000000000000000 P dfe132dff2dc4fbe9147bfc567977448 [sys.catalog]: This master's current role is: LEADER
I0309 05:01:46.578317 11812 tablet_server_main.cc:71] Initializing tablet server...
I0309 05:01:46.581156 11812 hybrid_clock.cc:177] HybridClock initialized. Resolution in nanos?: 1 Wait times tolerance adjustment: 1.0005 Current error: 66171
I0309 05:01:46.591573 11812 env_posix.cc:1313] Not raising process file limit of 65536; it is already as high as it can go
I0309 05:01:46.592181 11812 file_cache.cc:401] Constructed file cache lbm with capacity 26214
W0309 05:01:46.592866 11812 fs_manager.cc:516] Unable to read directory: Not found: /tmp/run_tha_testqZCu3D/test-tmp/raft_consensus-itest.RaftConsensusITest.TestConfigChangeUnderLoad.1489035705678289-11738/raft_consensus-itest-cluster/ts-0/data: No such file or directory (error 2)
W0309 05:01:46.593139 11812 fs_manager.cc:525] could not check and fix permissions for path: /tmp/run_tha_testqZCu3D/test-tmp/raft_consensus-itest.RaftConsensusITest.TestConfigChangeUnderLoad.1489035705678289-11738/raft_consensus-itest-cluster/ts-0/data: Not found: stat: No such file or directory (error 2)
I0309 05:01:46.593477 11812 server_base.cc:213] Could not load existing FS layout: Not found: /tmp/run_tha_testqZCu3D/test-tmp/raft_consensus-itest.RaftConsensusITest.TestConfigChangeUnderLoad.1489035705678289-11738/raft_consensus-itest-cluster/ts-0/data/instance: No such file or directory (error 2)
I0309 05:01:46.593659 11812 server_base.cc:214] Creating new FS layout
I0309 05:01:46.606994 11812 fs_manager.cc:370] Generated new instance metadata in path /tmp/run_tha_testqZCu3D/test-tmp/raft_consensus-itest.RaftConsensusITest.TestConfigChangeUnderLoad.1489035705678289-11738/raft_consensus-itest-cluster/ts-0/data/instance:
uuid: "e025649508cc4de7a0397ec0f359e8f7"
format_stamp: "Formatted at 2017-03-09 05:01:46 on dist-test-slave-dist-test-slave-t97d"
I0309 05:01:46.636008 11812 fs_manager.cc:256] Time spent opening block manager: real 0.016s	user 0.008s	sys 0.008s
I0309 05:01:46.636270 11812 fs_manager.cc:259] Opened local filesystem: /tmp/run_tha_testqZCu3D/test-tmp/raft_consensus-itest.RaftConsensusITest.TestConfigChangeUnderLoad.1489035705678289-11738/raft_consensus-itest-cluster/ts-0/data
uuid: "e025649508cc4de7a0397ec0f359e8f7"
format_stamp: "Formatted at 2017-03-09 05:01:46 on dist-test-slave-dist-test-slave-t97d"
I0309 05:01:46.411514 11817 sys_catalog.cc:266] T 00000000000000000000000000000000 P dfe132dff2dc4fbe9147bfc567977448 [sys.catalog]: SysCatalogTable state changed. Reason: RaftConsensus started. Latest consensus state: current_term: 1 leader_uuid: "dfe132dff2dc4fbe9147bfc567977448" config { opid_index: -1 OBSOLETE_local: true peers { permanent_uuid: "dfe132dff2dc4fbe9147bfc567977448" member_type: VOTER } }
I0309 05:01:46.657670 11817 sys_catalog.cc:269] T 00000000000000000000000000000000 P dfe132dff2dc4fbe9147bfc567977448 [sys.catalog]: This master's current role is: LEADER
I0309 05:01:46.660243 11811 sys_catalog.cc:344] T 00000000000000000000000000000000 P dfe132dff2dc4fbe9147bfc567977448 [sys.catalog]: configured and running, proceeding with master startup.
I0309 05:01:46.681632 11750 master_main.cc:73] Master server successfully started.
I0309 05:01:46.692759 11820 catalog_manager.cc:842] Loading table and tablet metadata into memory...
I0309 05:01:46.723376 11820 catalog_manager.cc:850] Loading CA info into memory...
I0309 05:01:46.725394 11820 catalog_manager.cc:861] Did not find CA certificate and key for Kudu IPKI, will generate new ones
I0309 05:01:46.807642 11820 catalog_manager.cc:792] Successfully stored the newly generated cert authority information into the system table.
I0309 05:01:46.810080 11820 catalog_manager.cc:894] Loading token signing keys...
W0309 05:01:46.821223 11755 kernel_stack_watchdog.cc:145] Thread 11814 stuck at /home/awong/8/kudu/src/kudu/consensus/log.cc:252 for 252ms:
Kernel stack:
[<ffffffff8117c430>] handle_mm_fault+0x8f0/0x1140
[<ffffffff812d7974>] call_rwsem_down_read_failed+0x14/0x30
[<ffffffff8105cf5a>] __do_page_fault+0x29a/0x540
[<ffffffff81082570>] k_getrusage+0x340/0x440
[<ffffffff81084de8>] getrusage+0x28/0x40
[<ffffffff81056caf>] kvm_clock_read+0x1f/0x30
[<ffffffff8154df28>] page_fault+0x28/0x30
[<ffffffffffffffff>] 0xffffffffffffffff

User stack:
    @           0x4259a9  __tsan::CallUserSignalHandler() at 
    @           0x4264ee  rtl_sighandler() at 
    @     0x7f480b23d330  (unknown) at 
    @     0x7f480b23cb9d  __libc_nanosleep at 
    @           0x45ab16  __interceptor_nanosleep at 
    @     0x7f480f4cac67  boost::detail::yield() at 
    @     0x7f480722fea6  kudu::Thread::StartThread() at 
    @     0x7f480724a559  kudu::Thread::Create<>() at 
    @     0x7f4807245acf  kudu::ThreadPool::CreateThreadUnlocked() at 
    @     0x7f4807246526  kudu::ThreadPool::Submit() at 
    @     0x7f480724604d  kudu::ThreadPool::SubmitFunc() at 
    @     0x7f4807245ef8  kudu::ThreadPool::SubmitClosure() at 
    @     0x7f480d68442e  kudu::consensus::PeerMessageQueue::NotifyObserversOfCommitIndexChange() at 
    @     0x7f480d67b9f7  kudu::consensus::PeerMessageQueue::ResponseFromPeer() at 
    @     0x7f480d6770f8  kudu::consensus::PeerMessageQueue::LocalPeerAppendFinished() at 
    @     0x7f480d6a7a4e  kudu::internal::RunnableAdapter<>::Run() at 
I0309 05:01:46.835739 11820 catalog_manager.cc:3352] Saved newly generated TSK 0 into the system table.
W0309 05:01:46.925705 11755 kernel_stack_watchdog.cc:145] Thread 11814 stuck at /home/awong/8/kudu/src/kudu/util/thread.cc:512 for 252ms:
Kernel stack:
[<ffffffff810dcf96>] futex_wait_queue_me+0xd6/0x150
[<ffffffff810ddfc6>] futex_wait+0x186/0x280
[<ffffffff8117c60f>] handle_mm_fault+0xacf/0x1140
[<ffffffff811f9a4c>] fsnotify+0x1cc/0x260
[<ffffffff810dfac8>] do_futex+0x368/0xb10
[<ffffffff8105cf5a>] __do_page_fault+0x29a/0x540
[<ffffffff81082570>] k_getrusage+0x340/0x440
[<ffffffff8116b718>] vm_mmap_pgoff+0xd8/0x100
[<ffffffff810e03c0>] SyS_futex+0x150/0x1c0
[<ffffffff81056caf>] kvm_clock_read+0x1f/0x30
[<ffffffff810d22c2>] ktime_get_ts+0x42/0xd0
[<ffffffff8108ea41>] posix_ktime_get_ts+0x11/0x20
[<ffffffff8154bf0d>] system_call_fast_compare_end+0x10/0x15
[<ffffffffffffffff>] 0xffffffffffffffff

User stack:
    @           0x4259a9  __tsan::CallUserSignalHandler() at 
    @           0x4264ee  rtl_sighandler() at 
    @     0x7f480b23d330  (unknown) at 
    @     0x7f480b239404  __pthread_cond_wait at 
    @           0x499b88  __tsan::call_pthread_cancel_with_cleanup() at 
    @           0x45975c  cond_wait() at 
    @           0x4599a6  pthread_cond_wait at 
    @     0x7f4806fc2a4a  kudu::ConditionVariable::Wait() at 
    @     0x7f480d3929ad  kudu::BlockingQueue<>::BlockingDrainTo() at 
    @     0x7f480d37a939  kudu::log::Log::AppendThread::RunThread() at 
    @     0x7f480d3a31fc  boost::_mfi::mf0<>::operator()() at 
    @     0x7f480d3a30d9  boost::_bi::list1<>::operator()<>() at 
    @     0x7f480d3a300b  boost::_bi::bind_t<>::operator()() at 
    @     0x7f480d3a2c51  boost::detail::function::void_function_obj_invoker0<>::invoke() at 
    @     0x7f480917f01b  boost::function0<>::operator()() at 
    @     0x7f4807230898  kudu::Thread::SuperviseThread() at 
I0309 05:01:46.981102 11812 tablet_server_main.cc:76] Starting tablet server...
I0309 05:01:47.098968 11812 rpc_server.cc:164] RPC server started. Bound to: 127.45.218.0:42807
I0309 05:01:47.100186 11812 webserver.cc:133] Starting webserver on 127.45.218.0:0
I0309 05:01:47.100318 11812 webserver.cc:144] Document root disabled
I0309 05:01:47.101801 11812 webserver.cc:260] Webserver started. Bound to: http://127.45.218.0:49906/
I0309 05:01:47.102617 11812 server_base.cc:356] Dumped server information to /tmp/run_tha_testqZCu3D/test-tmp/raft_consensus-itest.RaftConsensusITest.TestConfigChangeUnderLoad.1489035705678289-11738/raft_consensus-itest-cluster/ts-0/data/info.pb
I0309 05:01:47.107823 11812 tablet_server_main.cc:79] Tablet server successfully started.
I0309 05:01:47.109576 11738 external_mini_cluster.cc:738] Started /tmp/run_tha_testqZCu3D/build/tsan/bin/kudu-tserver as pid 11812
I0309 05:01:47.111035 11738 external_mini_cluster.cc:693] Running /tmp/run_tha_testqZCu3D/build/tsan/bin/kudu-tserver
kudu-tserver
--fs_wal_dir=/tmp/run_tha_testqZCu3D/test-tmp/raft_consensus-itest.RaftConsensusITest.TestConfigChangeUnderLoad.1489035705678289-11738/raft_consensus-itest-cluster/ts-1/data
--fs_data_dirs=/tmp/run_tha_testqZCu3D/test-tmp/raft_consensus-itest.RaftConsensusITest.TestConfigChangeUnderLoad.1489035705678289-11738/raft_consensus-itest-cluster/ts-1/data
--rpc_bind_addresses=127.45.218.1:0
--local_ip_for_outbound_sockets=127.45.218.1
--webserver_interface=127.45.218.1
--webserver_port=0
--tserver_master_addrs=127.0.0.1:55195
--never_fsync
--ipki_server_key_size=1024
--enable_minidumps=false
--redact=flag
--metrics_log_interval_ms=1000
--logtostderr
--logbuflevel=-1
--log_dir=/tmp/run_tha_testqZCu3D/test-tmp/raft_consensus-itest.RaftConsensusITest.TestConfigChangeUnderLoad.1489035705678289-11738/raft_consensus-itest-cluster/ts-1/logs
--server_dump_info_path=/tmp/run_tha_testqZCu3D/test-tmp/raft_consensus-itest.RaftConsensusITest.TestConfigChangeUnderLoad.1489035705678289-11738/raft_consensus-itest-cluster/ts-1/data/info.pb
--server_dump_info_format=pb
--rpc_server_allow_ephemeral_ports
--unlock_experimental_flags
--unlock_unsafe_flags
--enable_leader_failure_detection=false with env {}
I0309 05:01:47.135520 11974 heartbeater.cc:291] Connected to a master server at 127.0.0.1:55195
I0309 05:01:47.135876 11974 heartbeater.cc:361] Registering TS with master...
I0309 05:01:47.136760 11974 heartbeater.cc:391] Master 127.0.0.1:55195 requested a full tablet report, sending...
I0309 05:01:47.139355 11778 ts_manager.cc:78] Registered new tserver with Master: e025649508cc4de7a0397ec0f359e8f7 (127.45.218.0:42807)
I0309 05:01:47.141924 11778 master_service.cc:189] Signed X509 certificate for tserver {username='slave'} at 127.45.218.0:46378
WARNING: Logging before InitGoogleLogging() is written to STDERR
W0309 05:01:47.229616 11978 flags.cc:393] Enabled unsafe flag: --enable_leader_failure_detection=false
W0309 05:01:47.230041 11978 flags.cc:393] Enabled unsafe flag: --rpc_server_allow_ephemeral_ports=true
W0309 05:01:47.230309 11978 flags.cc:393] Enabled unsafe flag: --never_fsync=true
W0309 05:01:47.243594 11978 flags.cc:393] Enabled experimental flag: --ipki_server_key_size=1024
W0309 05:01:47.244045 11978 flags.cc:393] Enabled experimental flag: --local_ip_for_outbound_sockets=127.45.218.1
I0309 05:01:47.262768 11978 tablet_server_main.cc:64] Tablet server non-default flags:
--log_dir=/tmp/run_tha_testqZCu3D/test-tmp/raft_consensus-itest.RaftConsensusITest.TestConfigChangeUnderLoad.1489035705678289-11738/raft_consensus-itest-cluster/ts-1/logs
--logbuflevel=-1
--logtostderr=true
--enable_leader_failure_detection=false
--fs_data_dirs=/tmp/run_tha_testqZCu3D/test-tmp/raft_consensus-itest.RaftConsensusITest.TestConfigChangeUnderLoad.1489035705678289-11738/raft_consensus-itest-cluster/ts-1/data
--fs_wal_dir=/tmp/run_tha_testqZCu3D/test-tmp/raft_consensus-itest.RaftConsensusITest.TestConfigChangeUnderLoad.1489035705678289-11738/raft_consensus-itest-cluster/ts-1/data
--ipki_server_key_size=1024
--rpc_bind_addresses=127.45.218.1:0
--rpc_server_allow_ephemeral_ports=true
--metrics_log_interval_ms=1000
--server_dump_info_format=pb
--server_dump_info_path=/tmp/run_tha_testqZCu3D/test-tmp/raft_consensus-itest.RaftConsensusITest.TestConfigChangeUnderLoad.1489035705678289-11738/raft_consensus-itest-cluster/ts-1/data/info.pb
--webserver_interface=127.45.218.1
--webserver_port=0
--tserver_master_addrs=127.0.0.1:55195
--never_fsync=true
--heap_profile_path=/tmp/kudu-tserver.11978
--redact=flag
--unlock_experimental_flags=true
--unlock_unsafe_flags=true
--enable_minidumps=false
--local_ip_for_outbound_sockets=127.45.218.1
Tablet server version:
kudu 1.4.0-SNAPSHOT
revision f24307db4deda6e9da037514afc5573f1231cdfb-dirty
build type DEBUG
built by awong at 08 Mar 2017 20:45:43 PST on ve0518.halxg.cloudera.com
TSAN enabled
I0309 05:01:47.263564 11978 mem_tracker.cc:140] MemTracker: hard memory limit is 11.777661 GB
I0309 05:01:47.263689 11978 mem_tracker.cc:142] MemTracker: soft memory limit is 7.066597 GB
I0309 05:01:47.275934 11978 tablet_server_main.cc:71] Initializing tablet server...
I0309 05:01:47.278057 11978 hybrid_clock.cc:177] HybridClock initialized. Resolution in nanos?: 1 Wait times tolerance adjustment: 1.0005 Current error: 66671
I0309 05:01:47.284447 11978 env_posix.cc:1313] Not raising process file limit of 65536; it is already as high as it can go
I0309 05:01:47.284901 11978 file_cache.cc:401] Constructed file cache lbm with capacity 26214
W0309 05:01:47.285377 11978 fs_manager.cc:516] Unable to read directory: Not found: /tmp/run_tha_testqZCu3D/test-tmp/raft_consensus-itest.RaftConsensusITest.TestConfigChangeUnderLoad.1489035705678289-11738/raft_consensus-itest-cluster/ts-1/data: No such file or directory (error 2)
W0309 05:01:47.285599 11978 fs_manager.cc:525] could not check and fix permissions for path: /tmp/run_tha_testqZCu3D/test-tmp/raft_consensus-itest.RaftConsensusITest.TestConfigChangeUnderLoad.1489035705678289-11738/raft_consensus-itest-cluster/ts-1/data: Not found: stat: No such file or directory (error 2)
I0309 05:01:47.285861 11978 server_base.cc:213] Could not load existing FS layout: Not found: /tmp/run_tha_testqZCu3D/test-tmp/raft_consensus-itest.RaftConsensusITest.TestConfigChangeUnderLoad.1489035705678289-11738/raft_consensus-itest-cluster/ts-1/data/instance: No such file or directory (error 2)
I0309 05:01:47.285996 11978 server_base.cc:214] Creating new FS layout
I0309 05:01:47.294281 11978 fs_manager.cc:370] Generated new instance metadata in path /tmp/run_tha_testqZCu3D/test-tmp/raft_consensus-itest.RaftConsensusITest.TestConfigChangeUnderLoad.1489035705678289-11738/raft_consensus-itest-cluster/ts-1/data/instance:
uuid: "59588243fc704141a4474aa07ae0e893"
format_stamp: "Formatted at 2017-03-09 05:01:47 on dist-test-slave-dist-test-slave-t97d"
I0309 05:01:47.307204 11978 fs_manager.cc:256] Time spent opening block manager: real 0.005s	user 0.004s	sys 0.004s
I0309 05:01:47.307358 11978 fs_manager.cc:259] Opened local filesystem: /tmp/run_tha_testqZCu3D/test-tmp/raft_consensus-itest.RaftConsensusITest.TestConfigChangeUnderLoad.1489035705678289-11738/raft_consensus-itest-cluster/ts-1/data
uuid: "59588243fc704141a4474aa07ae0e893"
format_stamp: "Formatted at 2017-03-09 05:01:47 on dist-test-slave-dist-test-slave-t97d"
I0309 05:01:47.554303 11978 tablet_server_main.cc:76] Starting tablet server...
I0309 05:01:47.679015 11978 rpc_server.cc:164] RPC server started. Bound to: 127.45.218.1:56326
I0309 05:01:47.680227 11978 webserver.cc:133] Starting webserver on 127.45.218.1:0
I0309 05:01:47.680341 11978 webserver.cc:144] Document root disabled
I0309 05:01:47.681931 11978 webserver.cc:260] Webserver started. Bound to: http://127.45.218.1:36968/
I0309 05:01:47.682664 11978 server_base.cc:356] Dumped server information to /tmp/run_tha_testqZCu3D/test-tmp/raft_consensus-itest.RaftConsensusITest.TestConfigChangeUnderLoad.1489035705678289-11738/raft_consensus-itest-cluster/ts-1/data/info.pb
I0309 05:01:47.691032 11738 external_mini_cluster.cc:738] Started /tmp/run_tha_testqZCu3D/build/tsan/bin/kudu-tserver as pid 11978
I0309 05:01:47.692088 11738 external_mini_cluster.cc:693] Running /tmp/run_tha_testqZCu3D/build/tsan/bin/kudu-tserver
kudu-tserver
--fs_wal_dir=/tmp/run_tha_testqZCu3D/test-tmp/raft_consensus-itest.RaftConsensusITest.TestConfigChangeUnderLoad.1489035705678289-11738/raft_consensus-itest-cluster/ts-2/data
--fs_data_dirs=/tmp/run_tha_testqZCu3D/test-tmp/raft_consensus-itest.RaftConsensusITest.TestConfigChangeUnderLoad.1489035705678289-11738/raft_consensus-itest-cluster/ts-2/data
--rpc_bind_addresses=127.45.218.2:0
--local_ip_for_outbound_sockets=127.45.218.2
--webserver_interface=127.45.218.2
--webserver_port=0
--tserver_master_addrs=127.0.0.1:55195
--never_fsync
--ipki_server_key_size=1024
--enable_minidumps=false
--redact=flag
--metrics_log_interval_ms=1000
--logtostderr
--logbuflevel=-1
--log_dir=/tmp/run_tha_testqZCu3D/test-tmp/raft_consensus-itest.RaftConsensusITest.TestConfigChangeUnderLoad.1489035705678289-11738/raft_consensus-itest-cluster/ts-2/logs
--server_dump_info_path=/tmp/run_tha_testqZCu3D/test-tmp/raft_consensus-itest.RaftConsensusITest.TestConfigChangeUnderLoad.1489035705678289-11738/raft_consensus-itest-cluster/ts-2/data/info.pb
--server_dump_info_format=pb
--rpc_server_allow_ephemeral_ports
--unlock_experimental_flags
--unlock_unsafe_flags
--enable_leader_failure_detection=false with env {}
I0309 05:01:47.694995 11978 tablet_server_main.cc:79] Tablet server successfully started.
I0309 05:01:47.717456 12099 heartbeater.cc:291] Connected to a master server at 127.0.0.1:55195
I0309 05:01:47.717811 12099 heartbeater.cc:361] Registering TS with master...
I0309 05:01:47.718379 12099 heartbeater.cc:391] Master 127.0.0.1:55195 requested a full tablet report, sending...
I0309 05:01:47.720317 11778 ts_manager.cc:78] Registered new tserver with Master: 59588243fc704141a4474aa07ae0e893 (127.45.218.1:56326)
I0309 05:01:47.721412 11778 master_service.cc:189] Signed X509 certificate for tserver {username='slave'} at 127.45.218.1:40881
WARNING: Logging before InitGoogleLogging() is written to STDERR
W0309 05:01:47.803439 12103 flags.cc:393] Enabled unsafe flag: --enable_leader_failure_detection=false
W0309 05:01:47.803869 12103 flags.cc:393] Enabled unsafe flag: --rpc_server_allow_ephemeral_ports=true
W0309 05:01:47.804131 12103 flags.cc:393] Enabled unsafe flag: --never_fsync=true
W0309 05:01:47.822499 12103 flags.cc:393] Enabled experimental flag: --ipki_server_key_size=1024
W0309 05:01:47.823199 12103 flags.cc:393] Enabled experimental flag: --local_ip_for_outbound_sockets=127.45.218.2
I0309 05:01:47.843449 12103 tablet_server_main.cc:64] Tablet server non-default flags:
--log_dir=/tmp/run_tha_testqZCu3D/test-tmp/raft_consensus-itest.RaftConsensusITest.TestConfigChangeUnderLoad.1489035705678289-11738/raft_consensus-itest-cluster/ts-2/logs
--logbuflevel=-1
--logtostderr=true
--enable_leader_failure_detection=false
--fs_data_dirs=/tmp/run_tha_testqZCu3D/test-tmp/raft_consensus-itest.RaftConsensusITest.TestConfigChangeUnderLoad.1489035705678289-11738/raft_consensus-itest-cluster/ts-2/data
--fs_wal_dir=/tmp/run_tha_testqZCu3D/test-tmp/raft_consensus-itest.RaftConsensusITest.TestConfigChangeUnderLoad.1489035705678289-11738/raft_consensus-itest-cluster/ts-2/data
--ipki_server_key_size=1024
--rpc_bind_addresses=127.45.218.2:0
--rpc_server_allow_ephemeral_ports=true
--metrics_log_interval_ms=1000
--server_dump_info_format=pb
--server_dump_info_path=/tmp/run_tha_testqZCu3D/test-tmp/raft_consensus-itest.RaftConsensusITest.TestConfigChangeUnderLoad.1489035705678289-11738/raft_consensus-itest-cluster/ts-2/data/info.pb
--webserver_interface=127.45.218.2
--webserver_port=0
--tserver_master_addrs=127.0.0.1:55195
--never_fsync=true
--heap_profile_path=/tmp/kudu-tserver.12103
--redact=flag
--unlock_experimental_flags=true
--unlock_unsafe_flags=true
--enable_minidumps=false
--local_ip_for_outbound_sockets=127.45.218.2
Tablet server version:
kudu 1.4.0-SNAPSHOT
revision f24307db4deda6e9da037514afc5573f1231cdfb-dirty
build type DEBUG
built by awong at 08 Mar 2017 20:45:43 PST on ve0518.halxg.cloudera.com
TSAN enabled
I0309 05:01:47.844267 12103 mem_tracker.cc:140] MemTracker: hard memory limit is 11.777661 GB
I0309 05:01:47.844385 12103 mem_tracker.cc:142] MemTracker: soft memory limit is 7.066597 GB
I0309 05:01:47.856626 12103 tablet_server_main.cc:71] Initializing tablet server...
I0309 05:01:47.858685 12103 hybrid_clock.cc:177] HybridClock initialized. Resolution in nanos?: 1 Wait times tolerance adjustment: 1.0005 Current error: 66671
I0309 05:01:47.865007 12103 env_posix.cc:1313] Not raising process file limit of 65536; it is already as high as it can go
I0309 05:01:47.865470 12103 file_cache.cc:401] Constructed file cache lbm with capacity 26214
W0309 05:01:47.865942 12103 fs_manager.cc:516] Unable to read directory: Not found: /tmp/run_tha_testqZCu3D/test-tmp/raft_consensus-itest.RaftConsensusITest.TestConfigChangeUnderLoad.1489035705678289-11738/raft_consensus-itest-cluster/ts-2/data: No such file or directory (error 2)
W0309 05:01:47.866122 12103 fs_manager.cc:525] could not check and fix permissions for path: /tmp/run_tha_testqZCu3D/test-tmp/raft_consensus-itest.RaftConsensusITest.TestConfigChangeUnderLoad.1489035705678289-11738/raft_consensus-itest-cluster/ts-2/data: Not found: stat: No such file or directory (error 2)
I0309 05:01:47.866369 12103 server_base.cc:213] Could not load existing FS layout: Not found: /tmp/run_tha_testqZCu3D/test-tmp/raft_consensus-itest.RaftConsensusITest.TestConfigChangeUnderLoad.1489035705678289-11738/raft_consensus-itest-cluster/ts-2/data/instance: No such file or directory (error 2)
I0309 05:01:47.866482 12103 server_base.cc:214] Creating new FS layout
I0309 05:01:47.874455 12103 fs_manager.cc:370] Generated new instance metadata in path /tmp/run_tha_testqZCu3D/test-tmp/raft_consensus-itest.RaftConsensusITest.TestConfigChangeUnderLoad.1489035705678289-11738/raft_consensus-itest-cluster/ts-2/data/instance:
uuid: "c277cf312b0340b294554b532ba7d1fa"
format_stamp: "Formatted at 2017-03-09 05:01:47 on dist-test-slave-dist-test-slave-t97d"
I0309 05:01:47.886438 12103 fs_manager.cc:256] Time spent opening block manager: real 0.004s	user 0.000s	sys 0.004s
I0309 05:01:47.886584 12103 fs_manager.cc:259] Opened local filesystem: /tmp/run_tha_testqZCu3D/test-tmp/raft_consensus-itest.RaftConsensusITest.TestConfigChangeUnderLoad.1489035705678289-11738/raft_consensus-itest-cluster/ts-2/data
uuid: "c277cf312b0340b294554b532ba7d1fa"
format_stamp: "Formatted at 2017-03-09 05:01:47 on dist-test-slave-dist-test-slave-t97d"
I0309 05:01:48.098951 12103 tablet_server_main.cc:76] Starting tablet server...
I0309 05:01:48.145740 11974 heartbeater.cc:383] Master 127.0.0.1:55195 was elected leader, sending a full tablet report...
I0309 05:01:48.209457 12103 rpc_server.cc:164] RPC server started. Bound to: 127.45.218.2:37066
I0309 05:01:48.210747 12103 webserver.cc:133] Starting webserver on 127.45.218.2:0
I0309 05:01:48.210865 12103 webserver.cc:144] Document root disabled
I0309 05:01:48.212242 12103 webserver.cc:260] Webserver started. Bound to: http://127.45.218.2:37211/
I0309 05:01:48.213001 12103 server_base.cc:356] Dumped server information to /tmp/run_tha_testqZCu3D/test-tmp/raft_consensus-itest.RaftConsensusITest.TestConfigChangeUnderLoad.1489035705678289-11738/raft_consensus-itest-cluster/ts-2/data/info.pb
I0309 05:01:48.215339 11738 external_mini_cluster.cc:738] Started /tmp/run_tha_testqZCu3D/build/tsan/bin/kudu-tserver as pid 12103
I0309 05:01:48.229770 12103 tablet_server_main.cc:79] Tablet server successfully started.
I0309 05:01:48.246812 12224 heartbeater.cc:291] Connected to a master server at 127.0.0.1:55195
I0309 05:01:48.247069 12224 heartbeater.cc:361] Registering TS with master...
I0309 05:01:48.247512 12224 heartbeater.cc:391] Master 127.0.0.1:55195 requested a full tablet report, sending...
I0309 05:01:48.249449 11778 ts_manager.cc:78] Registered new tserver with Master: c277cf312b0340b294554b532ba7d1fa (127.45.218.2:37066)
I0309 05:01:48.250560 11778 master_service.cc:189] Signed X509 certificate for tserver {username='slave'} at 127.45.218.2:44612
I0309 05:01:48.252215 11738 external_mini_cluster.cc:413] 3 TS(s) registered with all masters
I0309 05:01:48.279983 11778 catalog_manager.cc:1149] CreateTable from {username='slave'} at 127.0.0.1:46644:
name: "TestTable"
schema {
  columns {
    name: "key"
    type: INT32
    is_key: true
    is_nullable: false
    encoding: AUTO_ENCODING
    compression: DEFAULT_COMPRESSION
    cfile_block_size: 0
  }
  columns {
    name: "int_val"
    type: INT32
    is_key: false
    is_nullable: false
    encoding: AUTO_ENCODING
    compression: DEFAULT_COMPRESSION
    cfile_block_size: 0
  }
  columns {
    name: "string_val"
    type: STRING
    is_key: false
    is_nullable: true
    encoding: AUTO_ENCODING
    compression: DEFAULT_COMPRESSION
    cfile_block_size: 0
  }
}
num_replicas: 3
split_rows_range_bounds {
}
partition_schema {
  range_schema {
    columns {
      name: "key"
    }
  }
}
I0309 05:01:48.322171 12161 tablet_service.cc:650] Processing CreateTablet for tablet c45277035d7d48189b768c350938f0af (table=TestTable [id=393160a46f034b038429d9f92476b9cc]), partition=RANGE (key) PARTITION UNBOUNDED
I0309 05:01:48.338680 12161 ts_tablet_manager.cc:862] T c45277035d7d48189b768c350938f0af P c277cf312b0340b294554b532ba7d1fa: Registered tablet (data state: TABLET_DATA_READY)
I0309 05:01:48.339151 12036 tablet_service.cc:650] Processing CreateTablet for tablet c45277035d7d48189b768c350938f0af (table=TestTable [id=393160a46f034b038429d9f92476b9cc]), partition=RANGE (key) PARTITION UNBOUNDED
I0309 05:01:48.360400 12036 ts_tablet_manager.cc:862] T c45277035d7d48189b768c350938f0af P 59588243fc704141a4474aa07ae0e893: Registered tablet (data state: TABLET_DATA_READY)
I0309 05:01:48.363464 12241 ts_tablet_manager.cc:723] T c45277035d7d48189b768c350938f0af P c277cf312b0340b294554b532ba7d1fa: Bootstrapping tablet
I0309 05:01:48.368201 12241 tablet_bootstrap.cc:382] T c45277035d7d48189b768c350938f0af P c277cf312b0340b294554b532ba7d1fa: Bootstrap starting.
I0309 05:01:48.369788 11911 tablet_service.cc:650] Processing CreateTablet for tablet c45277035d7d48189b768c350938f0af (table=TestTable [id=393160a46f034b038429d9f92476b9cc]), partition=RANGE (key) PARTITION UNBOUNDED
I0309 05:01:48.372040 12241 tablet_bootstrap.cc:541] T c45277035d7d48189b768c350938f0af P c277cf312b0340b294554b532ba7d1fa: Time spent opening tablet: real 0.001s	user 0.000s	sys 0.000s
I0309 05:01:48.372629 12241 tablet_bootstrap.cc:484] T c45277035d7d48189b768c350938f0af P c277cf312b0340b294554b532ba7d1fa: No blocks or log segments found. Creating new log.
I0309 05:01:48.375206 12241 log.cc:381] T c45277035d7d48189b768c350938f0af P c277cf312b0340b294554b532ba7d1fa: Log is configured to *not* fsync() on all Append() calls
I0309 05:01:48.378531 12242 ts_tablet_manager.cc:723] T c45277035d7d48189b768c350938f0af P 59588243fc704141a4474aa07ae0e893: Bootstrapping tablet
I0309 05:01:48.382853 12242 tablet_bootstrap.cc:382] T c45277035d7d48189b768c350938f0af P 59588243fc704141a4474aa07ae0e893: Bootstrap starting.
I0309 05:01:48.386909 11911 ts_tablet_manager.cc:862] T c45277035d7d48189b768c350938f0af P e025649508cc4de7a0397ec0f359e8f7: Registered tablet (data state: TABLET_DATA_READY)
I0309 05:01:48.388948 12242 tablet_bootstrap.cc:541] T c45277035d7d48189b768c350938f0af P 59588243fc704141a4474aa07ae0e893: Time spent opening tablet: real 0.001s	user 0.004s	sys 0.000s
I0309 05:01:48.389498 12242 tablet_bootstrap.cc:484] T c45277035d7d48189b768c350938f0af P 59588243fc704141a4474aa07ae0e893: No blocks or log segments found. Creating new log.
I0309 05:01:48.391149 12242 log.cc:381] T c45277035d7d48189b768c350938f0af P 59588243fc704141a4474aa07ae0e893: Log is configured to *not* fsync() on all Append() calls
I0309 05:01:48.393651 12241 tablet_bootstrap.cc:382] T c45277035d7d48189b768c350938f0af P c277cf312b0340b294554b532ba7d1fa: No bootstrap required, opened a new log
I0309 05:01:48.394073 12241 ts_tablet_manager.cc:728] T c45277035d7d48189b768c350938f0af P c277cf312b0340b294554b532ba7d1fa: Time spent bootstrapping tablet: real 0.030s	user 0.016s	sys 0.012s
I0309 05:01:48.394346 12245 ts_tablet_manager.cc:723] T c45277035d7d48189b768c350938f0af P e025649508cc4de7a0397ec0f359e8f7: Bootstrapping tablet
I0309 05:01:48.398519 12245 tablet_bootstrap.cc:382] T c45277035d7d48189b768c350938f0af P e025649508cc4de7a0397ec0f359e8f7: Bootstrap starting.
I0309 05:01:48.398926 12241 raft_consensus.cc:288] T c45277035d7d48189b768c350938f0af P c277cf312b0340b294554b532ba7d1fa [term 0 FOLLOWER]: Replica starting. Triggering 0 pending transactions. Active config: opid_index: -1 OBSOLETE_local: false peers { permanent_uuid: "59588243fc704141a4474aa07ae0e893" member_type: VOTER last_known_addr { host: "127.45.218.1" port: 56326 } } peers { permanent_uuid: "c277cf312b0340b294554b532ba7d1fa" member_type: VOTER last_known_addr { host: "127.45.218.2" port: 37066 } } peers { permanent_uuid: "e025649508cc4de7a0397ec0f359e8f7" member_type: VOTER last_known_addr { host: "127.45.218.0" port: 42807 } }
I0309 05:01:48.399587 12241 raft_consensus.cc:548] T c45277035d7d48189b768c350938f0af P c277cf312b0340b294554b532ba7d1fa [term 0 FOLLOWER]: Becoming Follower/Learner. State: Replica: c277cf312b0340b294554b532ba7d1fa, State: 1, Role: FOLLOWER
I0309 05:01:48.399843 12241 consensus_queue.cc:176] T c45277035d7d48189b768c350938f0af P c277cf312b0340b294554b532ba7d1fa [NON_LEADER]: Queue going to NON_LEADER mode. State: All replicated index: 0, Majority replicated index: 0, Committed index: 0, Last appended: 0.0, Current term: 0, Majority size: -1, State: 1, Mode: NON_LEADER
I0309 05:01:48.401820 12245 tablet_bootstrap.cc:541] T c45277035d7d48189b768c350938f0af P e025649508cc4de7a0397ec0f359e8f7: Time spent opening tablet: real 0.000s	user 0.000s	sys 0.000s
I0309 05:01:48.402318 12245 tablet_bootstrap.cc:484] T c45277035d7d48189b768c350938f0af P e025649508cc4de7a0397ec0f359e8f7: No blocks or log segments found. Creating new log.
I0309 05:01:48.403533 12242 tablet_bootstrap.cc:382] T c45277035d7d48189b768c350938f0af P 59588243fc704141a4474aa07ae0e893: No bootstrap required, opened a new log
I0309 05:01:48.404117 12242 ts_tablet_manager.cc:728] T c45277035d7d48189b768c350938f0af P 59588243fc704141a4474aa07ae0e893: Time spent bootstrapping tablet: real 0.025s	user 0.012s	sys 0.008s
I0309 05:01:48.406723 12224 heartbeater.cc:383] Master 127.0.0.1:55195 was elected leader, sending a full tablet report...
I0309 05:01:48.407171 12245 log.cc:381] T c45277035d7d48189b768c350938f0af P e025649508cc4de7a0397ec0f359e8f7: Log is configured to *not* fsync() on all Append() calls
I0309 05:01:48.408246 12241 ts_tablet_manager.cc:755] T c45277035d7d48189b768c350938f0af P c277cf312b0340b294554b532ba7d1fa: Time spent starting tablet: real 0.014s	user 0.000s	sys 0.012s
I0309 05:01:48.410543 12242 raft_consensus.cc:288] T c45277035d7d48189b768c350938f0af P 59588243fc704141a4474aa07ae0e893 [term 0 FOLLOWER]: Replica starting. Triggering 0 pending transactions. Active config: opid_index: -1 OBSOLETE_local: false peers { permanent_uuid: "59588243fc704141a4474aa07ae0e893" member_type: VOTER last_known_addr { host: "127.45.218.1" port: 56326 } } peers { permanent_uuid: "c277cf312b0340b294554b532ba7d1fa" member_type: VOTER last_known_addr { host: "127.45.218.2" port: 37066 } } peers { permanent_uuid: "e025649508cc4de7a0397ec0f359e8f7" member_type: VOTER last_known_addr { host: "127.45.218.0" port: 42807 } }
I0309 05:01:48.411603 12242 raft_consensus.cc:548] T c45277035d7d48189b768c350938f0af P 59588243fc704141a4474aa07ae0e893 [term 0 FOLLOWER]: Becoming Follower/Learner. State: Replica: 59588243fc704141a4474aa07ae0e893, State: 1, Role: FOLLOWER
I0309 05:01:48.411979 12242 consensus_queue.cc:176] T c45277035d7d48189b768c350938f0af P 59588243fc704141a4474aa07ae0e893 [NON_LEADER]: Queue going to NON_LEADER mode. State: All replicated index: 0, Majority replicated index: 0, Committed index: 0, Last appended: 0.0, Current term: 0, Majority size: -1, State: 1, Mode: NON_LEADER
I0309 05:01:48.415371 12099 heartbeater.cc:383] Master 127.0.0.1:55195 was elected leader, sending a full tablet report...
I0309 05:01:48.417155 12245 tablet_bootstrap.cc:382] T c45277035d7d48189b768c350938f0af P e025649508cc4de7a0397ec0f359e8f7: No bootstrap required, opened a new log
I0309 05:01:48.417562 12245 ts_tablet_manager.cc:728] T c45277035d7d48189b768c350938f0af P e025649508cc4de7a0397ec0f359e8f7: Time spent bootstrapping tablet: real 0.023s	user 0.012s	sys 0.004s
I0309 05:01:48.417562 12242 ts_tablet_manager.cc:755] T c45277035d7d48189b768c350938f0af P 59588243fc704141a4474aa07ae0e893: Time spent starting tablet: real 0.013s	user 0.008s	sys 0.004s
I0309 05:01:48.421927 12245 raft_consensus.cc:288] T c45277035d7d48189b768c350938f0af P e025649508cc4de7a0397ec0f359e8f7 [term 0 FOLLOWER]: Replica starting. Triggering 0 pending transactions. Active config: opid_index: -1 OBSOLETE_local: false peers { permanent_uuid: "59588243fc704141a4474aa07ae0e893" member_type: VOTER last_known_addr { host: "127.45.218.1" port: 56326 } } peers { permanent_uuid: "c277cf312b0340b294554b532ba7d1fa" member_type: VOTER last_known_addr { host: "127.45.218.2" port: 37066 } } peers { permanent_uuid: "e025649508cc4de7a0397ec0f359e8f7" member_type: VOTER last_known_addr { host: "127.45.218.0" port: 42807 } }
I0309 05:01:48.422600 12245 raft_consensus.cc:548] T c45277035d7d48189b768c350938f0af P e025649508cc4de7a0397ec0f359e8f7 [term 0 FOLLOWER]: Becoming Follower/Learner. State: Replica: e025649508cc4de7a0397ec0f359e8f7, State: 1, Role: FOLLOWER
I0309 05:01:48.422870 12245 consensus_queue.cc:176] T c45277035d7d48189b768c350938f0af P e025649508cc4de7a0397ec0f359e8f7 [NON_LEADER]: Queue going to NON_LEADER mode. State: All replicated index: 0, Majority replicated index: 0, Committed index: 0, Last appended: 0.0, Current term: 0, Majority size: -1, State: 1, Mode: NON_LEADER
