I0309 05:01:48.431788 11738 external_mini_cluster.cc:413] 3 TS(s) registered with all masters
I0309 05:01:48.432557 12245 ts_tablet_manager.cc:755] T c45277035d7d48189b768c350938f0af P e025649508cc4de7a0397ec0f359e8f7: Time spent starting tablet: real 0.015s	user 0.004s	sys 0.008s
I0309 05:01:48.435854 11738 ts_itest-base.h:205] Waiting for 1 tablets on tserver e025649508cc4de7a0397ec0f359e8f7 to finish bootstrapping
I0309 05:01:48.448284 11738 ts_itest-base.h:205] Waiting for 1 tablets on tserver 59588243fc704141a4474aa07ae0e893 to finish bootstrapping
I0309 05:01:48.457885 11738 ts_itest-base.h:205] Waiting for 1 tablets on tserver c277cf312b0340b294554b532ba7d1fa to finish bootstrapping
I0309 05:01:48.477053 11931 raft_consensus.cc:411] T c45277035d7d48189b768c350938f0af P e025649508cc4de7a0397ec0f359e8f7 [term 0 FOLLOWER]: Starting forced leader election (received explicit request)
I0309 05:01:48.477298 11931 raft_consensus.cc:2206] T c45277035d7d48189b768c350938f0af P e025649508cc4de7a0397ec0f359e8f7 [term 0 FOLLOWER]: Advancing to term 1
I0309 05:01:48.479929 11931 raft_consensus.cc:435] T c45277035d7d48189b768c350938f0af P e025649508cc4de7a0397ec0f359e8f7 [term 1 FOLLOWER]: Starting forced leader election with config: opid_index: -1 OBSOLETE_local: false peers { permanent_uuid: "59588243fc704141a4474aa07ae0e893" member_type: VOTER last_known_addr { host: "127.45.218.1" port: 56326 } } peers { permanent_uuid: "c277cf312b0340b294554b532ba7d1fa" member_type: VOTER last_known_addr { host: "127.45.218.2" port: 37066 } } peers { permanent_uuid: "e025649508cc4de7a0397ec0f359e8f7" member_type: VOTER last_known_addr { host: "127.45.218.0" port: 42807 } }
I0309 05:01:48.481014 11931 leader_election.cc:216] T c45277035d7d48189b768c350938f0af P e025649508cc4de7a0397ec0f359e8f7 [CANDIDATE]: Term 1 election: Requesting vote from peer 59588243fc704141a4474aa07ae0e893
I0309 05:01:48.481401 11931 leader_election.cc:216] T c45277035d7d48189b768c350938f0af P e025649508cc4de7a0397ec0f359e8f7 [CANDIDATE]: Term 1 election: Requesting vote from peer c277cf312b0340b294554b532ba7d1fa
I0309 05:01:48.495076 12181 raft_consensus.cc:2206] T c45277035d7d48189b768c350938f0af P c277cf312b0340b294554b532ba7d1fa [term 0 FOLLOWER]: Advancing to term 1
I0309 05:01:48.498600 12056 raft_consensus.cc:2206] T c45277035d7d48189b768c350938f0af P 59588243fc704141a4474aa07ae0e893 [term 0 FOLLOWER]: Advancing to term 1
I0309 05:01:48.499392 12181 raft_consensus.cc:1747] T c45277035d7d48189b768c350938f0af P c277cf312b0340b294554b532ba7d1fa [term 1 FOLLOWER]: Leader election vote request: Granting yes vote for candidate e025649508cc4de7a0397ec0f359e8f7 in term 1.
I0309 05:01:48.500891 11853 leader_election.cc:348] T c45277035d7d48189b768c350938f0af P e025649508cc4de7a0397ec0f359e8f7 [CANDIDATE]: Term 1 election: Vote granted by peer c277cf312b0340b294554b532ba7d1fa
I0309 05:01:48.501209 11853 leader_election.cc:243] T c45277035d7d48189b768c350938f0af P e025649508cc4de7a0397ec0f359e8f7 [CANDIDATE]: Term 1 election: Election decided. Result: candidate won.
I0309 05:01:48.501792 12252 raft_consensus.cc:1971] T c45277035d7d48189b768c350938f0af P e025649508cc4de7a0397ec0f359e8f7 [term 1 FOLLOWER]: Leader election won for term 1
I0309 05:01:48.502491 12056 raft_consensus.cc:1747] T c45277035d7d48189b768c350938f0af P 59588243fc704141a4474aa07ae0e893 [term 1 FOLLOWER]: Leader election vote request: Granting yes vote for candidate e025649508cc4de7a0397ec0f359e8f7 in term 1.
I0309 05:01:48.503535 12252 raft_consensus.cc:518] T c45277035d7d48189b768c350938f0af P e025649508cc4de7a0397ec0f359e8f7 [term 1 LEADER]: Becoming Leader. State: Replica: e025649508cc4de7a0397ec0f359e8f7, State: 1, Role: LEADER
I0309 05:01:48.504001 12252 consensus_queue.cc:158] T c45277035d7d48189b768c350938f0af P e025649508cc4de7a0397ec0f359e8f7 [LEADER]: Queue going to LEADER mode. State: All replicated index: 0, Majority replicated index: 0, Committed index: 0, Last appended: 0.0, Current term: 1, Majority size: 2, State: 1, Mode: LEADER, active raft config: opid_index: -1 OBSOLETE_local: false peers { permanent_uuid: "59588243fc704141a4474aa07ae0e893" member_type: VOTER last_known_addr { host: "127.45.218.1" port: 56326 } } peers { permanent_uuid: "c277cf312b0340b294554b532ba7d1fa" member_type: VOTER last_known_addr { host: "127.45.218.2" port: 37066 } } peers { permanent_uuid: "e025649508cc4de7a0397ec0f359e8f7" member_type: VOTER last_known_addr { host: "127.45.218.0" port: 42807 } }
I0309 05:01:48.520826 11738 cluster_itest_util.cc:186] Not converged past 1 yet: 0.0 0.0 0.0
I0309 05:01:48.505115 11831 leader_election.cc:348] T c45277035d7d48189b768c350938f0af P e025649508cc4de7a0397ec0f359e8f7 [CANDIDATE]: Term 1 election: Vote granted by peer 59588243fc704141a4474aa07ae0e893
W0309 05:01:48.665323 11831 outbound_call.cc:206] RPC callback for RPC call kudu.consensus.ConsensusService.RequestConsensusVote -> {remote=127.45.218.1:56326, user_credentials={real_user=slave}} blocked reactor thread for 160382us
I0309 05:01:48.680306 11776 catalog_manager.cc:2414] T c45277035d7d48189b768c350938f0af reported consensus state change: term changed from 0 to 1, leader changed from <none> to e025649508cc4de7a0397ec0f359e8f7 (127.45.218.0). New consensus state: current_term: 1 leader_uuid: "e025649508cc4de7a0397ec0f359e8f7" config { opid_index: -1 OBSOLETE_local: false peers { permanent_uuid: "59588243fc704141a4474aa07ae0e893" member_type: VOTER last_known_addr { host: "127.45.218.1" port: 56326 } } peers { permanent_uuid: "c277cf312b0340b294554b532ba7d1fa" member_type: VOTER last_known_addr { host: "127.45.218.2" port: 37066 } } peers { permanent_uuid: "e025649508cc4de7a0397ec0f359e8f7" member_type: VOTER last_known_addr { host: "127.45.218.0" port: 42807 } } }
I0309 05:01:48.683311 11738 cluster_itest_util.cc:186] Not converged past 1 yet: 1.1 0.0 0.0
I0309 05:01:48.889806 11738 cluster_itest_util.cc:186] Not converged past 1 yet: 1.1 0.0 0.0
I0309 05:01:49.168125 12056 raft_consensus.cc:918] T c45277035d7d48189b768c350938f0af P 59588243fc704141a4474aa07ae0e893 [term 1 FOLLOWER]: Refusing update from remote peer e025649508cc4de7a0397ec0f359e8f7: Log matching property violated. Preceding OpId in replica: term: 0 index: 0. Preceding OpId from leader: term: 1 index: 1. (index mismatch)
I0309 05:01:49.169414 12181 raft_consensus.cc:918] T c45277035d7d48189b768c350938f0af P c277cf312b0340b294554b532ba7d1fa [term 1 FOLLOWER]: Refusing update from remote peer e025649508cc4de7a0397ec0f359e8f7: Log matching property violated. Preceding OpId in replica: term: 0 index: 0. Preceding OpId from leader: term: 1 index: 1. (index mismatch)
I0309 05:01:49.169946 12256 consensus_queue.cc:701] T c45277035d7d48189b768c350938f0af P e025649508cc4de7a0397ec0f359e8f7 [LEADER]: Connected to new peer: Peer: 59588243fc704141a4474aa07ae0e893, Is new: false, Last received: 0.0, Next index: 1, Last known committed idx: 0, Last exchange result: ERROR, Needs tablet copy: false
I0309 05:01:49.171103 12252 consensus_queue.cc:701] T c45277035d7d48189b768c350938f0af P e025649508cc4de7a0397ec0f359e8f7 [LEADER]: Connected to new peer: Peer: c277cf312b0340b294554b532ba7d1fa, Is new: false, Last received: 0.0, Next index: 1, Last known committed idx: 0, Last exchange result: ERROR, Needs tablet copy: false
I0309 05:01:49.196662 11738 raft_consensus-itest.cc:2166] Starting write workload...
I0309 05:01:49.255194 11738 raft_consensus-itest.cc:2181] Removing servers...
I0309 05:01:49.255417 11738 raft_consensus-itest.cc:2186] Remove: Going from 3 to 2 replicas
I0309 05:01:49.255585 11738 raft_consensus-itest.cc:2189] Removing tserver with uuid c277cf312b0340b294554b532ba7d1fa
I0309 05:01:49.278254 11931 consensus_peers.cc:381] T c45277035d7d48189b768c350938f0af P e025649508cc4de7a0397ec0f359e8f7 -> Peer c277cf312b0340b294554b532ba7d1fa (127.45.218.2:37066): Closing peer: c277cf312b0340b294554b532ba7d1fa
I0309 05:01:49.279250 11931 consensus_peers.cc:381] T c45277035d7d48189b768c350938f0af P e025649508cc4de7a0397ec0f359e8f7 -> Peer 59588243fc704141a4474aa07ae0e893 (127.45.218.1:56326): Closing peer: 59588243fc704141a4474aa07ae0e893
I0309 05:01:49.279582 11931 consensus_queue.cc:158] T c45277035d7d48189b768c350938f0af P e025649508cc4de7a0397ec0f359e8f7 [LEADER]: Queue going to LEADER mode. State: All replicated index: 4, Majority replicated index: 4, Committed index: 4, Last appended: 1.5, Current term: 1, Majority size: 2, State: 1, Mode: LEADER, active raft config: opid_index: 6 OBSOLETE_local: false peers { permanent_uuid: "59588243fc704141a4474aa07ae0e893" member_type: VOTER last_known_addr { host: "127.45.218.1" port: 56326 } } peers { permanent_uuid: "e025649508cc4de7a0397ec0f359e8f7" member_type: VOTER last_known_addr { host: "127.45.218.0" port: 42807 } }
I0309 05:01:49.287135 12056 raft_consensus.cc:918] T c45277035d7d48189b768c350938f0af P 59588243fc704141a4474aa07ae0e893 [term 1 FOLLOWER]: Refusing update from remote peer e025649508cc4de7a0397ec0f359e8f7: Log matching property violated. Preceding OpId in replica: term: 1 index: 5. Preceding OpId from leader: term: 1 index: 6. (index mismatch)
I0309 05:01:49.288621 12252 consensus_queue.cc:701] T c45277035d7d48189b768c350938f0af P e025649508cc4de7a0397ec0f359e8f7 [LEADER]: Connected to new peer: Peer: 59588243fc704141a4474aa07ae0e893, Is new: false, Last received: 1.5, Next index: 6, Last known committed idx: 4, Last exchange result: ERROR, Needs tablet copy: false
I0309 05:01:49.297714 12259 raft_consensus.cc:2100] T c45277035d7d48189b768c350938f0af P e025649508cc4de7a0397ec0f359e8f7 [term 1 LEADER]: Committing config change with OpId 1.6: config changed from index -1 to 6, VOTER c277cf312b0340b294554b532ba7d1fa (127.45.218.2) evicted. New config: { opid_index: 6 OBSOLETE_local: false peers { permanent_uuid: "59588243fc704141a4474aa07ae0e893" member_type: VOTER last_known_addr { host: "127.45.218.1" port: 56326 } } peers { permanent_uuid: "e025649508cc4de7a0397ec0f359e8f7" member_type: VOTER last_known_addr { host: "127.45.218.0" port: 42807 } } }
I0309 05:01:49.300345 12056 raft_consensus.cc:2100] T c45277035d7d48189b768c350938f0af P 59588243fc704141a4474aa07ae0e893 [term 1 FOLLOWER]: Committing config change with OpId 1.6: config changed from index -1 to 6, VOTER c277cf312b0340b294554b532ba7d1fa (127.45.218.2) evicted. New config: { opid_index: 6 OBSOLETE_local: false peers { permanent_uuid: "59588243fc704141a4474aa07ae0e893" member_type: VOTER last_known_addr { host: "127.45.218.1" port: 56326 } } peers { permanent_uuid: "e025649508cc4de7a0397ec0f359e8f7" member_type: VOTER last_known_addr { host: "127.45.218.0" port: 42807 } } }
I0309 05:01:49.311854 11775 catalog_manager.cc:2414] T c45277035d7d48189b768c350938f0af reported consensus state change: config changed from index -1 to 6, VOTER c277cf312b0340b294554b532ba7d1fa (127.45.218.2) evicted. New consensus state: current_term: 1 leader_uuid: "e025649508cc4de7a0397ec0f359e8f7" config { opid_index: 6 OBSOLETE_local: false peers { permanent_uuid: "59588243fc704141a4474aa07ae0e893" member_type: VOTER last_known_addr { host: "127.45.218.1" port: 56326 } } peers { permanent_uuid: "e025649508cc4de7a0397ec0f359e8f7" member_type: VOTER last_known_addr { host: "127.45.218.0" port: 42807 } } }
I0309 05:01:49.313019 11775 catalog_manager.cc:2988] Sending DeleteTablet(TABLET_DATA_TOMBSTONED) for tablet c45277035d7d48189b768c350938f0af on c277cf312b0340b294554b532ba7d1fa (127.45.218.2:37066) (TS c277cf312b0340b294554b532ba7d1fa not found in new config with opid_index 6)
I0309 05:01:49.316968 12161 tablet_service.cc:691] Processing DeleteTablet for tablet c45277035d7d48189b768c350938f0af with delete_type TABLET_DATA_TOMBSTONED (TS c277cf312b0340b294554b532ba7d1fa not found in new config with opid_index 6) from {username='slave'} at 127.0.0.1:53386
I0309 05:01:49.317520 12161 tablet_peer.cc:221] Initiating TabletPeer shutdown for tablet: c45277035d7d48189b768c350938f0af
I0309 05:01:49.317791 12161 maintenance_manager.cc:208] P c277cf312b0340b294554b532ba7d1fa: Unregistered op CompactRowSetsOp(c45277035d7d48189b768c350938f0af)
I0309 05:01:49.318019 12161 maintenance_manager.cc:208] P c277cf312b0340b294554b532ba7d1fa: Unregistered op MinorDeltaCompactionOp(c45277035d7d48189b768c350938f0af)
I0309 05:01:49.318226 12161 maintenance_manager.cc:208] P c277cf312b0340b294554b532ba7d1fa: Unregistered op MajorDeltaCompactionOp(c45277035d7d48189b768c350938f0af)
I0309 05:01:49.318433 12161 maintenance_manager.cc:208] P c277cf312b0340b294554b532ba7d1fa: Unregistered op UndoDeltaBlockGCOp(c45277035d7d48189b768c350938f0af)
I0309 05:01:49.318647 12161 maintenance_manager.cc:208] P c277cf312b0340b294554b532ba7d1fa: Unregistered op FlushMRSOp(c45277035d7d48189b768c350938f0af)
I0309 05:01:49.318784 12161 maintenance_manager.cc:208] P c277cf312b0340b294554b532ba7d1fa: Unregistered op FlushDeltaMemStoresOp(c45277035d7d48189b768c350938f0af)
I0309 05:01:49.318894 12161 maintenance_manager.cc:208] P c277cf312b0340b294554b532ba7d1fa: Unregistered op LogGCOp(c45277035d7d48189b768c350938f0af)
I0309 05:01:49.319031 12161 raft_consensus.cc:1569] T c45277035d7d48189b768c350938f0af P c277cf312b0340b294554b532ba7d1fa [term 1 FOLLOWER]: Raft consensus shutting down.
I0309 05:01:49.319221 12161 raft_consensus_state.cc:371] T c45277035d7d48189b768c350938f0af P c277cf312b0340b294554b532ba7d1fa: Trying to abort 1 pending transactions.
I0309 05:01:49.319315 12161 raft_consensus_state.cc:376] T c45277035d7d48189b768c350938f0af P c277cf312b0340b294554b532ba7d1fa: Aborting transaction as it isn't in flight: id { term: 1 index: 5 } timestamp: 6099090265144483840 op_type: WRITE_OP write_request { tablet_id: "c45277035d7d48189b768c350938f0af" schema { columns { name: "key" type: INT32 is_key: true is_nullable: false encoding: AUTO_ENCODING compression: DEFAULT_COMPRESSION cfile_block_size: 0 } columns { name: "int_val" type: INT32 is_key: false is_nullable: false encoding: AUTO_ENCODING compression: DEFAULT_COMPRESSION cfile_block_size: 0 } columns { name: "string_val" type: STRING is_key: false is_nullable: true encoding: AUTO_ENCODING compression: DEFAULT_COMPRESSION cfile_block_size: 0 } } row_operations { rows: "\001\007\000\004\000\000\000\004\000\000\000\000\000\000\000\000\000\000\000\005\000\000\000\000\000\000\000" indirect_data: "key=4" } }
I0309 05:01:49.320143 12161 raft_consensus.cc:1585] T c45277035d7d48189b768c350938f0af P c277cf312b0340b294554b532ba7d1fa [term 1 FOLLOWER]: Raft consensus is shut down!
I0309 05:01:49.322355 11738 raft_consensus-itest.cc:2186] Remove: Going from 2 to 1 replicas
I0309 05:01:49.322549 11738 raft_consensus-itest.cc:2189] Removing tserver with uuid 59588243fc704141a4474aa07ae0e893
I0309 05:01:49.325521 11931 consensus_peers.cc:381] T c45277035d7d48189b768c350938f0af P e025649508cc4de7a0397ec0f359e8f7 -> Peer 59588243fc704141a4474aa07ae0e893 (127.45.218.1:56326): Closing peer: 59588243fc704141a4474aa07ae0e893
I0309 05:01:49.325855 11931 consensus_queue.cc:158] T c45277035d7d48189b768c350938f0af P e025649508cc4de7a0397ec0f359e8f7 [LEADER]: Queue going to LEADER mode. State: All replicated index: 13, Majority replicated index: 9, Committed index: 9, Last appended: 1.15, Current term: 1, Majority size: 1, State: 1, Mode: LEADER, active raft config: opid_index: 16 OBSOLETE_local: false peers { permanent_uuid: "e025649508cc4de7a0397ec0f359e8f7" member_type: VOTER last_known_addr { host: "127.45.218.0" port: 42807 } }
I0309 05:01:49.333724 12161 ts_tablet_manager.cc:1020] T c45277035d7d48189b768c350938f0af P c277cf312b0340b294554b532ba7d1fa: Deleting tablet data with delete state TABLET_DATA_TOMBSTONED
I0309 05:01:49.340098 12161 ts_tablet_manager.cc:1032] T c45277035d7d48189b768c350938f0af P c277cf312b0340b294554b532ba7d1fa: Tablet deleted. Last logged OpId: 1.5
I0309 05:01:49.342700 12259 raft_consensus.cc:2100] T c45277035d7d48189b768c350938f0af P e025649508cc4de7a0397ec0f359e8f7 [term 1 LEADER]: Committing config change with OpId 1.16: config changed from index 6 to 16, VOTER 59588243fc704141a4474aa07ae0e893 (127.45.218.1) evicted. New config: { opid_index: 16 OBSOLETE_local: false peers { permanent_uuid: "e025649508cc4de7a0397ec0f359e8f7" member_type: VOTER last_known_addr { host: "127.45.218.0" port: 42807 } } }
I0309 05:01:49.349577 12161 log.cc:876] T c45277035d7d48189b768c350938f0af P c277cf312b0340b294554b532ba7d1fa: Deleting WAL directory at /tmp/run_tha_testqZCu3D/test-tmp/raft_consensus-itest.RaftConsensusITest.TestConfigChangeUnderLoad.1489035705678289-11738/raft_consensus-itest-cluster/ts-2/data/wals/c45277035d7d48189b768c350938f0af
I0309 05:01:49.351768 11763 catalog_manager.cc:2964] TS c277cf312b0340b294554b532ba7d1fa (127.45.218.2:37066): tablet c45277035d7d48189b768c350938f0af (table TestTable [id=393160a46f034b038429d9f92476b9cc]) successfully deleted
I0309 05:01:49.354567 11776 catalog_manager.cc:2414] T c45277035d7d48189b768c350938f0af reported consensus state change: config changed from index 6 to 16, VOTER 59588243fc704141a4474aa07ae0e893 (127.45.218.1) evicted. New consensus state: current_term: 1 leader_uuid: "e025649508cc4de7a0397ec0f359e8f7" config { opid_index: 16 OBSOLETE_local: false peers { permanent_uuid: "e025649508cc4de7a0397ec0f359e8f7" member_type: VOTER last_known_addr { host: "127.45.218.0" port: 42807 } } }
I0309 05:01:49.355464 11776 catalog_manager.cc:2988] Sending DeleteTablet(TABLET_DATA_TOMBSTONED) for tablet c45277035d7d48189b768c350938f0af on 59588243fc704141a4474aa07ae0e893 (127.45.218.1:56326) (TS 59588243fc704141a4474aa07ae0e893 not found in new config with opid_index 16)
I0309 05:01:49.357971 12036 tablet_service.cc:691] Processing DeleteTablet for tablet c45277035d7d48189b768c350938f0af with delete_type TABLET_DATA_TOMBSTONED (TS 59588243fc704141a4474aa07ae0e893 not found in new config with opid_index 16) from {username='slave'} at 127.0.0.1:52409
I0309 05:01:49.358499 12036 tablet_peer.cc:221] Initiating TabletPeer shutdown for tablet: c45277035d7d48189b768c350938f0af
I0309 05:01:49.358767 12036 maintenance_manager.cc:208] P 59588243fc704141a4474aa07ae0e893: Unregistered op CompactRowSetsOp(c45277035d7d48189b768c350938f0af)
I0309 05:01:49.359010 12036 maintenance_manager.cc:208] P 59588243fc704141a4474aa07ae0e893: Unregistered op MinorDeltaCompactionOp(c45277035d7d48189b768c350938f0af)
I0309 05:01:49.359222 12036 maintenance_manager.cc:208] P 59588243fc704141a4474aa07ae0e893: Unregistered op MajorDeltaCompactionOp(c45277035d7d48189b768c350938f0af)
I0309 05:01:49.359431 12036 maintenance_manager.cc:208] P 59588243fc704141a4474aa07ae0e893: Unregistered op UndoDeltaBlockGCOp(c45277035d7d48189b768c350938f0af)
I0309 05:01:49.359679 12036 maintenance_manager.cc:208] P 59588243fc704141a4474aa07ae0e893: Unregistered op FlushMRSOp(c45277035d7d48189b768c350938f0af)
I0309 05:01:49.359889 12036 maintenance_manager.cc:208] P 59588243fc704141a4474aa07ae0e893: Unregistered op FlushDeltaMemStoresOp(c45277035d7d48189b768c350938f0af)
I0309 05:01:49.360085 12036 maintenance_manager.cc:208] P 59588243fc704141a4474aa07ae0e893: Unregistered op LogGCOp(c45277035d7d48189b768c350938f0af)
I0309 05:01:49.360323 12036 raft_consensus.cc:1569] T c45277035d7d48189b768c350938f0af P 59588243fc704141a4474aa07ae0e893 [term 1 FOLLOWER]: Raft consensus shutting down.
I0309 05:01:49.360628 12036 raft_consensus_state.cc:371] T c45277035d7d48189b768c350938f0af P 59588243fc704141a4474aa07ae0e893: Trying to abort 2 pending transactions.
I0309 05:01:49.360801 12036 raft_consensus_state.cc:376] T c45277035d7d48189b768c350938f0af P 59588243fc704141a4474aa07ae0e893: Aborting transaction as it isn't in flight: id { term: 1 index: 14 } timestamp: 6099090265335259136 op_type: WRITE_OP write_request { tablet_id: "c45277035d7d48189b768c350938f0af" schema { columns { name: "key" type: INT32 is_key: true is_nullable: false encoding: AUTO_ENCODING compression: DEFAULT_COMPRESSION cfile_block_size: 0 } columns { name: "int_val" type: INT32 is_key: false is_nullable: false encoding: AUTO_ENCODING compression: DEFAULT_COMPRESSION cfile_block_size: 0 } columns { name: "string_val" type: STRING is_key: false is_nullable: true encoding: AUTO_ENCODING compression: DEFAULT_COMPRESSION cfile_block_size: 0 } } row_operations { rows: "\001\007\000\r\000\000\000\r\000\000\000\000\000\000\000\000\000\000\000\006\000\000\000\000\000\000\000" indirect_data: "key=13" } }
I0309 05:01:49.362131 12036 raft_consensus_state.cc:376] T c45277035d7d48189b768c350938f0af P 59588243fc704141a4474aa07ae0e893: Aborting transaction as it isn't in flight: id { term: 1 index: 15 } timestamp: 6099090265358528512 op_type: WRITE_OP write_request { tablet_id: "c45277035d7d48189b768c350938f0af" schema { columns { name: "key" type: INT32 is_key: true is_nullable: false encoding: AUTO_ENCODING compression: DEFAULT_COMPRESSION cfile_block_size: 0 } columns { name: "int_val" type: INT32 is_key: false is_nullable: false encoding: AUTO_ENCODING compression: DEFAULT_COMPRESSION cfile_block_size: 0 } columns { name: "string_val" type: STRING is_key: false is_nullable: true encoding: AUTO_ENCODING compression: DEFAULT_COMPRESSION cfile_block_size: 0 } } row_operations { rows: "\001\007\000\014\000\000\000\014\000\000\000\000\000\000\000\000\000\000\000\006\000\000\000\000\000\000\000" indirect_data: "key=12" } }
I0309 05:01:49.363345 12036 raft_consensus.cc:1585] T c45277035d7d48189b768c350938f0af P 59588243fc704141a4474aa07ae0e893 [term 1 FOLLOWER]: Raft consensus is shut down!
I0309 05:01:49.367475 12036 ts_tablet_manager.cc:1020] T c45277035d7d48189b768c350938f0af P 59588243fc704141a4474aa07ae0e893: Deleting tablet data with delete state TABLET_DATA_TOMBSTONED
I0309 05:01:49.379544 11738 raft_consensus-itest.cc:2198] Adding servers...
I0309 05:01:49.379664 11738 raft_consensus-itest.cc:2203] Add: Going from 1 to 2 replicas
I0309 05:01:49.379784 11738 raft_consensus-itest.cc:2206] Adding tserver with uuid 59588243fc704141a4474aa07ae0e893
I0309 05:01:49.385690 11931 consensus_queue.cc:158] T c45277035d7d48189b768c350938f0af P e025649508cc4de7a0397ec0f359e8f7 [LEADER]: Queue going to LEADER mode. State: All replicated index: 25, Majority replicated index: 25, Committed index: 25, Last appended: 1.26, Current term: 1, Majority size: 2, State: 1, Mode: LEADER, active raft config: opid_index: 27 OBSOLETE_local: false peers { permanent_uuid: "e025649508cc4de7a0397ec0f359e8f7" member_type: VOTER last_known_addr { host: "127.45.218.0" port: 42807 } } peers { permanent_uuid: "59588243fc704141a4474aa07ae0e893" member_type: VOTER last_known_addr { host: "127.45.218.1" port: 56326 } }
I0309 05:01:49.391778 12276 consensus_queue.cc:386] T c45277035d7d48189b768c350938f0af P e025649508cc4de7a0397ec0f359e8f7 [LEADER]: Peer 59588243fc704141a4474aa07ae0e893 needs tablet copy
I0309 05:01:49.393625 12036 ts_tablet_manager.cc:1032] T c45277035d7d48189b768c350938f0af P 59588243fc704141a4474aa07ae0e893: Tablet deleted. Last logged OpId: 1.15
I0309 05:01:49.395364 12036 log.cc:876] T c45277035d7d48189b768c350938f0af P 59588243fc704141a4474aa07ae0e893: Deleting WAL directory at /tmp/run_tha_testqZCu3D/test-tmp/raft_consensus-itest.RaftConsensusITest.TestConfigChangeUnderLoad.1489035705678289-11738/raft_consensus-itest-cluster/ts-1/data/wals/c45277035d7d48189b768c350938f0af
I0309 05:01:49.397500 11759 catalog_manager.cc:2964] TS 59588243fc704141a4474aa07ae0e893 (127.45.218.1:56326): tablet c45277035d7d48189b768c350938f0af (table TestTable [id=393160a46f034b038429d9f92476b9cc]) successfully deleted
I0309 05:01:49.399142 12286 ts_tablet_manager.cc:495] T c45277035d7d48189b768c350938f0af P 59588243fc704141a4474aa07ae0e893: Initiating tablet copy from peer e025649508cc4de7a0397ec0f359e8f7 (127.45.218.0:42807)
I0309 05:01:49.403276 12286 tablet_copy_client.cc:167] T c45277035d7d48189b768c350938f0af P 59588243fc704141a4474aa07ae0e893: Tablet Copy client: Beginning tablet copy session from remote peer at address 127.45.218.0:42807
I0309 05:01:49.417278 11951 tablet_copy_service.cc:101] P e025649508cc4de7a0397ec0f359e8f7: Received BeginTabletCopySession request for tablet c45277035d7d48189b768c350938f0af from peer 59588243fc704141a4474aa07ae0e893 ({username='slave'} at 127.45.218.1:43022)
I0309 05:01:49.417605 11951 tablet_copy_service.cc:119] P e025649508cc4de7a0397ec0f359e8f7: Beginning new tablet copy session on tablet c45277035d7d48189b768c350938f0af from peer 59588243fc704141a4474aa07ae0e893 at {username='slave'} at 127.45.218.1:43022: session id = 59588243fc704141a4474aa07ae0e893-c45277035d7d48189b768c350938f0af
I0309 05:01:49.420689 11951 tablet_copy_source_session.cc:140] T c45277035d7d48189b768c350938f0af P e025649508cc4de7a0397ec0f359e8f7: Tablet Copy: opened 0 blocks and 1 log segments
I0309 05:01:49.422688 12286 ts_tablet_manager.cc:1020] T c45277035d7d48189b768c350938f0af P 59588243fc704141a4474aa07ae0e893: Deleting tablet data with delete state TABLET_DATA_COPYING
I0309 05:01:49.427741 12286 ts_tablet_manager.cc:1032] T c45277035d7d48189b768c350938f0af P 59588243fc704141a4474aa07ae0e893: Tablet deleted. Last logged OpId: 1.15
I0309 05:01:49.428153 12286 ts_tablet_manager.cc:862] T c45277035d7d48189b768c350938f0af P 59588243fc704141a4474aa07ae0e893: Registered tablet (data state: TABLET_DATA_COPYING)
I0309 05:01:49.428601 12286 tablet_copy_client.cc:427] T c45277035d7d48189b768c350938f0af P 59588243fc704141a4474aa07ae0e893: Tablet Copy client: Starting download of 0 data blocks...
I0309 05:01:49.428889 12286 tablet_copy_client.cc:390] T c45277035d7d48189b768c350938f0af P 59588243fc704141a4474aa07ae0e893: Tablet Copy client: Starting download of 1 WAL segments...
I0309 05:01:49.434101 12286 tablet_copy_client.cc:291] T c45277035d7d48189b768c350938f0af P 59588243fc704141a4474aa07ae0e893: Tablet Copy client: Tablet Copy complete. Replacing tablet superblock.
I0309 05:01:49.436697 12286 ts_tablet_manager.cc:723] T c45277035d7d48189b768c350938f0af P 59588243fc704141a4474aa07ae0e893: Bootstrapping tablet
I0309 05:01:49.438845 12286 tablet_bootstrap.cc:382] T c45277035d7d48189b768c350938f0af P 59588243fc704141a4474aa07ae0e893: Bootstrap starting.
I0309 05:01:49.440202 12286 tablet_bootstrap.cc:541] T c45277035d7d48189b768c350938f0af P 59588243fc704141a4474aa07ae0e893: Time spent opening tablet: real 0.000s	user 0.000s	sys 0.000s
I0309 05:01:49.440675 12286 tablet_bootstrap.cc:597] T c45277035d7d48189b768c350938f0af P 59588243fc704141a4474aa07ae0e893: Will attempt to recover log segment /tmp/run_tha_testqZCu3D/test-tmp/raft_consensus-itest.RaftConsensusITest.TestConfigChangeUnderLoad.1489035705678289-11738/raft_consensus-itest-cluster/ts-1/data/wals/c45277035d7d48189b768c350938f0af/wal-000000001 to /tmp/run_tha_testqZCu3D/test-tmp/raft_consensus-itest.RaftConsensusITest.TestConfigChangeUnderLoad.1489035705678289-11738/raft_consensus-itest-cluster/ts-1/data/wals/c45277035d7d48189b768c350938f0af.recovery/wal-000000001
I0309 05:01:49.440809 12286 tablet_bootstrap.cc:605] T c45277035d7d48189b768c350938f0af P 59588243fc704141a4474aa07ae0e893: Moving log directory /tmp/run_tha_testqZCu3D/test-tmp/raft_consensus-itest.RaftConsensusITest.TestConfigChangeUnderLoad.1489035705678289-11738/raft_consensus-itest-cluster/ts-1/data/wals/c45277035d7d48189b768c350938f0af to recovery directory /tmp/run_tha_testqZCu3D/test-tmp/raft_consensus-itest.RaftConsensusITest.TestConfigChangeUnderLoad.1489035705678289-11738/raft_consensus-itest-cluster/ts-1/data/wals/c45277035d7d48189b768c350938f0af.recovery in preparation for log replay
I0309 05:01:49.441426 12286 log_util.cc:322] Log segment /tmp/run_tha_testqZCu3D/test-tmp/raft_consensus-itest.RaftConsensusITest.TestConfigChangeUnderLoad.1489035705678289-11738/raft_consensus-itest-cluster/ts-1/data/wals/c45277035d7d48189b768c350938f0af.recovery/wal-000000001 has no footer. This segment was likely being written when the server previously shut down.
I0309 05:01:49.441555 12286 log_reader.cc:160] Log segment /tmp/run_tha_testqZCu3D/test-tmp/raft_consensus-itest.RaftConsensusITest.TestConfigChangeUnderLoad.1489035705678289-11738/raft_consensus-itest-cluster/ts-1/data/wals/c45277035d7d48189b768c350938f0af.recovery/wal-000000001 was likely left in-progress after a previous crash. Will try to rebuild footer by scanning data.
I0309 05:01:49.449322 12286 log_util.cc:384] Successfully rebuilt footer for segment: /tmp/run_tha_testqZCu3D/test-tmp/raft_consensus-itest.RaftConsensusITest.TestConfigChangeUnderLoad.1489035705678289-11738/raft_consensus-itest-cluster/ts-1/data/wals/c45277035d7d48189b768c350938f0af.recovery/wal-000000001 (valid entries through byte offset 6983)
I0309 05:01:49.449759 12286 tablet.cc:992] T c45277035d7d48189b768c350938f0af P 59588243fc704141a4474aa07ae0e893: Rewinding schema during bootstrap to Schema [
	10:key[int32 NOT NULL],
	11:int_val[int32 NOT NULL],
	12:string_val[string NULLABLE]
]
I0309 05:01:49.494858 12286 tablet_bootstrap.cc:382] T c45277035d7d48189b768c350938f0af P 59588243fc704141a4474aa07ae0e893: Bootstrap replayed 1/1 log segments. Stats: ops{read=34 overwritten=0 applied=25 ignored=0} inserts{seen=22 ignored=0} mutations{seen=0 ignored=0} orphaned_commits=0. Pending: 9 replicates
I0309 05:01:49.499018 12286 tablet_bootstrap.cc:1020] T c45277035d7d48189b768c350938f0af P 59588243fc704141a4474aa07ae0e893: ReplayState: Previous OpId: 1.34, Committed OpId: 1.25, Pending Replicates: 9, Pending Commits: 0
I0309 05:01:49.499150 12286 tablet_bootstrap.cc:1020] T c45277035d7d48189b768c350938f0af P 59588243fc704141a4474aa07ae0e893: Dumping REPLICATES: 
I0309 05:01:49.499312 12286 tablet_bootstrap.cc:1020] T c45277035d7d48189b768c350938f0af P 59588243fc704141a4474aa07ae0e893:    type: REPLICATE replicate { id { term: 1 index: 26 } timestamp: 6099090265639481344 op_type: WRITE_OP write_request { tablet_id: "c45277035d7d48189b768c350938f0af" schema { columns { name: "key" type: INT32 is_key: true is_nullable: false encoding: AUTO_ENCODING compression: DEFAULT_COMPRESSION cfile_block_size: 0 } columns { name: "int_val" type: INT32 is_key: false is_nullable: false encoding: AUTO_ENCODING compression: DEFAULT_COMPRESSION cfile_block_size: 0 } columns { name: "string_val" type: STRING is_key: false is_nullable: true encoding: AUTO_ENCODING compression: DEFAULT_COMPRESSION cfile_block_size: 0 } } row_operations { rows: "\001\007\000\027\000\000\000\027\000\000\000\000\000\000\000\000\000\000\000\006\000\000\000\000\000\000\000" indirect_data: "key=23" } } }
I0309 05:01:49.499444 12286 tablet_bootstrap.cc:1020] T c45277035d7d48189b768c350938f0af P 59588243fc704141a4474aa07ae0e893:    type: REPLICATE replicate { id { term: 1 index: 27 } timestamp: 6099090265642954752 op_type: CHANGE_CONFIG_OP change_config_record { tablet_id: "c45277035d7d48189b768c350938f0af" old_config { opid_index: 16 OBSOLETE_local: false peers { permanent_uuid: "e025649508cc4de7a0397ec0f359e8f7" member_type: VOTER last_known_addr { host: "127.45.218.0" port: 42807 } } } new_config { opid_index: 27 OBSOLETE_local: false peers { permanent_uuid: "e025649508cc4de7a0397ec0f359e8f7" member_type: VOTER last_known_addr { host: "127.45.218.0" port: 42807 } } peers { permanent_uuid: "59588243fc704141a4474aa07ae0e893" member_type: VOTER last_known_addr { host: "127.45.218.1" port: 56326 } } } } }
I0309 05:01:49.499577 12286 tablet_bootstrap.cc:1020] T c45277035d7d48189b768c350938f0af P 59588243fc704141a4474aa07ae0e893:    type: REPLICATE replicate { id { term: 1 index: 28 } timestamp: 6099090265662926848 op_type: WRITE_OP write_request { tablet_id: "c45277035d7d48189b768c350938f0af" schema { columns { name: "key" type: INT32 is_key: true is_nullable: false encoding: AUTO_ENCODING compression: DEFAULT_COMPRESSION cfile_block_size: 0 } columns { name: "int_val" type: INT32 is_key: false is_nullable: false encoding: AUTO_ENCODING compression: DEFAULT_COMPRESSION cfile_block_size: 0 } columns { name: "string_val" type: STRING is_key: false is_nullable: true encoding: AUTO_ENCODING compression: DEFAULT_COMPRESSION cfile_block_size: 0 } } row_operations { rows: "\001\007\000\030\000\000\000\030\000\000\000\000\000\000\000\000\000\000\000\006\000\000\000\000\000\000\000" indirect_data: "key=24" } } }
I0309 05:01:49.499724 12286 tablet_bootstrap.cc:1020] T c45277035d7d48189b768c350938f0af P 59588243fc704141a4474aa07ae0e893:    type: REPLICATE replicate { id { term: 1 index: 29 } timestamp: 6099090265680166912 op_type: WRITE_OP write_request { tablet_id: "c45277035d7d48189b768c350938f0af" schema { columns { name: "key" type: INT32 is_key: true is_nullable: false encoding: AUTO_ENCODING compression: DEFAULT_COMPRESSION cfile_block_size: 0 } columns { name: "int_val" type: INT32 is_key: false is_nullable: false encoding: AUTO_ENCODING compression: DEFAULT_COMPRESSION cfile_block_size: 0 } columns { name: "string_val" type: STRING is_key: false is_nullable: true encoding: AUTO_ENCODING compression: DEFAULT_COMPRESSION cfile_block_size: 0 } } row_operations { rows: "\001\007\000\031\000\000\000\031\000\000\000\000\000\000\000\000\000\000\000\006\000\000\000\000\000\000\000" indirect_data: "key=25" } } }
I0309 05:01:49.499891 12286 tablet_bootstrap.cc:1020] T c45277035d7d48189b768c350938f0af P 59588243fc704141a4474aa07ae0e893:    type: REPLICATE replicate { id { term: 1 index: 30 } timestamp: 6099090265695936512 op_type: WRITE_OP write_request { tablet_id: "c45277035d7d48189b768c350938f0af" schema { columns { name: "key" type: INT32 is_key: true is_nullable: false encoding: AUTO_ENCODING compression: DEFAULT_COMPRESSION cfile_block_size: 0 } columns { name: "int_val" type: INT32 is_key: false is_nullable: false encoding: AUTO_ENCODING compression: DEFAULT_COMPRESSION cfile_block_size: 0 } columns { name: "string_val" type: STRING is_key: false is_nullable: true encoding: AUTO_ENCODING compression: DEFAULT_COMPRESSION cfile_block_size: 0 } } row_operations { rows: "\001\007\000\032\000\000\000\032\000\000\000\000\000\000\000\000\000\000\000\006\000\000\000\000\000\000\000" indirect_data: "key=26" } } }
I0309 05:01:49.500046 12286 tablet_bootstrap.cc:1020] T c45277035d7d48189b768c350938f0af P 59588243fc704141a4474aa07ae0e893:    type: REPLICATE replicate { id { term: 1 index: 31 } timestamp: 6099090265708630016 op_type: WRITE_OP write_request { tablet_id: "c45277035d7d48189b768c350938f0af" schema { columns { name: "key" type: INT32 is_key: true is_nullable: false encoding: AUTO_ENCODING compression: DEFAULT_COMPRESSION cfile_block_size: 0 } columns { name: "int_val" type: INT32 is_key: false is_nullable: false encoding: AUTO_ENCODING compression: DEFAULT_COMPRESSION cfile_block_size: 0 } columns { name: "string_val" type: STRING is_key: false is_nullable: true encoding: AUTO_ENCODING compression: DEFAULT_COMPRESSION cfile_block_size: 0 } } row_operations { rows: "\001\007\000\033\000\000\000\033\000\000\000\000\000\000\000\000\000\000\000\006\000\000\000\000\000\000\000" indirect_data: "key=27" } } }
I0309 05:01:49.500200 12286 tablet_bootstrap.cc:1020] T c45277035d7d48189b768c350938f0af P 59588243fc704141a4474aa07ae0e893:    type: REPLICATE replicate { id { term: 1 index: 32 } timestamp: 6099090265715863552 op_type: WRITE_OP write_request { tablet_id: "c45277035d7d48189b768c350938f0af" schema { columns { name: "key" type: INT32 is_key: true is_nullable: false encoding: AUTO_ENCODING compression: DEFAULT_COMPRESSION cfile_block_size: 0 } columns { name: "int_val" type: INT32 is_key: false is_nullable: false encoding: AUTO_ENCODING compression: DEFAULT_COMPRESSION cfile_block_size: 0 } columns { name: "string_val" type: STRING is_key: false is_nullable: true encoding: AUTO_ENCODING compression: DEFAULT_COMPRESSION cfile_block_size: 0 } } row_operations { rows: "\001\007\000\034\000\000\000\034\000\000\000\000\000\000\000\000\000\000\000\006\000\000\000\000\000\000\000" indirect_data: "key=28" } } }
I0309 05:01:49.500357 12286 tablet_bootstrap.cc:1020] T c45277035d7d48189b768c350938f0af P 59588243fc704141a4474aa07ae0e893:    type: REPLICATE replicate { id { term: 1 index: 33 } timestamp: 6099090265725493248 op_type: WRITE_OP write_request { tablet_id: "c45277035d7d48189b768c350938f0af" schema { columns { name: "key" type: INT32 is_key: true is_nullable: false encoding: AUTO_ENCODING compression: DEFAULT_COMPRESSION cfile_block_size: 0 } columns { name: "int_val" type: INT32 is_key: false is_nullable: false encoding: AUTO_ENCODING compression: DEFAULT_COMPRESSION cfile_block_size: 0 } columns { name: "string_val" type: STRING is_key: false is_nullable: true encoding: AUTO_ENCODING compression: DEFAULT_COMPRESSION cfile_block_size: 0 } } row_operations { rows: "\001\007\000\035\000\000\000\035\000\000\000\000\000\000\000\000\000\000\000\006\000\000\000\000\000\000\000" indirect_data: "key=29" } } }
I0309 05:01:49.500542 12286 tablet_bootstrap.cc:1020] T c45277035d7d48189b768c350938f0af P 59588243fc704141a4474aa07ae0e893:    type: REPLICATE replicate { id { term: 1 index: 34 } timestamp: 6099090265731825664 op_type: WRITE_OP write_request { tablet_id: "c45277035d7d48189b768c350938f0af" schema { columns { name: "key" type: INT32 is_key: true is_nullable: false encoding: AUTO_ENCODING compression: DEFAULT_COMPRESSION cfile_block_size: 0 } columns { name: "int_val" type: INT32 is_key: false is_nullable: false encoding: AUTO_ENCODING compression: DEFAULT_COMPRESSION cfile_block_size: 0 } columns { name: "string_val" type: STRING is_key: false is_nullable: true encoding: AUTO_ENCODING compression: DEFAULT_COMPRESSION cfile_block_size: 0 } } row_operations { rows: "\001\007\000\036\000\000\000\036\000\000\000\000\000\000\000\000\000\000\000\006\000\000\000\000\000\000\000" indirect_data: "key=30" } } }
I0309 05:01:49.503103 12286 tablet_bootstrap.cc:634] T c45277035d7d48189b768c350938f0af P 59588243fc704141a4474aa07ae0e893: Preparing to delete log recovery files and directory /tmp/run_tha_testqZCu3D/test-tmp/raft_consensus-itest.RaftConsensusITest.TestConfigChangeUnderLoad.1489035705678289-11738/raft_consensus-itest-cluster/ts-1/data/wals/c45277035d7d48189b768c350938f0af.recovery
I0309 05:01:49.503267 12286 tablet_bootstrap.cc:637] T c45277035d7d48189b768c350938f0af P 59588243fc704141a4474aa07ae0e893: Renaming log recovery dir from /tmp/run_tha_testqZCu3D/test-tmp/raft_consensus-itest.RaftConsensusITest.TestConfigChangeUnderLoad.1489035705678289-11738/raft_consensus-itest-cluster/ts-1/data/wals/c45277035d7d48189b768c350938f0af.recovery to /tmp/run_tha_testqZCu3D/test-tmp/raft_consensus-itest.RaftConsensusITest.TestConfigChangeUnderLoad.1489035705678289-11738/raft_consensus-itest-cluster/ts-1/data/wals/c45277035d7d48189b768c350938f0af.recovery-1489035709503231
I0309 05:01:49.503454 12286 tablet_bootstrap.cc:647] T c45277035d7d48189b768c350938f0af P 59588243fc704141a4474aa07ae0e893: Deleting all files from renamed log recovery directory /tmp/run_tha_testqZCu3D/test-tmp/raft_consensus-itest.RaftConsensusITest.TestConfigChangeUnderLoad.1489035705678289-11738/raft_consensus-itest-cluster/ts-1/data/wals/c45277035d7d48189b768c350938f0af.recovery-1489035709503231
I0309 05:01:49.503818 12286 tablet_bootstrap.cc:650] T c45277035d7d48189b768c350938f0af P 59588243fc704141a4474aa07ae0e893: Completed deletion of old log recovery files and directory /tmp/run_tha_testqZCu3D/test-tmp/raft_consensus-itest.RaftConsensusITest.TestConfigChangeUnderLoad.1489035705678289-11738/raft_consensus-itest-cluster/ts-1/data/wals/c45277035d7d48189b768c350938f0af.recovery-1489035709503231
I0309 05:01:49.504000 12286 tablet_bootstrap.cc:382] T c45277035d7d48189b768c350938f0af P 59588243fc704141a4474aa07ae0e893: Bootstrap complete.
I0309 05:01:49.504300 12286 ts_tablet_manager.cc:728] T c45277035d7d48189b768c350938f0af P 59588243fc704141a4474aa07ae0e893: Time spent bootstrapping tablet: real 0.067s	user 0.060s	sys 0.004s
I0309 05:01:49.507526 12286 raft_consensus.cc:288] T c45277035d7d48189b768c350938f0af P 59588243fc704141a4474aa07ae0e893 [term 1 NON_PARTICIPANT]: Replica starting. Triggering 9 pending transactions. Active config: opid_index: 16 OBSOLETE_local: false peers { permanent_uuid: "e025649508cc4de7a0397ec0f359e8f7" member_type: VOTER last_known_addr { host: "127.45.218.0" port: 42807 } }
I0309 05:01:49.512842 12286 raft_consensus.cc:548] T c45277035d7d48189b768c350938f0af P 59588243fc704141a4474aa07ae0e893 [term 1 FOLLOWER]: Becoming Follower/Learner. State: Replica: 59588243fc704141a4474aa07ae0e893, State: 1, Role: FOLLOWER
I0309 05:01:49.513069 12286 consensus_queue.cc:176] T c45277035d7d48189b768c350938f0af P 59588243fc704141a4474aa07ae0e893 [NON_LEADER]: Queue going to NON_LEADER mode. State: All replicated index: 0, Majority replicated index: 0, Committed index: 25, Last appended: 1.34, Current term: 0, Majority size: -1, State: 1, Mode: NON_LEADER
I0309 05:01:49.514986 12286 ts_tablet_manager.cc:755] T c45277035d7d48189b768c350938f0af P 59588243fc704141a4474aa07ae0e893: Time spent starting tablet: real 0.011s	user 0.008s	sys 0.004s
I0309 05:01:49.516523 11951 tablet_copy_service.cc:240] P e025649508cc4de7a0397ec0f359e8f7: Request end of tablet copy session 59588243fc704141a4474aa07ae0e893-c45277035d7d48189b768c350938f0af received from {username='slave'} at 127.45.218.1:43022
I0309 05:01:49.516789 11951 tablet_copy_service.cc:322] P e025649508cc4de7a0397ec0f359e8f7: Ending tablet copy session 59588243fc704141a4474aa07ae0e893-c45277035d7d48189b768c350938f0af on tablet c45277035d7d48189b768c350938f0af with peer 59588243fc704141a4474aa07ae0e893
I0309 05:01:49.754792 12259 raft_consensus.cc:2100] T c45277035d7d48189b768c350938f0af P e025649508cc4de7a0397ec0f359e8f7 [term 1 LEADER]: Committing config change with OpId 1.27: config changed from index 16 to 27, VOTER 59588243fc704141a4474aa07ae0e893 (127.45.218.1) added. New config: { opid_index: 27 OBSOLETE_local: false peers { permanent_uuid: "e025649508cc4de7a0397ec0f359e8f7" member_type: VOTER last_known_addr { host: "127.45.218.0" port: 42807 } } peers { permanent_uuid: "59588243fc704141a4474aa07ae0e893" member_type: VOTER last_known_addr { host: "127.45.218.1" port: 56326 } } }
I0309 05:01:49.756676 12056 raft_consensus.cc:2100] T c45277035d7d48189b768c350938f0af P 59588243fc704141a4474aa07ae0e893 [term 1 FOLLOWER]: Committing config change with OpId 1.27: config changed from index 16 to 27, VOTER 59588243fc704141a4474aa07ae0e893 (127.45.218.1) added. New config: { opid_index: 27 OBSOLETE_local: false peers { permanent_uuid: "e025649508cc4de7a0397ec0f359e8f7" member_type: VOTER last_known_addr { host: "127.45.218.0" port: 42807 } } peers { permanent_uuid: "59588243fc704141a4474aa07ae0e893" member_type: VOTER last_known_addr { host: "127.45.218.1" port: 56326 } } }
I0309 05:01:49.771644 11776 catalog_manager.cc:2414] T c45277035d7d48189b768c350938f0af reported consensus state change: config changed from index 16 to 27, VOTER 59588243fc704141a4474aa07ae0e893 (127.45.218.1) added. New consensus state: current_term: 1 leader_uuid: "e025649508cc4de7a0397ec0f359e8f7" config { opid_index: 27 OBSOLETE_local: false peers { permanent_uuid: "e025649508cc4de7a0397ec0f359e8f7" member_type: VOTER last_known_addr { host: "127.45.218.0" port: 42807 } } peers { permanent_uuid: "59588243fc704141a4474aa07ae0e893" member_type: VOTER last_known_addr { host: "127.45.218.1" port: 56326 } } }
I0309 05:01:49.791816 11738 raft_consensus-itest.cc:2203] Add: Going from 2 to 3 replicas
I0309 05:01:49.792016 11738 raft_consensus-itest.cc:2206] Adding tserver with uuid c277cf312b0340b294554b532ba7d1fa
I0309 05:01:49.796381 11931 consensus_peers.cc:381] T c45277035d7d48189b768c350938f0af P e025649508cc4de7a0397ec0f359e8f7 -> Peer 59588243fc704141a4474aa07ae0e893 (127.45.218.1:56326): Closing peer: 59588243fc704141a4474aa07ae0e893
I0309 05:01:49.796835 11931 consensus_queue.cc:158] T c45277035d7d48189b768c350938f0af P e025649508cc4de7a0397ec0f359e8f7 [LEADER]: Queue going to LEADER mode. State: All replicated index: 37, Majority replicated index: 34, Committed index: 34, Last appended: 1.41, Current term: 1, Majority size: 2, State: 1, Mode: LEADER, active raft config: opid_index: 42 OBSOLETE_local: false peers { permanent_uuid: "e025649508cc4de7a0397ec0f359e8f7" member_type: VOTER last_known_addr { host: "127.45.218.0" port: 42807 } } peers { permanent_uuid: "59588243fc704141a4474aa07ae0e893" member_type: VOTER last_known_addr { host: "127.45.218.1" port: 56326 } } peers { permanent_uuid: "c277cf312b0340b294554b532ba7d1fa" member_type: VOTER last_known_addr { host: "127.45.218.2" port: 37066 } }
I0309 05:01:49.806632 12056 raft_consensus.cc:918] T c45277035d7d48189b768c350938f0af P 59588243fc704141a4474aa07ae0e893 [term 1 FOLLOWER]: Refusing update from remote peer e025649508cc4de7a0397ec0f359e8f7: Log matching property violated. Preceding OpId in replica: term: 1 index: 41. Preceding OpId from leader: term: 1 index: 42. (index mismatch)
I0309 05:01:49.806934 12252 consensus_queue.cc:386] T c45277035d7d48189b768c350938f0af P e025649508cc4de7a0397ec0f359e8f7 [LEADER]: Peer c277cf312b0340b294554b532ba7d1fa needs tablet copy
I0309 05:01:49.808473 12277 consensus_queue.cc:701] T c45277035d7d48189b768c350938f0af P e025649508cc4de7a0397ec0f359e8f7 [LEADER]: Connected to new peer: Peer: 59588243fc704141a4474aa07ae0e893, Is new: false, Last received: 1.41, Next index: 42, Last known committed idx: 37, Last exchange result: ERROR, Needs tablet copy: false
I0309 05:01:49.810474 12296 ts_tablet_manager.cc:495] T c45277035d7d48189b768c350938f0af P c277cf312b0340b294554b532ba7d1fa: Initiating tablet copy from peer e025649508cc4de7a0397ec0f359e8f7 (127.45.218.0:42807)
I0309 05:01:49.814090 12296 tablet_copy_client.cc:167] T c45277035d7d48189b768c350938f0af P c277cf312b0340b294554b532ba7d1fa: Tablet Copy client: Beginning tablet copy session from remote peer at address 127.45.218.0:42807
I0309 05:01:49.827165 12259 raft_consensus.cc:2100] T c45277035d7d48189b768c350938f0af P e025649508cc4de7a0397ec0f359e8f7 [term 1 LEADER]: Committing config change with OpId 1.42: config changed from index 27 to 42, VOTER c277cf312b0340b294554b532ba7d1fa (127.45.218.2) added. New config: { opid_index: 42 OBSOLETE_local: false peers { permanent_uuid: "e025649508cc4de7a0397ec0f359e8f7" member_type: VOTER last_known_addr { host: "127.45.218.0" port: 42807 } } peers { permanent_uuid: "59588243fc704141a4474aa07ae0e893" member_type: VOTER last_known_addr { host: "127.45.218.1" port: 56326 } } peers { permanent_uuid: "c277cf312b0340b294554b532ba7d1fa" member_type: VOTER last_known_addr { host: "127.45.218.2" port: 37066 } } }
I0309 05:01:49.828554 12055 raft_consensus.cc:2100] T c45277035d7d48189b768c350938f0af P 59588243fc704141a4474aa07ae0e893 [term 1 FOLLOWER]: Committing config change with OpId 1.42: config changed from index 27 to 42, VOTER c277cf312b0340b294554b532ba7d1fa (127.45.218.2) added. New config: { opid_index: 42 OBSOLETE_local: false peers { permanent_uuid: "e025649508cc4de7a0397ec0f359e8f7" member_type: VOTER last_known_addr { host: "127.45.218.0" port: 42807 } } peers { permanent_uuid: "59588243fc704141a4474aa07ae0e893" member_type: VOTER last_known_addr { host: "127.45.218.1" port: 56326 } } peers { permanent_uuid: "c277cf312b0340b294554b532ba7d1fa" member_type: VOTER last_known_addr { host: "127.45.218.2" port: 37066 } } }
I0309 05:01:49.829320 11951 tablet_copy_service.cc:101] P e025649508cc4de7a0397ec0f359e8f7: Received BeginTabletCopySession request for tablet c45277035d7d48189b768c350938f0af from peer c277cf312b0340b294554b532ba7d1fa ({username='slave'} at 127.45.218.2:41139)
I0309 05:01:49.829679 11951 tablet_copy_service.cc:119] P e025649508cc4de7a0397ec0f359e8f7: Beginning new tablet copy session on tablet c45277035d7d48189b768c350938f0af from peer c277cf312b0340b294554b532ba7d1fa at {username='slave'} at 127.45.218.2:41139: session id = c277cf312b0340b294554b532ba7d1fa-c45277035d7d48189b768c350938f0af
I0309 05:01:49.838860 11776 catalog_manager.cc:2414] T c45277035d7d48189b768c350938f0af reported consensus state change: config changed from index 27 to 42, VOTER c277cf312b0340b294554b532ba7d1fa (127.45.218.2) added. New consensus state: current_term: 1 leader_uuid: "e025649508cc4de7a0397ec0f359e8f7" config { opid_index: 42 OBSOLETE_local: false peers { permanent_uuid: "e025649508cc4de7a0397ec0f359e8f7" member_type: VOTER last_known_addr { host: "127.45.218.0" port: 42807 } } peers { permanent_uuid: "59588243fc704141a4474aa07ae0e893" member_type: VOTER last_known_addr { host: "127.45.218.1" port: 56326 } } peers { permanent_uuid: "c277cf312b0340b294554b532ba7d1fa" member_type: VOTER last_known_addr { host: "127.45.218.2" port: 37066 } } }
I0309 05:01:49.840080 11951 tablet_copy_source_session.cc:140] T c45277035d7d48189b768c350938f0af P e025649508cc4de7a0397ec0f359e8f7: Tablet Copy: opened 0 blocks and 1 log segments
I0309 05:01:49.844285 12296 ts_tablet_manager.cc:1020] T c45277035d7d48189b768c350938f0af P c277cf312b0340b294554b532ba7d1fa: Deleting tablet data with delete state TABLET_DATA_COPYING
I0309 05:01:49.854195 12296 ts_tablet_manager.cc:1032] T c45277035d7d48189b768c350938f0af P c277cf312b0340b294554b532ba7d1fa: Tablet deleted. Last logged OpId: 1.5
I0309 05:01:49.854818 12296 ts_tablet_manager.cc:862] T c45277035d7d48189b768c350938f0af P c277cf312b0340b294554b532ba7d1fa: Registered tablet (data state: TABLET_DATA_COPYING)
I0309 05:01:49.855855 11738 raft_consensus-itest.cc:2215] Joining writer threads...
I0309 05:01:49.856371 12296 tablet_copy_client.cc:427] T c45277035d7d48189b768c350938f0af P c277cf312b0340b294554b532ba7d1fa: Tablet Copy client: Starting download of 0 data blocks...
I0309 05:01:49.856726 12296 tablet_copy_client.cc:390] T c45277035d7d48189b768c350938f0af P c277cf312b0340b294554b532ba7d1fa: Tablet Copy client: Starting download of 1 WAL segments...
I0309 05:01:49.865414 12296 tablet_copy_client.cc:291] T c45277035d7d48189b768c350938f0af P c277cf312b0340b294554b532ba7d1fa: Tablet Copy client: Tablet Copy complete. Replacing tablet superblock.
