I0309 03:23:32.322382 30720 raft_consensus.cc:1747] T d578361f4e354051886ce73b660f4547 P 9ac490c05033476fa1a2e3b6df0c4522 [term 1 FOLLOWER]: Leader election vote request: Granting yes vote for candidate 483390dba8e3468c88a3db52d2ec9929 in term 1.
I0309 03:23:32.355459 30306 cluster_itest_util.cc:186] Not converged past 1 yet: 0.0 0.0 0.0
I0309 03:23:32.323679 30401 leader_election.cc:348] T d578361f4e354051886ce73b660f4547 P 483390dba8e3468c88a3db52d2ec9929 [CANDIDATE]: Term 1 election: Vote granted by peer 9ac490c05033476fa1a2e3b6df0c4522
I0309 03:23:32.460307 30790 raft_consensus.cc:518] T d578361f4e354051886ce73b660f4547 P 483390dba8e3468c88a3db52d2ec9929 [term 1 LEADER]: Becoming Leader. State: Replica: 483390dba8e3468c88a3db52d2ec9929, State: 1, Role: LEADER
W0309 03:23:32.460505 30401 outbound_call.cc:206] RPC callback for RPC call kudu.consensus.ConsensusService.RequestConsensusVote -> {remote=127.118.98.2:33737, user_credentials={real_user=slave}} blocked reactor thread for 136892us
I0309 03:23:32.460790 30790 consensus_queue.cc:158] T d578361f4e354051886ce73b660f4547 P 483390dba8e3468c88a3db52d2ec9929 [LEADER]: Queue going to LEADER mode. State: All replicated index: 0, Majority replicated index: 0, Committed index: 0, Last appended: 0.0, Current term: 1, Majority size: 2, State: 1, Mode: LEADER, active raft config: opid_index: -1 OBSOLETE_local: false peers { permanent_uuid: "cfbc8e5309724e0db68888e85869c200" member_type: VOTER last_known_addr { host: "127.118.98.1" port: 50797 } } peers { permanent_uuid: "483390dba8e3468c88a3db52d2ec9929" member_type: VOTER last_known_addr { host: "127.118.98.0" port: 50573 } } peers { permanent_uuid: "9ac490c05033476fa1a2e3b6df0c4522" member_type: VOTER last_known_addr { host: "127.118.98.2" port: 33737 } }
I0309 03:23:32.478014 30346 catalog_manager.cc:2414] T d578361f4e354051886ce73b660f4547 reported consensus state change: term changed from 0 to 1, leader changed from <none> to 483390dba8e3468c88a3db52d2ec9929 (127.118.98.0). New consensus state: current_term: 1 leader_uuid: "483390dba8e3468c88a3db52d2ec9929" config { opid_index: -1 OBSOLETE_local: false peers { permanent_uuid: "cfbc8e5309724e0db68888e85869c200" member_type: VOTER last_known_addr { host: "127.118.98.1" port: 50797 } } peers { permanent_uuid: "483390dba8e3468c88a3db52d2ec9929" member_type: VOTER last_known_addr { host: "127.118.98.0" port: 50573 } } peers { permanent_uuid: "9ac490c05033476fa1a2e3b6df0c4522" member_type: VOTER last_known_addr { host: "127.118.98.2" port: 33737 } } }
I0309 03:23:32.481112 30306 cluster_itest_util.cc:186] Not converged past 1 yet: 1.1 0.0 0.0
I0309 03:23:32.687296 30306 cluster_itest_util.cc:186] Not converged past 1 yet: 1.1 0.0 0.0
I0309 03:23:32.966398 30595 raft_consensus.cc:918] T d578361f4e354051886ce73b660f4547 P cfbc8e5309724e0db68888e85869c200 [term 1 FOLLOWER]: Refusing update from remote peer 483390dba8e3468c88a3db52d2ec9929: Log matching property violated. Preceding OpId in replica: term: 0 index: 0. Preceding OpId from leader: term: 1 index: 1. (index mismatch)
I0309 03:23:32.966897 30720 raft_consensus.cc:918] T d578361f4e354051886ce73b660f4547 P 9ac490c05033476fa1a2e3b6df0c4522 [term 1 FOLLOWER]: Refusing update from remote peer 483390dba8e3468c88a3db52d2ec9929: Log matching property violated. Preceding OpId in replica: term: 0 index: 0. Preceding OpId from leader: term: 1 index: 1. (index mismatch)
I0309 03:23:32.968199 30794 consensus_queue.cc:695] T d578361f4e354051886ce73b660f4547 P 483390dba8e3468c88a3db52d2ec9929 [LEADER]: Connected to new peer: Peer: cfbc8e5309724e0db68888e85869c200, Is new: false, Last received: 0.0, Next index: 1, Last known committed idx: 0, Last exchange result: ERROR, Needs tablet copy: false
I0309 03:23:32.969861 30794 consensus_queue.cc:695] T d578361f4e354051886ce73b660f4547 P 483390dba8e3468c88a3db52d2ec9929 [LEADER]: Connected to new peer: Peer: 9ac490c05033476fa1a2e3b6df0c4522, Is new: false, Last received: 0.0, Next index: 1, Last known committed idx: 0, Last exchange result: ERROR, Needs tablet copy: false
I0309 03:23:32.997433 30306 raft_consensus-itest.cc:2166] Starting write workload...
I0309 03:23:33.067988 30306 raft_consensus-itest.cc:2181] Removing servers...
I0309 03:23:33.068267 30306 raft_consensus-itest.cc:2186] Remove: Going from 3 to 2 replicas
I0309 03:23:33.068470 30306 raft_consensus-itest.cc:2189] Removing tserver with uuid 9ac490c05033476fa1a2e3b6df0c4522
I0309 03:23:33.078186 30470 consensus_peers.cc:381] T d578361f4e354051886ce73b660f4547 P 483390dba8e3468c88a3db52d2ec9929 -> Peer 9ac490c05033476fa1a2e3b6df0c4522 (127.118.98.2:33737): Closing peer: 9ac490c05033476fa1a2e3b6df0c4522
I0309 03:23:33.078985 30470 consensus_peers.cc:381] T d578361f4e354051886ce73b660f4547 P 483390dba8e3468c88a3db52d2ec9929 -> Peer cfbc8e5309724e0db68888e85869c200 (127.118.98.1:50797): Closing peer: cfbc8e5309724e0db68888e85869c200
I0309 03:23:33.079519 30470 consensus_queue.cc:158] T d578361f4e354051886ce73b660f4547 P 483390dba8e3468c88a3db52d2ec9929 [LEADER]: Queue going to LEADER mode. State: All replicated index: 3, Majority replicated index: 5, Committed index: 5, Last appended: 1.5, Current term: 1, Majority size: 2, State: 1, Mode: LEADER, active raft config: opid_index: 6 OBSOLETE_local: false peers { permanent_uuid: "cfbc8e5309724e0db68888e85869c200" member_type: VOTER last_known_addr { host: "127.118.98.1" port: 50797 } } peers { permanent_uuid: "483390dba8e3468c88a3db52d2ec9929" member_type: VOTER last_known_addr { host: "127.118.98.0" port: 50573 } }
I0309 03:23:33.086336 30595 raft_consensus.cc:918] T d578361f4e354051886ce73b660f4547 P cfbc8e5309724e0db68888e85869c200 [term 1 FOLLOWER]: Refusing update from remote peer 483390dba8e3468c88a3db52d2ec9929: Log matching property violated. Preceding OpId in replica: term: 1 index: 5. Preceding OpId from leader: term: 1 index: 6. (index mismatch)
I0309 03:23:33.087996 30797 consensus_queue.cc:695] T d578361f4e354051886ce73b660f4547 P 483390dba8e3468c88a3db52d2ec9929 [LEADER]: Connected to new peer: Peer: cfbc8e5309724e0db68888e85869c200, Is new: false, Last received: 1.5, Next index: 6, Last known committed idx: 5, Last exchange result: ERROR, Needs tablet copy: false
I0309 03:23:33.099210 30595 raft_consensus.cc:2100] T d578361f4e354051886ce73b660f4547 P cfbc8e5309724e0db68888e85869c200 [term 1 FOLLOWER]: Committing config change with OpId 1.6: config changed from index -1 to 6, VOTER 9ac490c05033476fa1a2e3b6df0c4522 (127.118.98.2) evicted. New config: { opid_index: 6 OBSOLETE_local: false peers { permanent_uuid: "cfbc8e5309724e0db68888e85869c200" member_type: VOTER last_known_addr { host: "127.118.98.1" port: 50797 } } peers { permanent_uuid: "483390dba8e3468c88a3db52d2ec9929" member_type: VOTER last_known_addr { host: "127.118.98.0" port: 50573 } } }
I0309 03:23:33.103432 30798 raft_consensus.cc:2100] T d578361f4e354051886ce73b660f4547 P 483390dba8e3468c88a3db52d2ec9929 [term 1 LEADER]: Committing config change with OpId 1.6: config changed from index -1 to 6, VOTER 9ac490c05033476fa1a2e3b6df0c4522 (127.118.98.2) evicted. New config: { opid_index: 6 OBSOLETE_local: false peers { permanent_uuid: "cfbc8e5309724e0db68888e85869c200" member_type: VOTER last_known_addr { host: "127.118.98.1" port: 50797 } } peers { permanent_uuid: "483390dba8e3468c88a3db52d2ec9929" member_type: VOTER last_known_addr { host: "127.118.98.0" port: 50573 } } }
I0309 03:23:33.111999 30346 catalog_manager.cc:2414] T d578361f4e354051886ce73b660f4547 reported consensus state change: config changed from index -1 to 6, VOTER 9ac490c05033476fa1a2e3b6df0c4522 (127.118.98.2) evicted. New consensus state: current_term: 1 leader_uuid: "483390dba8e3468c88a3db52d2ec9929" config { opid_index: 6 OBSOLETE_local: false peers { permanent_uuid: "cfbc8e5309724e0db68888e85869c200" member_type: VOTER last_known_addr { host: "127.118.98.1" port: 50797 } } peers { permanent_uuid: "483390dba8e3468c88a3db52d2ec9929" member_type: VOTER last_known_addr { host: "127.118.98.0" port: 50573 } } }
I0309 03:23:33.113044 30346 catalog_manager.cc:2988] Sending DeleteTablet(TABLET_DATA_TOMBSTONED) for tablet d578361f4e354051886ce73b660f4547 on 9ac490c05033476fa1a2e3b6df0c4522 (127.118.98.2:33737) (TS 9ac490c05033476fa1a2e3b6df0c4522 not found in new config with opid_index 6)
I0309 03:23:33.114914 30700 tablet_service.cc:691] Processing DeleteTablet for tablet d578361f4e354051886ce73b660f4547 with delete_type TABLET_DATA_TOMBSTONED (TS 9ac490c05033476fa1a2e3b6df0c4522 not found in new config with opid_index 6) from {username='slave'} at 127.0.0.1:57961
I0309 03:23:33.115512 30700 tablet_peer.cc:221] Initiating TabletPeer shutdown for tablet: d578361f4e354051886ce73b660f4547
I0309 03:23:33.115788 30700 maintenance_manager.cc:208] P 9ac490c05033476fa1a2e3b6df0c4522: Unregistered op CompactRowSetsOp(d578361f4e354051886ce73b660f4547)
I0309 03:23:33.116024 30700 maintenance_manager.cc:208] P 9ac490c05033476fa1a2e3b6df0c4522: Unregistered op MinorDeltaCompactionOp(d578361f4e354051886ce73b660f4547)
I0309 03:23:33.116230 30700 maintenance_manager.cc:208] P 9ac490c05033476fa1a2e3b6df0c4522: Unregistered op MajorDeltaCompactionOp(d578361f4e354051886ce73b660f4547)
I0309 03:23:33.116425 30700 maintenance_manager.cc:208] P 9ac490c05033476fa1a2e3b6df0c4522: Unregistered op UndoDeltaBlockGCOp(d578361f4e354051886ce73b660f4547)
I0309 03:23:33.116688 30700 maintenance_manager.cc:208] P 9ac490c05033476fa1a2e3b6df0c4522: Unregistered op FlushMRSOp(d578361f4e354051886ce73b660f4547)
I0309 03:23:33.116900 30700 maintenance_manager.cc:208] P 9ac490c05033476fa1a2e3b6df0c4522: Unregistered op FlushDeltaMemStoresOp(d578361f4e354051886ce73b660f4547)
I0309 03:23:33.117094 30700 maintenance_manager.cc:208] P 9ac490c05033476fa1a2e3b6df0c4522: Unregistered op LogGCOp(d578361f4e354051886ce73b660f4547)
I0309 03:23:33.117308 30700 raft_consensus.cc:1569] T d578361f4e354051886ce73b660f4547 P 9ac490c05033476fa1a2e3b6df0c4522 [term 1 FOLLOWER]: Raft consensus shutting down.
I0309 03:23:33.117609 30700 raft_consensus.cc:1585] T d578361f4e354051886ce73b660f4547 P 9ac490c05033476fa1a2e3b6df0c4522 [term 1 FOLLOWER]: Raft consensus is shut down!
I0309 03:23:33.121268 30700 ts_tablet_manager.cc:1020] T d578361f4e354051886ce73b660f4547 P 9ac490c05033476fa1a2e3b6df0c4522: Deleting tablet data with delete state TABLET_DATA_TOMBSTONED
I0309 03:23:33.126880 30700 ts_tablet_manager.cc:1032] T d578361f4e354051886ce73b660f4547 P 9ac490c05033476fa1a2e3b6df0c4522: Tablet deleted. Last logged OpId: 1.5
I0309 03:23:33.127092 30700 log.cc:876] T d578361f4e354051886ce73b660f4547 P 9ac490c05033476fa1a2e3b6df0c4522: Deleting WAL directory at /tmp/run_tha_testwMb3Fe/test-tmp/raft_consensus-itest.RaftConsensusITest.TestConfigChangeUnderLoad.1489029809628861-30306/raft_consensus-itest-cluster/ts-2/data/wals/d578361f4e354051886ce73b660f4547
I0309 03:23:33.128554 30327 catalog_manager.cc:2964] TS 9ac490c05033476fa1a2e3b6df0c4522 (127.118.98.2:33737): tablet d578361f4e354051886ce73b660f4547 (table TestTable [id=5bb2f4752c7f4018870da9c9f1939e83]) successfully deleted
I0309 03:23:33.130765 30306 raft_consensus-itest.cc:2186] Remove: Going from 2 to 1 replicas
I0309 03:23:33.130955 30306 raft_consensus-itest.cc:2189] Removing tserver with uuid cfbc8e5309724e0db68888e85869c200
I0309 03:23:33.135830 30470 consensus_peers.cc:381] T d578361f4e354051886ce73b660f4547 P 483390dba8e3468c88a3db52d2ec9929 -> Peer cfbc8e5309724e0db68888e85869c200 (127.118.98.1:50797): Closing peer: cfbc8e5309724e0db68888e85869c200
I0309 03:23:33.136178 30470 consensus_queue.cc:158] T d578361f4e354051886ce73b660f4547 P 483390dba8e3468c88a3db52d2ec9929 [LEADER]: Queue going to LEADER mode. State: All replicated index: 11, Majority replicated index: 11, Committed index: 11, Last appended: 1.13, Current term: 1, Majority size: 1, State: 1, Mode: LEADER, active raft config: opid_index: 14 OBSOLETE_local: false peers { permanent_uuid: "483390dba8e3468c88a3db52d2ec9929" member_type: VOTER last_known_addr { host: "127.118.98.0" port: 50573 } }
I0309 03:23:33.139660 30798 raft_consensus.cc:2100] T d578361f4e354051886ce73b660f4547 P 483390dba8e3468c88a3db52d2ec9929 [term 1 LEADER]: Committing config change with OpId 1.14: config changed from index 6 to 14, VOTER cfbc8e5309724e0db68888e85869c200 (127.118.98.1) evicted. New config: { opid_index: 14 OBSOLETE_local: false peers { permanent_uuid: "483390dba8e3468c88a3db52d2ec9929" member_type: VOTER last_known_addr { host: "127.118.98.0" port: 50573 } } }
I0309 03:23:33.145597 30346 catalog_manager.cc:2414] T d578361f4e354051886ce73b660f4547 reported consensus state change: config changed from index 6 to 14, VOTER cfbc8e5309724e0db68888e85869c200 (127.118.98.1) evicted. New consensus state: current_term: 1 leader_uuid: "483390dba8e3468c88a3db52d2ec9929" config { opid_index: 14 OBSOLETE_local: false peers { permanent_uuid: "483390dba8e3468c88a3db52d2ec9929" member_type: VOTER last_known_addr { host: "127.118.98.0" port: 50573 } } }
I0309 03:23:33.146270 30346 catalog_manager.cc:2988] Sending DeleteTablet(TABLET_DATA_TOMBSTONED) for tablet d578361f4e354051886ce73b660f4547 on cfbc8e5309724e0db68888e85869c200 (127.118.98.1:50797) (TS cfbc8e5309724e0db68888e85869c200 not found in new config with opid_index 14)
I0309 03:23:33.147580 30306 raft_consensus-itest.cc:2198] Adding servers...
I0309 03:23:33.147759 30306 raft_consensus-itest.cc:2203] Add: Going from 1 to 2 replicas
I0309 03:23:33.147934 30306 raft_consensus-itest.cc:2206] Adding tserver with uuid cfbc8e5309724e0db68888e85869c200
I0309 03:23:33.147979 30575 tablet_service.cc:691] Processing DeleteTablet for tablet d578361f4e354051886ce73b660f4547 with delete_type TABLET_DATA_TOMBSTONED (TS cfbc8e5309724e0db68888e85869c200 not found in new config with opid_index 14) from {username='slave'} at 127.0.0.1:58926
I0309 03:23:33.148483 30575 tablet_peer.cc:221] Initiating TabletPeer shutdown for tablet: d578361f4e354051886ce73b660f4547
I0309 03:23:33.148761 30575 maintenance_manager.cc:208] P cfbc8e5309724e0db68888e85869c200: Unregistered op CompactRowSetsOp(d578361f4e354051886ce73b660f4547)
I0309 03:23:33.149032 30575 maintenance_manager.cc:208] P cfbc8e5309724e0db68888e85869c200: Unregistered op MinorDeltaCompactionOp(d578361f4e354051886ce73b660f4547)
I0309 03:23:33.149315 30575 maintenance_manager.cc:208] P cfbc8e5309724e0db68888e85869c200: Unregistered op MajorDeltaCompactionOp(d578361f4e354051886ce73b660f4547)
I0309 03:23:33.149521 30575 maintenance_manager.cc:208] P cfbc8e5309724e0db68888e85869c200: Unregistered op UndoDeltaBlockGCOp(d578361f4e354051886ce73b660f4547)
I0309 03:23:33.149768 30575 maintenance_manager.cc:208] P cfbc8e5309724e0db68888e85869c200: Unregistered op FlushMRSOp(d578361f4e354051886ce73b660f4547)
I0309 03:23:33.150020 30575 maintenance_manager.cc:208] P cfbc8e5309724e0db68888e85869c200: Unregistered op FlushDeltaMemStoresOp(d578361f4e354051886ce73b660f4547)
I0309 03:23:33.150379 30575 maintenance_manager.cc:208] P cfbc8e5309724e0db68888e85869c200: Unregistered op LogGCOp(d578361f4e354051886ce73b660f4547)
I0309 03:23:33.150267 30470 consensus_queue.cc:158] T d578361f4e354051886ce73b660f4547 P 483390dba8e3468c88a3db52d2ec9929 [LEADER]: Queue going to LEADER mode. State: All replicated index: 16, Majority replicated index: 14, Committed index: 14, Last appended: 1.16, Current term: 1, Majority size: 2, State: 1, Mode: LEADER, active raft config: opid_index: 17 OBSOLETE_local: false peers { permanent_uuid: "483390dba8e3468c88a3db52d2ec9929" member_type: VOTER last_known_addr { host: "127.118.98.0" port: 50573 } } peers { permanent_uuid: "cfbc8e5309724e0db68888e85869c200" member_type: VOTER last_known_addr { host: "127.118.98.1" port: 50797 } }
I0309 03:23:33.150820 30575 raft_consensus.cc:1569] T d578361f4e354051886ce73b660f4547 P cfbc8e5309724e0db68888e85869c200 [term 1 FOLLOWER]: Raft consensus shutting down.
I0309 03:23:33.151211 30575 raft_consensus_state.cc:371] T d578361f4e354051886ce73b660f4547 P cfbc8e5309724e0db68888e85869c200: Trying to abort 1 pending transactions.
I0309 03:23:33.151497 30575 raft_consensus_state.cc:376] T d578361f4e354051886ce73b660f4547 P cfbc8e5309724e0db68888e85869c200: Aborting transaction as it isn't in flight: id { term: 1 index: 12 } timestamp: 6099066114474205184 op_type: WRITE_OP write_request { tablet_id: "d578361f4e354051886ce73b660f4547" schema { columns { name: "key" type: INT32 is_key: true is_nullable: false encoding: AUTO_ENCODING compression: DEFAULT_COMPRESSION cfile_block_size: 0 } columns { name: "int_val" type: INT32 is_key: false is_nullable: false encoding: AUTO_ENCODING compression: DEFAULT_COMPRESSION cfile_block_size: 0 } columns { name: "string_val" type: STRING is_key: false is_nullable: true encoding: AUTO_ENCODING compression: DEFAULT_COMPRESSION cfile_block_size: 0 } } row_operations { rows: "\001\007\000\n\000\000\000\n\000\000\000\000\000\000\000\000\000\000\000\006\000\000\000\000\000\000\000" indirect_data: "key=10" } }
I0309 03:23:33.153317 30575 raft_consensus.cc:1585] T d578361f4e354051886ce73b660f4547 P cfbc8e5309724e0db68888e85869c200 [term 1 FOLLOWER]: Raft consensus is shut down!
I0309 03:23:33.157326 30575 ts_tablet_manager.cc:1020] T d578361f4e354051886ce73b660f4547 P cfbc8e5309724e0db68888e85869c200: Deleting tablet data with delete state TABLET_DATA_TOMBSTONED
I0309 03:23:33.162915 30575 ts_tablet_manager.cc:1032] T d578361f4e354051886ce73b660f4547 P cfbc8e5309724e0db68888e85869c200: Tablet deleted. Last logged OpId: 1.12
I0309 03:23:33.163128 30575 log.cc:876] T d578361f4e354051886ce73b660f4547 P cfbc8e5309724e0db68888e85869c200: Deleting WAL directory at /tmp/run_tha_testwMb3Fe/test-tmp/raft_consensus-itest.RaftConsensusITest.TestConfigChangeUnderLoad.1489029809628861-30306/raft_consensus-itest-cluster/ts-1/data/wals/d578361f4e354051886ce73b660f4547
I0309 03:23:33.164100 30790 consensus_queue.cc:381] T d578361f4e354051886ce73b660f4547 P 483390dba8e3468c88a3db52d2ec9929 [LEADER]: Peer cfbc8e5309724e0db68888e85869c200 needs tablet copy
I0309 03:23:33.164654 30329 catalog_manager.cc:2964] TS cfbc8e5309724e0db68888e85869c200 (127.118.98.1:50797): tablet d578361f4e354051886ce73b660f4547 (table TestTable [id=5bb2f4752c7f4018870da9c9f1939e83]) successfully deleted
I0309 03:23:33.168208 30822 ts_tablet_manager.cc:495] T d578361f4e354051886ce73b660f4547 P cfbc8e5309724e0db68888e85869c200: Initiating tablet copy from peer 483390dba8e3468c88a3db52d2ec9929 (127.118.98.0:50573)
I0309 03:23:33.172305 30822 tablet_copy_client.cc:167] T d578361f4e354051886ce73b660f4547 P cfbc8e5309724e0db68888e85869c200: Tablet Copy client: Beginning tablet copy session from remote peer at address 127.118.98.0:50573
I0309 03:23:33.183967 30490 tablet_copy_service.cc:101] P 483390dba8e3468c88a3db52d2ec9929: Received BeginTabletCopySession request for tablet d578361f4e354051886ce73b660f4547 from peer cfbc8e5309724e0db68888e85869c200 ({username='slave'} at 127.118.98.1:57157)
I0309 03:23:33.184264 30490 tablet_copy_service.cc:119] P 483390dba8e3468c88a3db52d2ec9929: Beginning new tablet copy session on tablet d578361f4e354051886ce73b660f4547 from peer cfbc8e5309724e0db68888e85869c200 at {username='slave'} at 127.118.98.1:57157: session id = cfbc8e5309724e0db68888e85869c200-d578361f4e354051886ce73b660f4547
I0309 03:23:33.187376 30490 tablet_copy_source_session.cc:140] T d578361f4e354051886ce73b660f4547 P 483390dba8e3468c88a3db52d2ec9929: Tablet Copy: opened 0 blocks and 1 log segments
I0309 03:23:33.189376 30822 ts_tablet_manager.cc:1020] T d578361f4e354051886ce73b660f4547 P cfbc8e5309724e0db68888e85869c200: Deleting tablet data with delete state TABLET_DATA_COPYING
I0309 03:23:33.194490 30822 ts_tablet_manager.cc:1032] T d578361f4e354051886ce73b660f4547 P cfbc8e5309724e0db68888e85869c200: Tablet deleted. Last logged OpId: 1.12
I0309 03:23:33.194859 30822 ts_tablet_manager.cc:862] T d578361f4e354051886ce73b660f4547 P cfbc8e5309724e0db68888e85869c200: Registered tablet (data state: TABLET_DATA_COPYING)
I0309 03:23:33.195287 30822 tablet_copy_client.cc:427] T d578361f4e354051886ce73b660f4547 P cfbc8e5309724e0db68888e85869c200: Tablet Copy client: Starting download of 0 data blocks...
I0309 03:23:33.195549 30822 tablet_copy_client.cc:390] T d578361f4e354051886ce73b660f4547 P cfbc8e5309724e0db68888e85869c200: Tablet Copy client: Starting download of 1 WAL segments...
I0309 03:23:33.200459 30822 tablet_copy_client.cc:291] T d578361f4e354051886ce73b660f4547 P cfbc8e5309724e0db68888e85869c200: Tablet Copy client: Tablet Copy complete. Replacing tablet superblock.
I0309 03:23:33.203085 30822 ts_tablet_manager.cc:723] T d578361f4e354051886ce73b660f4547 P cfbc8e5309724e0db68888e85869c200: Bootstrapping tablet
I0309 03:23:33.205236 30822 tablet_bootstrap.cc:382] T d578361f4e354051886ce73b660f4547 P cfbc8e5309724e0db68888e85869c200: Bootstrap starting.
I0309 03:23:33.206575 30822 tablet_bootstrap.cc:541] T d578361f4e354051886ce73b660f4547 P cfbc8e5309724e0db68888e85869c200: Time spent opening tablet: real 0.000s	user 0.004s	sys 0.000s
I0309 03:23:33.207026 30822 tablet_bootstrap.cc:597] T d578361f4e354051886ce73b660f4547 P cfbc8e5309724e0db68888e85869c200: Will attempt to recover log segment /tmp/run_tha_testwMb3Fe/test-tmp/raft_consensus-itest.RaftConsensusITest.TestConfigChangeUnderLoad.1489029809628861-30306/raft_consensus-itest-cluster/ts-1/data/wals/d578361f4e354051886ce73b660f4547/wal-000000001 to /tmp/run_tha_testwMb3Fe/test-tmp/raft_consensus-itest.RaftConsensusITest.TestConfigChangeUnderLoad.1489029809628861-30306/raft_consensus-itest-cluster/ts-1/data/wals/d578361f4e354051886ce73b660f4547.recovery/wal-000000001
I0309 03:23:33.207171 30822 tablet_bootstrap.cc:605] T d578361f4e354051886ce73b660f4547 P cfbc8e5309724e0db68888e85869c200: Moving log directory /tmp/run_tha_testwMb3Fe/test-tmp/raft_consensus-itest.RaftConsensusITest.TestConfigChangeUnderLoad.1489029809628861-30306/raft_consensus-itest-cluster/ts-1/data/wals/d578361f4e354051886ce73b660f4547 to recovery directory /tmp/run_tha_testwMb3Fe/test-tmp/raft_consensus-itest.RaftConsensusITest.TestConfigChangeUnderLoad.1489029809628861-30306/raft_consensus-itest-cluster/ts-1/data/wals/d578361f4e354051886ce73b660f4547.recovery in preparation for log replay
I0309 03:23:33.207811 30822 log_util.cc:322] Log segment /tmp/run_tha_testwMb3Fe/test-tmp/raft_consensus-itest.RaftConsensusITest.TestConfigChangeUnderLoad.1489029809628861-30306/raft_consensus-itest-cluster/ts-1/data/wals/d578361f4e354051886ce73b660f4547.recovery/wal-000000001 has no footer. This segment was likely being written when the server previously shut down.
I0309 03:23:33.207947 30822 log_reader.cc:160] Log segment /tmp/run_tha_testwMb3Fe/test-tmp/raft_consensus-itest.RaftConsensusITest.TestConfigChangeUnderLoad.1489029809628861-30306/raft_consensus-itest-cluster/ts-1/data/wals/d578361f4e354051886ce73b660f4547.recovery/wal-000000001 was likely left in-progress after a previous crash. Will try to rebuild footer by scanning data.
I0309 03:23:33.213179 30822 log_util.cc:384] Successfully rebuilt footer for segment: /tmp/run_tha_testwMb3Fe/test-tmp/raft_consensus-itest.RaftConsensusITest.TestConfigChangeUnderLoad.1489029809628861-30306/raft_consensus-itest-cluster/ts-1/data/wals/d578361f4e354051886ce73b660f4547.recovery/wal-000000001 (valid entries through byte offset 5060)
I0309 03:23:33.213604 30822 tablet.cc:992] T d578361f4e354051886ce73b660f4547 P cfbc8e5309724e0db68888e85869c200: Rewinding schema during bootstrap to Schema [
	10:key[int32 NOT NULL],
	11:int_val[int32 NOT NULL],
	12:string_val[string NULLABLE]
]
I0309 03:23:33.245020 30822 tablet_bootstrap.cc:382] T d578361f4e354051886ce73b660f4547 P cfbc8e5309724e0db68888e85869c200: Bootstrap replayed 1/1 log segments. Stats: ops{read=25 overwritten=0 applied=16 ignored=0} inserts{seen=13 ignored=0} mutations{seen=0 ignored=0} orphaned_commits=0. Pending: 9 replicates
I0309 03:23:33.249168 30822 tablet_bootstrap.cc:1020] T d578361f4e354051886ce73b660f4547 P cfbc8e5309724e0db68888e85869c200: ReplayState: Previous OpId: 1.25, Committed OpId: 1.16, Pending Replicates: 9, Pending Commits: 0
I0309 03:23:33.249310 30822 tablet_bootstrap.cc:1020] T d578361f4e354051886ce73b660f4547 P cfbc8e5309724e0db68888e85869c200: Dumping REPLICATES: 
I0309 03:23:33.249444 30822 tablet_bootstrap.cc:1020] T d578361f4e354051886ce73b660f4547 P cfbc8e5309724e0db68888e85869c200:    type: REPLICATE replicate { id { term: 1 index: 17 } timestamp: 6099066114662236160 op_type: CHANGE_CONFIG_OP change_config_record { tablet_id: "d578361f4e354051886ce73b660f4547" old_config { opid_index: 14 OBSOLETE_local: false peers { permanent_uuid: "483390dba8e3468c88a3db52d2ec9929" member_type: VOTER last_known_addr { host: "127.118.98.0" port: 50573 } } } new_config { opid_index: 17 OBSOLETE_local: false peers { permanent_uuid: "483390dba8e3468c88a3db52d2ec9929" member_type: VOTER last_known_addr { host: "127.118.98.0" port: 50573 } } peers { permanent_uuid: "cfbc8e5309724e0db68888e85869c200" member_type: VOTER last_known_addr { host: "127.118.98.1" port: 50797 } } } } }
I0309 03:23:33.249567 30822 tablet_bootstrap.cc:1020] T d578361f4e354051886ce73b660f4547 P cfbc8e5309724e0db68888e85869c200:    type: REPLICATE replicate { id { term: 1 index: 18 } timestamp: 6099066114664169472 op_type: WRITE_OP write_request { tablet_id: "d578361f4e354051886ce73b660f4547" schema { columns { name: "key" type: INT32 is_key: true is_nullable: false encoding: AUTO_ENCODING compression: DEFAULT_COMPRESSION cfile_block_size: 0 } columns { name: "int_val" type: INT32 is_key: false is_nullable: false encoding: AUTO_ENCODING compression: DEFAULT_COMPRESSION cfile_block_size: 0 } columns { name: "string_val" type: STRING is_key: false is_nullable: true encoding: AUTO_ENCODING compression: DEFAULT_COMPRESSION cfile_block_size: 0 } } row_operations { rows: "\001\007\000\020\000\000\000\020\000\000\000\000\000\000\000\000\000\000\000\006\000\000\000\000\000\000\000" indirect_data: "key=16" } } }
I0309 03:23:33.249691 30822 tablet_bootstrap.cc:1020] T d578361f4e354051886ce73b660f4547 P cfbc8e5309724e0db68888e85869c200:    type: REPLICATE replicate { id { term: 1 index: 19 } timestamp: 6099066114708307968 op_type: WRITE_OP write_request { tablet_id: "d578361f4e354051886ce73b660f4547" schema { columns { name: "key" type: INT32 is_key: true is_nullable: false encoding: AUTO_ENCODING compression: DEFAULT_COMPRESSION cfile_block_size: 0 } columns { name: "int_val" type: INT32 is_key: false is_nullable: false encoding: AUTO_ENCODING compression: DEFAULT_COMPRESSION cfile_block_size: 0 } columns { name: "string_val" type: STRING is_key: false is_nullable: true encoding: AUTO_ENCODING compression: DEFAULT_COMPRESSION cfile_block_size: 0 } } row_operations { rows: "\001\007\000\016\000\000\000\016\000\000\000\000\000\000\000\000\000\000\000\006\000\000\000\000\000\000\000" indirect_data: "key=14" } } }
I0309 03:23:33.249862 30822 tablet_bootstrap.cc:1020] T d578361f4e354051886ce73b660f4547 P cfbc8e5309724e0db68888e85869c200:    type: REPLICATE replicate { id { term: 1 index: 20 } timestamp: 6099066114738683904 op_type: WRITE_OP write_request { tablet_id: "d578361f4e354051886ce73b660f4547" schema { columns { name: "key" type: INT32 is_key: true is_nullable: false encoding: AUTO_ENCODING compression: DEFAULT_COMPRESSION cfile_block_size: 0 } columns { name: "int_val" type: INT32 is_key: false is_nullable: false encoding: AUTO_ENCODING compression: DEFAULT_COMPRESSION cfile_block_size: 0 } columns { name: "string_val" type: STRING is_key: false is_nullable: true encoding: AUTO_ENCODING compression: DEFAULT_COMPRESSION cfile_block_size: 0 } } row_operations { rows: "\001\007\000\017\000\000\000\017\000\000\000\000\000\000\000\000\000\000\000\006\000\000\000\000\000\000\000" indirect_data: "key=15" } } }
I0309 03:23:33.250042 30822 tablet_bootstrap.cc:1020] T d578361f4e354051886ce73b660f4547 P cfbc8e5309724e0db68888e85869c200:    type: REPLICATE replicate { id { term: 1 index: 21 } timestamp: 6099066114745901056 op_type: WRITE_OP write_request { tablet_id: "d578361f4e354051886ce73b660f4547" schema { columns { name: "key" type: INT32 is_key: true is_nullable: false encoding: AUTO_ENCODING compression: DEFAULT_COMPRESSION cfile_block_size: 0 } columns { name: "int_val" type: INT32 is_key: false is_nullable: false encoding: AUTO_ENCODING compression: DEFAULT_COMPRESSION cfile_block_size: 0 } columns { name: "string_val" type: STRING is_key: false is_nullable: true encoding: AUTO_ENCODING compression: DEFAULT_COMPRESSION cfile_block_size: 0 } } row_operations { rows: "\001\007\000\021\000\000\000\021\000\000\000\000\000\000\000\000\000\000\000\006\000\000\000\000\000\000\000" indirect_data: "key=17" } } }
I0309 03:23:33.250206 30822 tablet_bootstrap.cc:1020] T d578361f4e354051886ce73b660f4547 P cfbc8e5309724e0db68888e85869c200:    type: REPLICATE replicate { id { term: 1 index: 22 } timestamp: 6099066114752983040 op_type: WRITE_OP write_request { tablet_id: "d578361f4e354051886ce73b660f4547" schema { columns { name: "key" type: INT32 is_key: true is_nullable: false encoding: AUTO_ENCODING compression: DEFAULT_COMPRESSION cfile_block_size: 0 } columns { name: "int_val" type: INT32 is_key: false is_nullable: false encoding: AUTO_ENCODING compression: DEFAULT_COMPRESSION cfile_block_size: 0 } columns { name: "string_val" type: STRING is_key: false is_nullable: true encoding: AUTO_ENCODING compression: DEFAULT_COMPRESSION cfile_block_size: 0 } } row_operations { rows: "\001\007\000\022\000\000\000\022\000\000\000\000\000\000\000\000\000\000\000\006\000\000\000\000\000\000\000" indirect_data: "key=18" } } }
I0309 03:23:33.250378 30822 tablet_bootstrap.cc:1020] T d578361f4e354051886ce73b660f4547 P cfbc8e5309724e0db68888e85869c200:    type: REPLICATE replicate { id { term: 1 index: 23 } timestamp: 6099066114758971392 op_type: WRITE_OP write_request { tablet_id: "d578361f4e354051886ce73b660f4547" schema { columns { name: "key" type: INT32 is_key: true is_nullable: false encoding: AUTO_ENCODING compression: DEFAULT_COMPRESSION cfile_block_size: 0 } columns { name: "int_val" type: INT32 is_key: false is_nullable: false encoding: AUTO_ENCODING compression: DEFAULT_COMPRESSION cfile_block_size: 0 } columns { name: "string_val" type: STRING is_key: false is_nullable: true encoding: AUTO_ENCODING compression: DEFAULT_COMPRESSION cfile_block_size: 0 } } row_operations { rows: "\001\007\000\023\000\000\000\023\000\000\000\000\000\000\000\000\000\000\000\006\000\000\000\000\000\000\000" indirect_data: "key=19" } } }
I0309 03:23:33.250538 30822 tablet_bootstrap.cc:1020] T d578361f4e354051886ce73b660f4547 P cfbc8e5309724e0db68888e85869c200:    type: REPLICATE replicate { id { term: 1 index: 24 } timestamp: 6099066114769047552 op_type: WRITE_OP write_request { tablet_id: "d578361f4e354051886ce73b660f4547" schema { columns { name: "key" type: INT32 is_key: true is_nullable: false encoding: AUTO_ENCODING compression: DEFAULT_COMPRESSION cfile_block_size: 0 } columns { name: "int_val" type: INT32 is_key: false is_nullable: false encoding: AUTO_ENCODING compression: DEFAULT_COMPRESSION cfile_block_size: 0 } columns { name: "string_val" type: STRING is_key: false is_nullable: true encoding: AUTO_ENCODING compression: DEFAULT_COMPRESSION cfile_block_size: 0 } } row_operations { rows: "\001\007\000\024\000\000\000\024\000\000\000\000\000\000\000\000\000\000\000\006\000\000\000\000\000\000\000" indirect_data: "key=20" } } }
I0309 03:23:33.250686 30822 tablet_bootstrap.cc:1020] T d578361f4e354051886ce73b660f4547 P cfbc8e5309724e0db68888e85869c200:    type: REPLICATE replicate { id { term: 1 index: 25 } timestamp: 6099066114776391680 op_type: WRITE_OP write_request { tablet_id: "d578361f4e354051886ce73b660f4547" schema { columns { name: "key" type: INT32 is_key: true is_nullable: false encoding: AUTO_ENCODING compression: DEFAULT_COMPRESSION cfile_block_size: 0 } columns { name: "int_val" type: INT32 is_key: false is_nullable: false encoding: AUTO_ENCODING compression: DEFAULT_COMPRESSION cfile_block_size: 0 } columns { name: "string_val" type: STRING is_key: false is_nullable: true encoding: AUTO_ENCODING compression: DEFAULT_COMPRESSION cfile_block_size: 0 } } row_operations { rows: "\001\007\000\025\000\000\000\025\000\000\000\000\000\000\000\000\000\000\000\006\000\000\000\000\000\000\000" indirect_data: "key=21" } } }
I0309 03:23:33.253151 30822 tablet_bootstrap.cc:634] T d578361f4e354051886ce73b660f4547 P cfbc8e5309724e0db68888e85869c200: Preparing to delete log recovery files and directory /tmp/run_tha_testwMb3Fe/test-tmp/raft_consensus-itest.RaftConsensusITest.TestConfigChangeUnderLoad.1489029809628861-30306/raft_consensus-itest-cluster/ts-1/data/wals/d578361f4e354051886ce73b660f4547.recovery
I0309 03:23:33.253325 30822 tablet_bootstrap.cc:637] T d578361f4e354051886ce73b660f4547 P cfbc8e5309724e0db68888e85869c200: Renaming log recovery dir from /tmp/run_tha_testwMb3Fe/test-tmp/raft_consensus-itest.RaftConsensusITest.TestConfigChangeUnderLoad.1489029809628861-30306/raft_consensus-itest-cluster/ts-1/data/wals/d578361f4e354051886ce73b660f4547.recovery to /tmp/run_tha_testwMb3Fe/test-tmp/raft_consensus-itest.RaftConsensusITest.TestConfigChangeUnderLoad.1489029809628861-30306/raft_consensus-itest-cluster/ts-1/data/wals/d578361f4e354051886ce73b660f4547.recovery-1489029813253291
I0309 03:23:33.253499 30822 tablet_bootstrap.cc:647] T d578361f4e354051886ce73b660f4547 P cfbc8e5309724e0db68888e85869c200: Deleting all files from renamed log recovery directory /tmp/run_tha_testwMb3Fe/test-tmp/raft_consensus-itest.RaftConsensusITest.TestConfigChangeUnderLoad.1489029809628861-30306/raft_consensus-itest-cluster/ts-1/data/wals/d578361f4e354051886ce73b660f4547.recovery-1489029813253291
I0309 03:23:33.253844 30822 tablet_bootstrap.cc:650] T d578361f4e354051886ce73b660f4547 P cfbc8e5309724e0db68888e85869c200: Completed deletion of old log recovery files and directory /tmp/run_tha_testwMb3Fe/test-tmp/raft_consensus-itest.RaftConsensusITest.TestConfigChangeUnderLoad.1489029809628861-30306/raft_consensus-itest-cluster/ts-1/data/wals/d578361f4e354051886ce73b660f4547.recovery-1489029813253291
I0309 03:23:33.254019 30822 tablet_bootstrap.cc:382] T d578361f4e354051886ce73b660f4547 P cfbc8e5309724e0db68888e85869c200: Bootstrap complete.
I0309 03:23:33.254303 30822 ts_tablet_manager.cc:728] T d578361f4e354051886ce73b660f4547 P cfbc8e5309724e0db68888e85869c200: Time spent bootstrapping tablet: real 0.051s	user 0.040s	sys 0.008s
I0309 03:23:33.257320 30822 raft_consensus.cc:288] T d578361f4e354051886ce73b660f4547 P cfbc8e5309724e0db68888e85869c200 [term 1 NON_PARTICIPANT]: Replica starting. Triggering 9 pending transactions. Active config: opid_index: 14 OBSOLETE_local: false peers { permanent_uuid: "483390dba8e3468c88a3db52d2ec9929" member_type: VOTER last_known_addr { host: "127.118.98.0" port: 50573 } }
I0309 03:23:33.262756 30822 raft_consensus.cc:548] T d578361f4e354051886ce73b660f4547 P cfbc8e5309724e0db68888e85869c200 [term 1 FOLLOWER]: Becoming Follower/Learner. State: Replica: cfbc8e5309724e0db68888e85869c200, State: 1, Role: FOLLOWER
I0309 03:23:33.263057 30822 consensus_queue.cc:176] T d578361f4e354051886ce73b660f4547 P cfbc8e5309724e0db68888e85869c200 [NON_LEADER]: Queue going to NON_LEADER mode. State: All replicated index: 0, Majority replicated index: 0, Committed index: 16, Last appended: 1.25, Current term: 0, Majority size: -1, State: 1, Mode: NON_LEADER
I0309 03:23:33.266271 30822 ts_tablet_manager.cc:755] T d578361f4e354051886ce73b660f4547 P cfbc8e5309724e0db68888e85869c200: Time spent starting tablet: real 0.012s	user 0.008s	sys 0.000s
I0309 03:23:33.268035 30490 tablet_copy_service.cc:240] P 483390dba8e3468c88a3db52d2ec9929: Request end of tablet copy session cfbc8e5309724e0db68888e85869c200-d578361f4e354051886ce73b660f4547 received from {username='slave'} at 127.118.98.1:57157
I0309 03:23:33.268314 30490 tablet_copy_service.cc:322] P 483390dba8e3468c88a3db52d2ec9929: Ending tablet copy session cfbc8e5309724e0db68888e85869c200-d578361f4e354051886ce73b660f4547 on tablet d578361f4e354051886ce73b660f4547 with peer cfbc8e5309724e0db68888e85869c200
I0309 03:23:33.520907 30798 raft_consensus.cc:2100] T d578361f4e354051886ce73b660f4547 P 483390dba8e3468c88a3db52d2ec9929 [term 1 LEADER]: Committing config change with OpId 1.17: config changed from index 14 to 17, VOTER cfbc8e5309724e0db68888e85869c200 (127.118.98.1) added. New config: { opid_index: 17 OBSOLETE_local: false peers { permanent_uuid: "483390dba8e3468c88a3db52d2ec9929" member_type: VOTER last_known_addr { host: "127.118.98.0" port: 50573 } } peers { permanent_uuid: "cfbc8e5309724e0db68888e85869c200" member_type: VOTER last_known_addr { host: "127.118.98.1" port: 50797 } } }
I0309 03:23:33.522097 30594 raft_consensus.cc:2100] T d578361f4e354051886ce73b660f4547 P cfbc8e5309724e0db68888e85869c200 [term 1 FOLLOWER]: Committing config change with OpId 1.17: config changed from index 14 to 17, VOTER cfbc8e5309724e0db68888e85869c200 (127.118.98.1) added. New config: { opid_index: 17 OBSOLETE_local: false peers { permanent_uuid: "483390dba8e3468c88a3db52d2ec9929" member_type: VOTER last_known_addr { host: "127.118.98.0" port: 50573 } } peers { permanent_uuid: "cfbc8e5309724e0db68888e85869c200" member_type: VOTER last_known_addr { host: "127.118.98.1" port: 50797 } } }
I0309 03:23:33.542994 30346 catalog_manager.cc:2414] T d578361f4e354051886ce73b660f4547 reported consensus state change: config changed from index 14 to 17, VOTER cfbc8e5309724e0db68888e85869c200 (127.118.98.1) added. New consensus state: current_term: 1 leader_uuid: "483390dba8e3468c88a3db52d2ec9929" config { opid_index: 17 OBSOLETE_local: false peers { permanent_uuid: "483390dba8e3468c88a3db52d2ec9929" member_type: VOTER last_known_addr { host: "127.118.98.0" port: 50573 } } peers { permanent_uuid: "cfbc8e5309724e0db68888e85869c200" member_type: VOTER last_known_addr { host: "127.118.98.1" port: 50797 } } }
I0309 03:23:33.549971 30306 raft_consensus-itest.cc:2203] Add: Going from 2 to 3 replicas
I0309 03:23:33.550165 30306 raft_consensus-itest.cc:2206] Adding tserver with uuid 9ac490c05033476fa1a2e3b6df0c4522
I0309 03:23:33.554352 30470 consensus_peers.cc:381] T d578361f4e354051886ce73b660f4547 P 483390dba8e3468c88a3db52d2ec9929 -> Peer cfbc8e5309724e0db68888e85869c200 (127.118.98.1:50797): Closing peer: cfbc8e5309724e0db68888e85869c200
I0309 03:23:33.554720 30470 consensus_queue.cc:158] T d578361f4e354051886ce73b660f4547 P 483390dba8e3468c88a3db52d2ec9929 [LEADER]: Queue going to LEADER mode. State: All replicated index: 25, Majority replicated index: 25, Committed index: 25, Last appended: 1.30, Current term: 1, Majority size: 2, State: 1, Mode: LEADER, active raft config: opid_index: 31 OBSOLETE_local: false peers { permanent_uuid: "483390dba8e3468c88a3db52d2ec9929" member_type: VOTER last_known_addr { host: "127.118.98.0" port: 50573 } } peers { permanent_uuid: "cfbc8e5309724e0db68888e85869c200" member_type: VOTER last_known_addr { host: "127.118.98.1" port: 50797 } } peers { permanent_uuid: "9ac490c05033476fa1a2e3b6df0c4522" member_type: VOTER last_known_addr { host: "127.118.98.2" port: 33737 } }
I0309 03:23:33.564692 30794 consensus_queue.cc:381] T d578361f4e354051886ce73b660f4547 P 483390dba8e3468c88a3db52d2ec9929 [LEADER]: Peer 9ac490c05033476fa1a2e3b6df0c4522 needs tablet copy
I0309 03:23:33.565273 30594 raft_consensus.cc:918] T d578361f4e354051886ce73b660f4547 P cfbc8e5309724e0db68888e85869c200 [term 1 FOLLOWER]: Refusing update from remote peer 483390dba8e3468c88a3db52d2ec9929: Log matching property violated. Preceding OpId in replica: term: 1 index: 27. Preceding OpId from leader: term: 1 index: 32. (index mismatch)
I0309 03:23:33.566926 30790 consensus_queue.cc:695] T d578361f4e354051886ce73b660f4547 P 483390dba8e3468c88a3db52d2ec9929 [LEADER]: Connected to new peer: Peer: cfbc8e5309724e0db68888e85869c200, Is new: false, Last received: 1.27, Next index: 28, Last known committed idx: 25, Last exchange result: ERROR, Needs tablet copy: false
I0309 03:23:33.568091 30831 ts_tablet_manager.cc:495] T d578361f4e354051886ce73b660f4547 P 9ac490c05033476fa1a2e3b6df0c4522: Initiating tablet copy from peer 483390dba8e3468c88a3db52d2ec9929 (127.118.98.0:50573)
I0309 03:23:33.571640 30831 tablet_copy_client.cc:167] T d578361f4e354051886ce73b660f4547 P 9ac490c05033476fa1a2e3b6df0c4522: Tablet Copy client: Beginning tablet copy session from remote peer at address 127.118.98.0:50573
I0309 03:23:33.585562 30490 tablet_copy_service.cc:101] P 483390dba8e3468c88a3db52d2ec9929: Received BeginTabletCopySession request for tablet d578361f4e354051886ce73b660f4547 from peer 9ac490c05033476fa1a2e3b6df0c4522 ({username='slave'} at 127.118.98.2:53855)
I0309 03:23:33.585790 30490 tablet_copy_service.cc:119] P 483390dba8e3468c88a3db52d2ec9929: Beginning new tablet copy session on tablet d578361f4e354051886ce73b660f4547 from peer 9ac490c05033476fa1a2e3b6df0c4522 at {username='slave'} at 127.118.98.2:53855: session id = 9ac490c05033476fa1a2e3b6df0c4522-d578361f4e354051886ce73b660f4547
I0309 03:23:33.594061 30798 raft_consensus.cc:2100] T d578361f4e354051886ce73b660f4547 P 483390dba8e3468c88a3db52d2ec9929 [term 1 LEADER]: Committing config change with OpId 1.31: config changed from index 17 to 31, VOTER 9ac490c05033476fa1a2e3b6df0c4522 (127.118.98.2) added. New config: { opid_index: 31 OBSOLETE_local: false peers { permanent_uuid: "483390dba8e3468c88a3db52d2ec9929" member_type: VOTER last_known_addr { host: "127.118.98.0" port: 50573 } } peers { permanent_uuid: "cfbc8e5309724e0db68888e85869c200" member_type: VOTER last_known_addr { host: "127.118.98.1" port: 50797 } } peers { permanent_uuid: "9ac490c05033476fa1a2e3b6df0c4522" member_type: VOTER last_known_addr { host: "127.118.98.2" port: 33737 } } }
I0309 03:23:33.591519 30594 raft_consensus.cc:2100] T d578361f4e354051886ce73b660f4547 P cfbc8e5309724e0db68888e85869c200 [term 1 FOLLOWER]: Committing config change with OpId 1.31: config changed from index 17 to 31, VOTER 9ac490c05033476fa1a2e3b6df0c4522 (127.118.98.2) added. New config: { opid_index: 31 OBSOLETE_local: false peers { permanent_uuid: "483390dba8e3468c88a3db52d2ec9929" member_type: VOTER last_known_addr { host: "127.118.98.0" port: 50573 } } peers { permanent_uuid: "cfbc8e5309724e0db68888e85869c200" member_type: VOTER last_known_addr { host: "127.118.98.1" port: 50797 } } peers { permanent_uuid: "9ac490c05033476fa1a2e3b6df0c4522" member_type: VOTER last_known_addr { host: "127.118.98.2" port: 33737 } } }
I0309 03:23:33.606588 30490 tablet_copy_source_session.cc:140] T d578361f4e354051886ce73b660f4547 P 483390dba8e3468c88a3db52d2ec9929: Tablet Copy: opened 0 blocks and 1 log segments
I0309 03:23:33.607859 30346 catalog_manager.cc:2414] T d578361f4e354051886ce73b660f4547 reported consensus state change: config changed from index 17 to 31, VOTER 9ac490c05033476fa1a2e3b6df0c4522 (127.118.98.2) added. New consensus state: current_term: 1 leader_uuid: "483390dba8e3468c88a3db52d2ec9929" config { opid_index: 31 OBSOLETE_local: false peers { permanent_uuid: "483390dba8e3468c88a3db52d2ec9929" member_type: VOTER last_known_addr { host: "127.118.98.0" port: 50573 } } peers { permanent_uuid: "cfbc8e5309724e0db68888e85869c200" member_type: VOTER last_known_addr { host: "127.118.98.1" port: 50797 } } peers { permanent_uuid: "9ac490c05033476fa1a2e3b6df0c4522" member_type: VOTER last_known_addr { host: "127.118.98.2" port: 33737 } } }
I0309 03:23:33.609580 30831 ts_tablet_manager.cc:1020] T d578361f4e354051886ce73b660f4547 P 9ac490c05033476fa1a2e3b6df0c4522: Deleting tablet data with delete state TABLET_DATA_COPYING
I0309 03:23:33.616036 30306 raft_consensus-itest.cc:2215] Joining writer threads...
I0309 03:23:33.617756 30831 ts_tablet_manager.cc:1032] T d578361f4e354051886ce73b660f4547 P 9ac490c05033476fa1a2e3b6df0c4522: Tablet deleted. Last logged OpId: 1.5
I0309 03:23:33.618268 30831 ts_tablet_manager.cc:862] T d578361f4e354051886ce73b660f4547 P 9ac490c05033476fa1a2e3b6df0c4522: Registered tablet (data state: TABLET_DATA_COPYING)
I0309 03:23:33.619705 30831 tablet_copy_client.cc:427] T d578361f4e354051886ce73b660f4547 P 9ac490c05033476fa1a2e3b6df0c4522: Tablet Copy client: Starting download of 0 data blocks...
I0309 03:23:33.620017 30831 tablet_copy_client.cc:390] T d578361f4e354051886ce73b660f4547 P 9ac490c05033476fa1a2e3b6df0c4522: Tablet Copy client: Starting download of 1 WAL segments...
I0309 03:23:33.635402 30831 tablet_copy_client.cc:291] T d578361f4e354051886ce73b660f4547 P 9ac490c05033476fa1a2e3b6df0c4522: Tablet Copy client: Tablet Copy complete. Replacing tablet superblock.
I0309 03:23:33.643169 30831 ts_tablet_manager.cc:723] T d578361f4e354051886ce73b660f4547 P 9ac490c05033476fa1a2e3b6df0c4522: Bootstrapping tablet
I0309 03:23:33.646852 30831 tablet_bootstrap.cc:382] T d578361f4e354051886ce73b660f4547 P 9ac490c05033476fa1a2e3b6df0c4522: Bootstrap starting.
I0309 03:23:33.648385 30831 tablet_bootstrap.cc:541] T d578361f4e354051886ce73b660f4547 P 9ac490c05033476fa1a2e3b6df0c4522: Time spent opening tablet: real 0.000s	user 0.000s	sys 0.000s
I0309 03:23:33.648857 30831 tablet_bootstrap.cc:597] T d578361f4e354051886ce73b660f4547 P 9ac490c05033476fa1a2e3b6df0c4522: Will attempt to recover log segment /tmp/run_tha_testwMb3Fe/test-tmp/raft_consensus-itest.RaftConsensusITest.TestConfigChangeUnderLoad.1489029809628861-30306/raft_consensus-itest-cluster/ts-2/data/wals/d578361f4e354051886ce73b660f4547/wal-000000001 to /tmp/run_tha_testwMb3Fe/test-tmp/raft_consensus-itest.RaftConsensusITest.TestConfigChangeUnderLoad.1489029809628861-30306/raft_consensus-itest-cluster/ts-2/data/wals/d578361f4e354051886ce73b660f4547.recovery/wal-000000001
I0309 03:23:33.649045 30831 tablet_bootstrap.cc:605] T d578361f4e354051886ce73b660f4547 P 9ac490c05033476fa1a2e3b6df0c4522: Moving log directory /tmp/run_tha_testwMb3Fe/test-tmp/raft_consensus-itest.RaftConsensusITest.TestConfigChangeUnderLoad.1489029809628861-30306/raft_consensus-itest-cluster/ts-2/data/wals/d578361f4e354051886ce73b660f4547 to recovery directory /tmp/run_tha_testwMb3Fe/test-tmp/raft_consensus-itest.RaftConsensusITest.TestConfigChangeUnderLoad.1489029809628861-30306/raft_consensus-itest-cluster/ts-2/data/wals/d578361f4e354051886ce73b660f4547.recovery in preparation for log replay
I0309 03:23:33.649732 30831 log_util.cc:322] Log segment /tmp/run_tha_testwMb3Fe/test-tmp/raft_consensus-itest.RaftConsensusITest.TestConfigChangeUnderLoad.1489029809628861-30306/raft_consensus-itest-cluster/ts-2/data/wals/d578361f4e354051886ce73b660f4547.recovery/wal-000000001 has no footer. This segment was likely being written when the server previously shut down.
I0309 03:23:33.649875 30831 log_reader.cc:160] Log segment /tmp/run_tha_testwMb3Fe/test-tmp/raft_consensus-itest.RaftConsensusITest.TestConfigChangeUnderLoad.1489029809628861-30306/raft_consensus-itest-cluster/ts-2/data/wals/d578361f4e354051886ce73b660f4547.recovery/wal-000000001 was likely left in-progress after a previous crash. Will try to rebuild footer by scanning data.
I0309 03:23:33.657661 30831 log_util.cc:384] Successfully rebuilt footer for segment: /tmp/run_tha_testwMb3Fe/test-tmp/raft_consensus-itest.RaftConsensusITest.TestConfigChangeUnderLoad.1489029809628861-30306/raft_consensus-itest-cluster/ts-2/data/wals/d578361f4e354051886ce73b660f4547.recovery/wal-000000001 (valid entries through byte offset 7036)
I0309 03:23:33.658110 30831 tablet.cc:992] T d578361f4e354051886ce73b660f4547 P 9ac490c05033476fa1a2e3b6df0c4522: Rewinding schema during bootstrap to Schema [
	10:key[int32 NOT NULL],
	11:int_val[int32 NOT NULL],
	12:string_val[string NULLABLE]
]
I0309 03:23:33.720912 30831 tablet_bootstrap.cc:382] T d578361f4e354051886ce73b660f4547 P 9ac490c05033476fa1a2e3b6df0c4522: Bootstrap replayed 1/1 log segments. Stats: ops{read=34 overwritten=0 applied=25 ignored=0} inserts{seen=21 ignored=0} mutations{seen=0 ignored=0} orphaned_commits=0. Pending: 9 replicates
==================
WARNING: ThreadSanitizer: data race (pid=30380)
  Write of size 8 at 0x7d2400112350 by thread T8 (mutexes: write M2103):
    #0 memcpy /data/8/awong/kudu/thirdparty/src/llvm-3.9.1.src/projects/compiler-rt/lib/tsan/../sanitizer_common/sanitizer_common_interceptors.inc:598 (kudu-tserver+0x000000448dec)
    #1 kudu::consensus::PeerMessageQueue::NotifyPeerIsResponsiveDespiteError(std::__1::basic_string<char, std::__1::char_traits<char>, std::__1::allocator<char> > const&) /home/awong/8/kudu/src/kudu/consensus/consensus_queue.cc:589:44 (libconsensus.so+0x00000008c9e4)
    #2 kudu::consensus::Peer::ProcessTabletCopyResponse() /home/awong/8/kudu/src/kudu/consensus/consensus_peers.cc:341:15 (libconsensus.so+0x00000006f6ce)
    #3 kudu::consensus::Peer::SendNextRequest(bool)::$_1::operator()() const /home/awong/8/kudu/src/kudu/consensus/consensus_peers.cc:203:39 (libconsensus.so+0x000000073856)
    #4 boost::detail::function::void_function_obj_invoker0<kudu::consensus::Peer::SendNextRequest(bool)::$_1, void>::invoke(boost::detail::function::function_buffer&) /home/awong/8/kudu/thirdparty/installed/tsan/include/boost/function/function_template.hpp:159:11 (libconsensus.so+0x0000000734a0)
    #5 boost::function0<void>::operator()() const /home/awong/8/kudu/thirdparty/installed/tsan/include/boost/function/function_template.hpp:770:14 (libkrpc.so+0x00000010701a)
    #6 kudu::rpc::OutboundCall::CallCallback() /home/awong/8/kudu/src/kudu/rpc/outbound_call.cc:193:5 (libkrpc.so+0x000000103896)
    #7 kudu::rpc::OutboundCall::SetResponse(gscoped_ptr<kudu::rpc::CallResponse, kudu::DefaultDeleter<kudu::rpc::CallResponse> >) /home/awong/8/kudu/src/kudu/rpc/outbound_call.cc:225:5 (libkrpc.so+0x000000103d2b)
