Note: Google Test filter = RaftConsensusITest.TestConfigChangeUnderLoad
[==========] Running 1 test from 1 test case.
[----------] Global test environment set-up.
[----------] 1 test from RaftConsensusITest
[ RUN      ] RaftConsensusITest.TestConfigChangeUnderLoad
I0309 03:23:29.698622 30306 test_util.cc:180] Using random seed: -992086312
I0309 03:23:29.849476 30306 ts_itest-base.h:91] Starting cluster with:
I0309 03:23:29.849717 30306 ts_itest-base.h:92] --------------
I0309 03:23:29.849805 30306 ts_itest-base.h:93] 3 tablet servers
I0309 03:23:29.849902 30306 ts_itest-base.h:94] 3 replicas per TS
I0309 03:23:29.849997 30306 ts_itest-base.h:95] --------------
I0309 03:23:29.853040 30306 external_mini_cluster.cc:693] Running /tmp/run_tha_testwMb3Fe/build/tsan/bin/kudu-master
kudu-master
--fs_wal_dir=/tmp/run_tha_testwMb3Fe/test-tmp/raft_consensus-itest.RaftConsensusITest.TestConfigChangeUnderLoad.1489029809628861-30306/raft_consensus-itest-cluster/master-0/data
--fs_data_dirs=/tmp/run_tha_testwMb3Fe/test-tmp/raft_consensus-itest.RaftConsensusITest.TestConfigChangeUnderLoad.1489029809628861-30306/raft_consensus-itest-cluster/master-0/data
--webserver_interface=localhost
--ipki_ca_key_size=1024
--tsk_num_rsa_bits=512
--webserver_port=0
--rpc_bind_addresses=127.0.0.1:0
--never_fsync
--ipki_server_key_size=1024
--enable_minidumps=false
--redact=flag
--metrics_log_interval_ms=1000
--logtostderr
--logbuflevel=-1
--log_dir=/tmp/run_tha_testwMb3Fe/test-tmp/raft_consensus-itest.RaftConsensusITest.TestConfigChangeUnderLoad.1489029809628861-30306/raft_consensus-itest-cluster/master-0/logs
--server_dump_info_path=/tmp/run_tha_testwMb3Fe/test-tmp/raft_consensus-itest.RaftConsensusITest.TestConfigChangeUnderLoad.1489029809628861-30306/raft_consensus-itest-cluster/master-0/data/info.pb
--server_dump_info_format=pb
--rpc_server_allow_ephemeral_ports
--unlock_experimental_flags
--unlock_unsafe_flags
--master_add_server_when_underreplicated=false
--catalog_manager_wait_for_new_tablets_to_elect_leader=false with env {}
WARNING: Logging before InitGoogleLogging() is written to STDERR
W0309 03:23:29.967145 30318 flags.cc:393] Enabled unsafe flag: --rpc_server_allow_ephemeral_ports=true
W0309 03:23:29.967577 30318 flags.cc:393] Enabled unsafe flag: --never_fsync=true
W0309 03:23:29.982120 30318 flags.cc:393] Enabled experimental flag: --ipki_ca_key_size=1024
W0309 03:23:29.982262 30318 flags.cc:393] Enabled experimental flag: --ipki_server_key_size=1024
W0309 03:23:29.982440 30318 flags.cc:393] Enabled experimental flag: --tsk_num_rsa_bits=512
I0309 03:23:30.002919 30318 master_main.cc:60] Master server non-default flags:
--log_dir=/tmp/run_tha_testwMb3Fe/test-tmp/raft_consensus-itest.RaftConsensusITest.TestConfigChangeUnderLoad.1489029809628861-30306/raft_consensus-itest-cluster/master-0/logs
--logbuflevel=-1
--logtostderr=true
--fs_data_dirs=/tmp/run_tha_testwMb3Fe/test-tmp/raft_consensus-itest.RaftConsensusITest.TestConfigChangeUnderLoad.1489029809628861-30306/raft_consensus-itest-cluster/master-0/data
--fs_wal_dir=/tmp/run_tha_testwMb3Fe/test-tmp/raft_consensus-itest.RaftConsensusITest.TestConfigChangeUnderLoad.1489029809628861-30306/raft_consensus-itest-cluster/master-0/data
--catalog_manager_wait_for_new_tablets_to_elect_leader=false
--master_add_server_when_underreplicated=false
--ipki_ca_key_size=1024
--ipki_server_key_size=1024
--tsk_num_rsa_bits=512
--rpc_bind_addresses=127.0.0.1:0
--rpc_server_allow_ephemeral_ports=true
--metrics_log_interval_ms=1000
--server_dump_info_format=pb
--server_dump_info_path=/tmp/run_tha_testwMb3Fe/test-tmp/raft_consensus-itest.RaftConsensusITest.TestConfigChangeUnderLoad.1489029809628861-30306/raft_consensus-itest-cluster/master-0/data/info.pb
--webserver_interface=localhost
--webserver_port=0
--never_fsync=true
--heap_profile_path=/tmp/kudu-master.30318
--redact=flag
--unlock_experimental_flags=true
--unlock_unsafe_flags=true
--enable_minidumps=false
Master server version:
kudu 1.4.0-SNAPSHOT
revision f24307db4deda6e9da037514afc5573f1231cdfb
build type DEBUG
built by awong at 08 Mar 2017 18:34:54 PST on ve0518.halxg.cloudera.com
TSAN enabled
I0309 03:23:30.003407 30318 mem_tracker.cc:140] MemTracker: hard memory limit is 11.777661 GB
I0309 03:23:30.003533 30318 mem_tracker.cc:142] MemTracker: soft memory limit is 7.066597 GB
I0309 03:23:30.014881 30318 master_main.cc:67] Initializing master server...
I0309 03:23:30.016595 30318 hybrid_clock.cc:177] HybridClock initialized. Resolution in nanos?: 1 Wait times tolerance adjustment: 1.0005 Current error: 35954
I0309 03:23:30.023128 30318 env_posix.cc:1313] Not raising process file limit of 65536; it is already as high as it can go
I0309 03:23:30.023530 30318 file_cache.cc:401] Constructed file cache lbm with capacity 26214
W0309 03:23:30.023988 30318 fs_manager.cc:516] Unable to read directory: Not found: /tmp/run_tha_testwMb3Fe/test-tmp/raft_consensus-itest.RaftConsensusITest.TestConfigChangeUnderLoad.1489029809628861-30306/raft_consensus-itest-cluster/master-0/data: No such file or directory (error 2)
W0309 03:23:30.024158 30318 fs_manager.cc:525] could not check and fix permissions for path: /tmp/run_tha_testwMb3Fe/test-tmp/raft_consensus-itest.RaftConsensusITest.TestConfigChangeUnderLoad.1489029809628861-30306/raft_consensus-itest-cluster/master-0/data: Not found: stat: No such file or directory (error 2)
I0309 03:23:30.024379 30318 server_base.cc:213] Could not load existing FS layout: Not found: /tmp/run_tha_testwMb3Fe/test-tmp/raft_consensus-itest.RaftConsensusITest.TestConfigChangeUnderLoad.1489029809628861-30306/raft_consensus-itest-cluster/master-0/data/instance: No such file or directory (error 2)
I0309 03:23:30.024503 30318 server_base.cc:214] Creating new FS layout
I0309 03:23:30.032912 30318 fs_manager.cc:370] Generated new instance metadata in path /tmp/run_tha_testwMb3Fe/test-tmp/raft_consensus-itest.RaftConsensusITest.TestConfigChangeUnderLoad.1489029809628861-30306/raft_consensus-itest-cluster/master-0/data/instance:
uuid: "ca61663240fd46ca99eeef69685d0edc"
format_stamp: "Formatted at 2017-03-09 03:23:30 on dist-test-slave-dist-test-slave-ztqf"
I0309 03:23:30.044461 30318 fs_manager.cc:256] Time spent opening block manager: real 0.003s	user 0.000s	sys 0.008s
I0309 03:23:30.044605 30318 fs_manager.cc:259] Opened local filesystem: /tmp/run_tha_testwMb3Fe/test-tmp/raft_consensus-itest.RaftConsensusITest.TestConfigChangeUnderLoad.1489029809628861-30306/raft_consensus-itest-cluster/master-0/data
uuid: "ca61663240fd46ca99eeef69685d0edc"
format_stamp: "Formatted at 2017-03-09 03:23:30 on dist-test-slave-dist-test-slave-ztqf"
I0309 03:23:30.239030 30318 master_main.cc:70] Starting Master server...
I0309 03:23:30.285914 30318 rpc_server.cc:164] RPC server started. Bound to: 127.0.0.1:39471
I0309 03:23:30.287201 30318 webserver.cc:133] Starting webserver on localhost:0
I0309 03:23:30.287365 30318 webserver.cc:144] Document root disabled
I0309 03:23:30.287917 30318 net_util.cc:195] Address 127.0.0.1:0 for localhost:0 duplicates an earlier resolved entry.
I0309 03:23:30.289135 30318 webserver.cc:260] Webserver started. Bound to: http://127.0.0.1:56469/
I0309 03:23:30.289933 30318 server_base.cc:356] Dumped server information to /tmp/run_tha_testwMb3Fe/test-tmp/raft_consensus-itest.RaftConsensusITest.TestConfigChangeUnderLoad.1489029809628861-30306/raft_consensus-itest-cluster/master-0/data/info.pb
I0309 03:23:30.294730 30306 external_mini_cluster.cc:738] Started /tmp/run_tha_testwMb3Fe/build/tsan/bin/kudu-master as pid 30318
I0309 03:23:30.295928 30306 external_mini_cluster.cc:693] Running /tmp/run_tha_testwMb3Fe/build/tsan/bin/kudu-tserver
kudu-tserver
--fs_wal_dir=/tmp/run_tha_testwMb3Fe/test-tmp/raft_consensus-itest.RaftConsensusITest.TestConfigChangeUnderLoad.1489029809628861-30306/raft_consensus-itest-cluster/ts-0/data
--fs_data_dirs=/tmp/run_tha_testwMb3Fe/test-tmp/raft_consensus-itest.RaftConsensusITest.TestConfigChangeUnderLoad.1489029809628861-30306/raft_consensus-itest-cluster/ts-0/data
--rpc_bind_addresses=127.118.98.0:0
--local_ip_for_outbound_sockets=127.118.98.0
--webserver_interface=127.118.98.0
--webserver_port=0
--tserver_master_addrs=127.0.0.1:39471
--never_fsync
--ipki_server_key_size=1024
--enable_minidumps=false
--redact=flag
--metrics_log_interval_ms=1000
--logtostderr
--logbuflevel=-1
--log_dir=/tmp/run_tha_testwMb3Fe/test-tmp/raft_consensus-itest.RaftConsensusITest.TestConfigChangeUnderLoad.1489029809628861-30306/raft_consensus-itest-cluster/ts-0/logs
--server_dump_info_path=/tmp/run_tha_testwMb3Fe/test-tmp/raft_consensus-itest.RaftConsensusITest.TestConfigChangeUnderLoad.1489029809628861-30306/raft_consensus-itest-cluster/ts-0/data/info.pb
--server_dump_info_format=pb
--rpc_server_allow_ephemeral_ports
--unlock_experimental_flags
--unlock_unsafe_flags
--enable_leader_failure_detection=false with env {}
I0309 03:23:30.309197 30379 tablet_bootstrap.cc:382] T 00000000000000000000000000000000 P ca61663240fd46ca99eeef69685d0edc: Bootstrap starting.
I0309 03:23:30.311981 30379 tablet_bootstrap.cc:541] T 00000000000000000000000000000000 P ca61663240fd46ca99eeef69685d0edc: Time spent opening tablet: real 0.000s	user 0.000s	sys 0.000s
I0309 03:23:30.312450 30379 tablet_bootstrap.cc:484] T 00000000000000000000000000000000 P ca61663240fd46ca99eeef69685d0edc: No blocks or log segments found. Creating new log.
I0309 03:23:30.313766 30379 log.cc:381] T 00000000000000000000000000000000 P ca61663240fd46ca99eeef69685d0edc: Log is configured to *not* fsync() on all Append() calls
I0309 03:23:30.317548 30379 tablet_bootstrap.cc:382] T 00000000000000000000000000000000 P ca61663240fd46ca99eeef69685d0edc: No bootstrap required, opened a new log
I0309 03:23:30.322582 30379 raft_consensus.cc:288] T 00000000000000000000000000000000 P ca61663240fd46ca99eeef69685d0edc [term 0 FOLLOWER]: Replica starting. Triggering 0 pending transactions. Active config: opid_index: -1 OBSOLETE_local: true peers { permanent_uuid: "ca61663240fd46ca99eeef69685d0edc" member_type: VOTER }
I0309 03:23:30.323122 30379 raft_consensus.cc:319] T 00000000000000000000000000000000 P ca61663240fd46ca99eeef69685d0edc [term 0 FOLLOWER]: Consensus starting up: Expiring failure detector timer to make a prompt election more likely
I0309 03:23:30.323276 30379 raft_consensus.cc:548] T 00000000000000000000000000000000 P ca61663240fd46ca99eeef69685d0edc [term 0 FOLLOWER]: Becoming Follower/Learner. State: Replica: ca61663240fd46ca99eeef69685d0edc, State: 1, Role: FOLLOWER
I0309 03:23:30.323477 30379 consensus_queue.cc:176] T 00000000000000000000000000000000 P ca61663240fd46ca99eeef69685d0edc [NON_LEADER]: Queue going to NON_LEADER mode. State: All replicated index: 0, Majority replicated index: 0, Committed index: 0, Last appended: 0.0, Current term: 0, Majority size: -1, State: 1, Mode: NON_LEADER
I0309 03:23:30.323694 30379 raft_consensus.cc:332] T 00000000000000000000000000000000 P ca61663240fd46ca99eeef69685d0edc [term 0 FOLLOWER]: Only one voter in the Raft config. Triggering election immediately
I0309 03:23:30.323860 30379 raft_consensus.cc:411] T 00000000000000000000000000000000 P ca61663240fd46ca99eeef69685d0edc [term 0 FOLLOWER]: Starting leader election (initial election of a single-replica configuration)
I0309 03:23:30.324021 30379 raft_consensus.cc:2162] T 00000000000000000000000000000000 P ca61663240fd46ca99eeef69685d0edc [term 0 FOLLOWER]: Snoozing failure detection for election timeout plus an additional 2.187s
I0309 03:23:30.324187 30379 raft_consensus.cc:2206] T 00000000000000000000000000000000 P ca61663240fd46ca99eeef69685d0edc [term 0 FOLLOWER]: Advancing to term 1
I0309 03:23:30.326480 30379 raft_consensus.cc:435] T 00000000000000000000000000000000 P ca61663240fd46ca99eeef69685d0edc [term 1 FOLLOWER]: Starting leader election with config: opid_index: -1 OBSOLETE_local: true peers { permanent_uuid: "ca61663240fd46ca99eeef69685d0edc" member_type: VOTER }
I0309 03:23:30.327019 30379 leader_election.cc:243] T 00000000000000000000000000000000 P ca61663240fd46ca99eeef69685d0edc [CANDIDATE]: Term 1 election: Election decided. Result: candidate won.
I0309 03:23:30.328480 30384 raft_consensus.cc:2162] T 00000000000000000000000000000000 P ca61663240fd46ca99eeef69685d0edc [term 1 FOLLOWER]: Snoozing failure detection for election timeout plus an additional 2.029s
I0309 03:23:30.328740 30384 raft_consensus.cc:1971] T 00000000000000000000000000000000 P ca61663240fd46ca99eeef69685d0edc [term 1 FOLLOWER]: Leader election won for term 1
I0309 03:23:30.330621 30384 raft_consensus.cc:518] T 00000000000000000000000000000000 P ca61663240fd46ca99eeef69685d0edc [term 1 LEADER]: Becoming Leader. State: Replica: ca61663240fd46ca99eeef69685d0edc, State: 1, Role: LEADER
I0309 03:23:30.330929 30384 consensus_queue.cc:158] T 00000000000000000000000000000000 P ca61663240fd46ca99eeef69685d0edc [LEADER]: Queue going to LEADER mode. State: All replicated index: 0, Majority replicated index: 0, Committed index: 0, Last appended: 0.0, Current term: 1, Majority size: 1, State: 1, Mode: LEADER, active raft config: opid_index: -1 OBSOLETE_local: true peers { permanent_uuid: "ca61663240fd46ca99eeef69685d0edc" member_type: VOTER }
I0309 03:23:30.344740 30379 sys_catalog.cc:266] T 00000000000000000000000000000000 P ca61663240fd46ca99eeef69685d0edc [sys.catalog]: SysCatalogTable state changed. Reason: Started TabletPeer. Latest consensus state: current_term: 1 leader_uuid: "ca61663240fd46ca99eeef69685d0edc" config { opid_index: -1 OBSOLETE_local: true peers { permanent_uuid: "ca61663240fd46ca99eeef69685d0edc" member_type: VOTER } }
I0309 03:23:30.345074 30379 sys_catalog.cc:269] T 00000000000000000000000000000000 P ca61663240fd46ca99eeef69685d0edc [sys.catalog]: This master's current role is: LEADER
I0309 03:23:30.352942 30379 sys_catalog.cc:344] T 00000000000000000000000000000000 P ca61663240fd46ca99eeef69685d0edc [sys.catalog]: configured and running, proceeding with master startup.
WARNING: Logging before InitGoogleLogging() is written to STDERR
W0309 03:23:30.405443 30380 flags.cc:393] Enabled unsafe flag: --enable_leader_failure_detection=false
W0309 03:23:30.405841 30380 flags.cc:393] Enabled unsafe flag: --rpc_server_allow_ephemeral_ports=true
W0309 03:23:30.406126 30380 flags.cc:393] Enabled unsafe flag: --never_fsync=true
W0309 03:23:30.419057 30380 flags.cc:393] Enabled experimental flag: --ipki_server_key_size=1024
W0309 03:23:30.419471 30380 flags.cc:393] Enabled experimental flag: --local_ip_for_outbound_sockets=127.118.98.0
I0309 03:23:30.455229 30380 tablet_server_main.cc:64] Tablet server non-default flags:
--log_dir=/tmp/run_tha_testwMb3Fe/test-tmp/raft_consensus-itest.RaftConsensusITest.TestConfigChangeUnderLoad.1489029809628861-30306/raft_consensus-itest-cluster/ts-0/logs
--logbuflevel=-1
--logtostderr=true
--enable_leader_failure_detection=false
--fs_data_dirs=/tmp/run_tha_testwMb3Fe/test-tmp/raft_consensus-itest.RaftConsensusITest.TestConfigChangeUnderLoad.1489029809628861-30306/raft_consensus-itest-cluster/ts-0/data
--fs_wal_dir=/tmp/run_tha_testwMb3Fe/test-tmp/raft_consensus-itest.RaftConsensusITest.TestConfigChangeUnderLoad.1489029809628861-30306/raft_consensus-itest-cluster/ts-0/data
--ipki_server_key_size=1024
--rpc_bind_addresses=127.118.98.0:0
--rpc_server_allow_ephemeral_ports=true
--metrics_log_interval_ms=1000
--server_dump_info_format=pb
--server_dump_info_path=/tmp/run_tha_testwMb3Fe/test-tmp/raft_consensus-itest.RaftConsensusITest.TestConfigChangeUnderLoad.1489029809628861-30306/raft_consensus-itest-cluster/ts-0/data/info.pb
--webserver_interface=127.118.98.0
--webserver_port=0
--tserver_master_addrs=127.0.0.1:39471
--never_fsync=true
--heap_profile_path=/tmp/kudu-tserver.30380
--redact=flag
--unlock_experimental_flags=true
--unlock_unsafe_flags=true
--enable_minidumps=false
--local_ip_for_outbound_sockets=127.118.98.0
Tablet server version:
kudu 1.4.0-SNAPSHOT
revision f24307db4deda6e9da037514afc5573f1231cdfb
build type DEBUG
built by awong at 08 Mar 2017 18:34:54 PST on ve0518.halxg.cloudera.com
TSAN enabled
I0309 03:23:30.350062 30385 sys_catalog.cc:266] T 00000000000000000000000000000000 P ca61663240fd46ca99eeef69685d0edc [sys.catalog]: SysCatalogTable state changed. Reason: RaftConsensus started. Latest consensus state: current_term: 1 leader_uuid: "ca61663240fd46ca99eeef69685d0edc" config { opid_index: -1 OBSOLETE_local: true peers { permanent_uuid: "ca61663240fd46ca99eeef69685d0edc" member_type: VOTER } }
I0309 03:23:30.455965 30380 mem_tracker.cc:140] MemTracker: hard memory limit is 11.777661 GB
I0309 03:23:30.456086 30380 mem_tracker.cc:142] MemTracker: soft memory limit is 7.066597 GB
I0309 03:23:30.456071 30385 sys_catalog.cc:269] T 00000000000000000000000000000000 P ca61663240fd46ca99eeef69685d0edc [sys.catalog]: This master's current role is: LEADER
I0309 03:23:30.479627 30380 tablet_server_main.cc:71] Initializing tablet server...
I0309 03:23:30.481688 30380 hybrid_clock.cc:177] HybridClock initialized. Resolution in nanos?: 1 Wait times tolerance adjustment: 1.0005 Current error: 35954
I0309 03:23:30.488101 30380 env_posix.cc:1313] Not raising process file limit of 65536; it is already as high as it can go
I0309 03:23:30.488457 30380 file_cache.cc:401] Constructed file cache lbm with capacity 26214
W0309 03:23:30.488898 30380 fs_manager.cc:516] Unable to read directory: Not found: /tmp/run_tha_testwMb3Fe/test-tmp/raft_consensus-itest.RaftConsensusITest.TestConfigChangeUnderLoad.1489029809628861-30306/raft_consensus-itest-cluster/ts-0/data: No such file or directory (error 2)
W0309 03:23:30.489086 30380 fs_manager.cc:525] could not check and fix permissions for path: /tmp/run_tha_testwMb3Fe/test-tmp/raft_consensus-itest.RaftConsensusITest.TestConfigChangeUnderLoad.1489029809628861-30306/raft_consensus-itest-cluster/ts-0/data: Not found: stat: No such file or directory (error 2)
I0309 03:23:30.489312 30380 server_base.cc:213] Could not load existing FS layout: Not found: /tmp/run_tha_testwMb3Fe/test-tmp/raft_consensus-itest.RaftConsensusITest.TestConfigChangeUnderLoad.1489029809628861-30306/raft_consensus-itest-cluster/ts-0/data/instance: No such file or directory (error 2)
I0309 03:23:30.489424 30380 server_base.cc:214] Creating new FS layout
I0309 03:23:30.497859 30380 fs_manager.cc:370] Generated new instance metadata in path /tmp/run_tha_testwMb3Fe/test-tmp/raft_consensus-itest.RaftConsensusITest.TestConfigChangeUnderLoad.1489029809628861-30306/raft_consensus-itest-cluster/ts-0/data/instance:
uuid: "483390dba8e3468c88a3db52d2ec9929"
format_stamp: "Formatted at 2017-03-09 03:23:30 on dist-test-slave-dist-test-slave-ztqf"
I0309 03:23:30.349922 30386 sys_catalog.cc:266] T 00000000000000000000000000000000 P ca61663240fd46ca99eeef69685d0edc [sys.catalog]: SysCatalogTable state changed. Reason: New leader ca61663240fd46ca99eeef69685d0edc. Latest consensus state: current_term: 1 leader_uuid: "ca61663240fd46ca99eeef69685d0edc" config { opid_index: -1 OBSOLETE_local: true peers { permanent_uuid: "ca61663240fd46ca99eeef69685d0edc" member_type: VOTER } }
I0309 03:23:30.517025 30386 sys_catalog.cc:269] T 00000000000000000000000000000000 P ca61663240fd46ca99eeef69685d0edc [sys.catalog]: This master's current role is: LEADER
I0309 03:23:30.517894 30318 master_main.cc:73] Master server successfully started.
I0309 03:23:30.517937 30388 catalog_manager.cc:842] Loading table and tablet metadata into memory...
I0309 03:23:30.520754 30380 fs_manager.cc:256] Time spent opening block manager: real 0.015s	user 0.012s	sys 0.008s
I0309 03:23:30.520923 30380 fs_manager.cc:259] Opened local filesystem: /tmp/run_tha_testwMb3Fe/test-tmp/raft_consensus-itest.RaftConsensusITest.TestConfigChangeUnderLoad.1489029809628861-30306/raft_consensus-itest-cluster/ts-0/data
uuid: "483390dba8e3468c88a3db52d2ec9929"
format_stamp: "Formatted at 2017-03-09 03:23:30 on dist-test-slave-dist-test-slave-ztqf"
I0309 03:23:30.522430 30388 catalog_manager.cc:850] Loading CA info into memory...
I0309 03:23:30.523675 30388 catalog_manager.cc:861] Did not find CA certificate and key for Kudu IPKI, will generate new ones
I0309 03:23:30.549571 30388 catalog_manager.cc:792] Successfully stored the newly generated cert authority information into the system table.
I0309 03:23:30.552290 30388 catalog_manager.cc:894] Loading token signing keys...
I0309 03:23:30.568871 30388 catalog_manager.cc:3352] Saved newly generated TSK 0 into the system table.
I0309 03:23:30.701179 30380 tablet_server_main.cc:76] Starting tablet server...
I0309 03:23:30.802688 30380 rpc_server.cc:164] RPC server started. Bound to: 127.118.98.0:50573
I0309 03:23:30.803915 30380 webserver.cc:133] Starting webserver on 127.118.98.0:0
I0309 03:23:30.804030 30380 webserver.cc:144] Document root disabled
I0309 03:23:30.805341 30380 webserver.cc:260] Webserver started. Bound to: http://127.118.98.0:41047/
I0309 03:23:30.806109 30380 server_base.cc:356] Dumped server information to /tmp/run_tha_testwMb3Fe/test-tmp/raft_consensus-itest.RaftConsensusITest.TestConfigChangeUnderLoad.1489029809628861-30306/raft_consensus-itest-cluster/ts-0/data/info.pb
I0309 03:23:30.807622 30306 external_mini_cluster.cc:738] Started /tmp/run_tha_testwMb3Fe/build/tsan/bin/kudu-tserver as pid 30380
I0309 03:23:30.808573 30306 external_mini_cluster.cc:693] Running /tmp/run_tha_testwMb3Fe/build/tsan/bin/kudu-tserver
kudu-tserver
--fs_wal_dir=/tmp/run_tha_testwMb3Fe/test-tmp/raft_consensus-itest.RaftConsensusITest.TestConfigChangeUnderLoad.1489029809628861-30306/raft_consensus-itest-cluster/ts-1/data
--fs_data_dirs=/tmp/run_tha_testwMb3Fe/test-tmp/raft_consensus-itest.RaftConsensusITest.TestConfigChangeUnderLoad.1489029809628861-30306/raft_consensus-itest-cluster/ts-1/data
--rpc_bind_addresses=127.118.98.1:0
--local_ip_for_outbound_sockets=127.118.98.1
--webserver_interface=127.118.98.1
--webserver_port=0
--tserver_master_addrs=127.0.0.1:39471
--never_fsync
--ipki_server_key_size=1024
--enable_minidumps=false
--redact=flag
--metrics_log_interval_ms=1000
--logtostderr
--logbuflevel=-1
--log_dir=/tmp/run_tha_testwMb3Fe/test-tmp/raft_consensus-itest.RaftConsensusITest.TestConfigChangeUnderLoad.1489029809628861-30306/raft_consensus-itest-cluster/ts-1/logs
--server_dump_info_path=/tmp/run_tha_testwMb3Fe/test-tmp/raft_consensus-itest.RaftConsensusITest.TestConfigChangeUnderLoad.1489029809628861-30306/raft_consensus-itest-cluster/ts-1/data/info.pb
--server_dump_info_format=pb
--rpc_server_allow_ephemeral_ports
--unlock_experimental_flags
--unlock_unsafe_flags
--enable_leader_failure_detection=false with env {}
I0309 03:23:30.823078 30380 tablet_server_main.cc:79] Tablet server successfully started.
I0309 03:23:30.833333 30513 heartbeater.cc:291] Connected to a master server at 127.0.0.1:39471
I0309 03:23:30.833601 30513 heartbeater.cc:361] Registering TS with master...
I0309 03:23:30.834022 30513 heartbeater.cc:391] Master 127.0.0.1:39471 requested a full tablet report, sending...
I0309 03:23:30.835913 30346 ts_manager.cc:78] Registered new tserver with Master: 483390dba8e3468c88a3db52d2ec9929 (127.118.98.0:50573)
I0309 03:23:30.837517 30346 master_service.cc:189] Signed X509 certificate for tserver {username='slave'} at 127.118.98.0:55464
WARNING: Logging before InitGoogleLogging() is written to STDERR
W0309 03:23:31.003517 30517 flags.cc:393] Enabled unsafe flag: --enable_leader_failure_detection=false
W0309 03:23:31.004000 30517 flags.cc:393] Enabled unsafe flag: --rpc_server_allow_ephemeral_ports=true
W0309 03:23:31.004250 30517 flags.cc:393] Enabled unsafe flag: --never_fsync=true
W0309 03:23:31.017357 30517 flags.cc:393] Enabled experimental flag: --ipki_server_key_size=1024
W0309 03:23:31.017767 30517 flags.cc:393] Enabled experimental flag: --local_ip_for_outbound_sockets=127.118.98.1
I0309 03:23:31.046635 30517 tablet_server_main.cc:64] Tablet server non-default flags:
--log_dir=/tmp/run_tha_testwMb3Fe/test-tmp/raft_consensus-itest.RaftConsensusITest.TestConfigChangeUnderLoad.1489029809628861-30306/raft_consensus-itest-cluster/ts-1/logs
--logbuflevel=-1
--logtostderr=true
--enable_leader_failure_detection=false
--fs_data_dirs=/tmp/run_tha_testwMb3Fe/test-tmp/raft_consensus-itest.RaftConsensusITest.TestConfigChangeUnderLoad.1489029809628861-30306/raft_consensus-itest-cluster/ts-1/data
--fs_wal_dir=/tmp/run_tha_testwMb3Fe/test-tmp/raft_consensus-itest.RaftConsensusITest.TestConfigChangeUnderLoad.1489029809628861-30306/raft_consensus-itest-cluster/ts-1/data
--ipki_server_key_size=1024
--rpc_bind_addresses=127.118.98.1:0
--rpc_server_allow_ephemeral_ports=true
--metrics_log_interval_ms=1000
--server_dump_info_format=pb
--server_dump_info_path=/tmp/run_tha_testwMb3Fe/test-tmp/raft_consensus-itest.RaftConsensusITest.TestConfigChangeUnderLoad.1489029809628861-30306/raft_consensus-itest-cluster/ts-1/data/info.pb
--webserver_interface=127.118.98.1
--webserver_port=0
--tserver_master_addrs=127.0.0.1:39471
--never_fsync=true
--heap_profile_path=/tmp/kudu-tserver.30517
--redact=flag
--unlock_experimental_flags=true
--unlock_unsafe_flags=true
--enable_minidumps=false
--local_ip_for_outbound_sockets=127.118.98.1
Tablet server version:
kudu 1.4.0-SNAPSHOT
revision f24307db4deda6e9da037514afc5573f1231cdfb
build type DEBUG
built by awong at 08 Mar 2017 18:34:54 PST on ve0518.halxg.cloudera.com
TSAN enabled
I0309 03:23:31.047369 30517 mem_tracker.cc:140] MemTracker: hard memory limit is 11.777661 GB
I0309 03:23:31.047488 30517 mem_tracker.cc:142] MemTracker: soft memory limit is 7.066597 GB
I0309 03:23:31.059841 30517 tablet_server_main.cc:71] Initializing tablet server...
I0309 03:23:31.061863 30517 hybrid_clock.cc:177] HybridClock initialized. Resolution in nanos?: 1 Wait times tolerance adjustment: 1.0005 Current error: 36454
I0309 03:23:31.068529 30517 env_posix.cc:1313] Not raising process file limit of 65536; it is already as high as it can go
I0309 03:23:31.068948 30517 file_cache.cc:401] Constructed file cache lbm with capacity 26214
W0309 03:23:31.069514 30517 fs_manager.cc:516] Unable to read directory: Not found: /tmp/run_tha_testwMb3Fe/test-tmp/raft_consensus-itest.RaftConsensusITest.TestConfigChangeUnderLoad.1489029809628861-30306/raft_consensus-itest-cluster/ts-1/data: No such file or directory (error 2)
W0309 03:23:31.069689 30517 fs_manager.cc:525] could not check and fix permissions for path: /tmp/run_tha_testwMb3Fe/test-tmp/raft_consensus-itest.RaftConsensusITest.TestConfigChangeUnderLoad.1489029809628861-30306/raft_consensus-itest-cluster/ts-1/data: Not found: stat: No such file or directory (error 2)
I0309 03:23:31.069919 30517 server_base.cc:213] Could not load existing FS layout: Not found: /tmp/run_tha_testwMb3Fe/test-tmp/raft_consensus-itest.RaftConsensusITest.TestConfigChangeUnderLoad.1489029809628861-30306/raft_consensus-itest-cluster/ts-1/data/instance: No such file or directory (error 2)
I0309 03:23:31.070031 30517 server_base.cc:214] Creating new FS layout
I0309 03:23:31.079174 30517 fs_manager.cc:370] Generated new instance metadata in path /tmp/run_tha_testwMb3Fe/test-tmp/raft_consensus-itest.RaftConsensusITest.TestConfigChangeUnderLoad.1489029809628861-30306/raft_consensus-itest-cluster/ts-1/data/instance:
uuid: "cfbc8e5309724e0db68888e85869c200"
format_stamp: "Formatted at 2017-03-09 03:23:31 on dist-test-slave-dist-test-slave-ztqf"
I0309 03:23:31.103252 30517 fs_manager.cc:256] Time spent opening block manager: real 0.016s	user 0.004s	sys 0.012s
I0309 03:23:31.103420 30517 fs_manager.cc:259] Opened local filesystem: /tmp/run_tha_testwMb3Fe/test-tmp/raft_consensus-itest.RaftConsensusITest.TestConfigChangeUnderLoad.1489029809628861-30306/raft_consensus-itest-cluster/ts-1/data
uuid: "cfbc8e5309724e0db68888e85869c200"
format_stamp: "Formatted at 2017-03-09 03:23:31 on dist-test-slave-dist-test-slave-ztqf"
I0309 03:23:31.303046 30517 tablet_server_main.cc:76] Starting tablet server...
I0309 03:23:31.586788 30517 rpc_server.cc:164] RPC server started. Bound to: 127.118.98.1:50797
I0309 03:23:31.588083 30517 webserver.cc:133] Starting webserver on 127.118.98.1:0
I0309 03:23:31.588199 30517 webserver.cc:144] Document root disabled
I0309 03:23:31.589485 30517 webserver.cc:260] Webserver started. Bound to: http://127.118.98.1:51781/
I0309 03:23:31.590299 30517 server_base.cc:356] Dumped server information to /tmp/run_tha_testwMb3Fe/test-tmp/raft_consensus-itest.RaftConsensusITest.TestConfigChangeUnderLoad.1489029809628861-30306/raft_consensus-itest-cluster/ts-1/data/info.pb
I0309 03:23:31.595309 30517 tablet_server_main.cc:79] Tablet server successfully started.
I0309 03:23:31.595599 30306 external_mini_cluster.cc:738] Started /tmp/run_tha_testwMb3Fe/build/tsan/bin/kudu-tserver as pid 30517
I0309 03:23:31.596616 30306 external_mini_cluster.cc:693] Running /tmp/run_tha_testwMb3Fe/build/tsan/bin/kudu-tserver
kudu-tserver
--fs_wal_dir=/tmp/run_tha_testwMb3Fe/test-tmp/raft_consensus-itest.RaftConsensusITest.TestConfigChangeUnderLoad.1489029809628861-30306/raft_consensus-itest-cluster/ts-2/data
--fs_data_dirs=/tmp/run_tha_testwMb3Fe/test-tmp/raft_consensus-itest.RaftConsensusITest.TestConfigChangeUnderLoad.1489029809628861-30306/raft_consensus-itest-cluster/ts-2/data
--rpc_bind_addresses=127.118.98.2:0
--local_ip_for_outbound_sockets=127.118.98.2
--webserver_interface=127.118.98.2
--webserver_port=0
--tserver_master_addrs=127.0.0.1:39471
--never_fsync
--ipki_server_key_size=1024
--enable_minidumps=false
--redact=flag
--metrics_log_interval_ms=1000
--logtostderr
--logbuflevel=-1
--log_dir=/tmp/run_tha_testwMb3Fe/test-tmp/raft_consensus-itest.RaftConsensusITest.TestConfigChangeUnderLoad.1489029809628861-30306/raft_consensus-itest-cluster/ts-2/logs
--server_dump_info_path=/tmp/run_tha_testwMb3Fe/test-tmp/raft_consensus-itest.RaftConsensusITest.TestConfigChangeUnderLoad.1489029809628861-30306/raft_consensus-itest-cluster/ts-2/data/info.pb
--server_dump_info_format=pb
--rpc_server_allow_ephemeral_ports
--unlock_experimental_flags
--unlock_unsafe_flags
--enable_leader_failure_detection=false with env {}
I0309 03:23:31.610204 30638 heartbeater.cc:291] Connected to a master server at 127.0.0.1:39471
I0309 03:23:31.610491 30638 heartbeater.cc:361] Registering TS with master...
I0309 03:23:31.610908 30638 heartbeater.cc:391] Master 127.0.0.1:39471 requested a full tablet report, sending...
I0309 03:23:31.612558 30346 ts_manager.cc:78] Registered new tserver with Master: cfbc8e5309724e0db68888e85869c200 (127.118.98.1:50797)
I0309 03:23:31.613683 30346 master_service.cc:189] Signed X509 certificate for tserver {username='slave'} at 127.118.98.1:52271
WARNING: Logging before InitGoogleLogging() is written to STDERR
W0309 03:23:31.703127 30642 flags.cc:393] Enabled unsafe flag: --enable_leader_failure_detection=false
W0309 03:23:31.703542 30642 flags.cc:393] Enabled unsafe flag: --rpc_server_allow_ephemeral_ports=true
W0309 03:23:31.703795 30642 flags.cc:393] Enabled unsafe flag: --never_fsync=true
W0309 03:23:31.716866 30642 flags.cc:393] Enabled experimental flag: --ipki_server_key_size=1024
W0309 03:23:31.717254 30642 flags.cc:393] Enabled experimental flag: --local_ip_for_outbound_sockets=127.118.98.2
I0309 03:23:31.736510 30642 tablet_server_main.cc:64] Tablet server non-default flags:
--log_dir=/tmp/run_tha_testwMb3Fe/test-tmp/raft_consensus-itest.RaftConsensusITest.TestConfigChangeUnderLoad.1489029809628861-30306/raft_consensus-itest-cluster/ts-2/logs
--logbuflevel=-1
--logtostderr=true
--enable_leader_failure_detection=false
--fs_data_dirs=/tmp/run_tha_testwMb3Fe/test-tmp/raft_consensus-itest.RaftConsensusITest.TestConfigChangeUnderLoad.1489029809628861-30306/raft_consensus-itest-cluster/ts-2/data
--fs_wal_dir=/tmp/run_tha_testwMb3Fe/test-tmp/raft_consensus-itest.RaftConsensusITest.TestConfigChangeUnderLoad.1489029809628861-30306/raft_consensus-itest-cluster/ts-2/data
--ipki_server_key_size=1024
--rpc_bind_addresses=127.118.98.2:0
--rpc_server_allow_ephemeral_ports=true
--metrics_log_interval_ms=1000
--server_dump_info_format=pb
--server_dump_info_path=/tmp/run_tha_testwMb3Fe/test-tmp/raft_consensus-itest.RaftConsensusITest.TestConfigChangeUnderLoad.1489029809628861-30306/raft_consensus-itest-cluster/ts-2/data/info.pb
--webserver_interface=127.118.98.2
--webserver_port=0
--tserver_master_addrs=127.0.0.1:39471
--never_fsync=true
--heap_profile_path=/tmp/kudu-tserver.30642
--redact=flag
--unlock_experimental_flags=true
--unlock_unsafe_flags=true
--enable_minidumps=false
--local_ip_for_outbound_sockets=127.118.98.2
Tablet server version:
kudu 1.4.0-SNAPSHOT
revision f24307db4deda6e9da037514afc5573f1231cdfb
build type DEBUG
built by awong at 08 Mar 2017 18:34:54 PST on ve0518.halxg.cloudera.com
TSAN enabled
I0309 03:23:31.737223 30642 mem_tracker.cc:140] MemTracker: hard memory limit is 11.777661 GB
I0309 03:23:31.737347 30642 mem_tracker.cc:142] MemTracker: soft memory limit is 7.066597 GB
I0309 03:23:31.749230 30642 tablet_server_main.cc:71] Initializing tablet server...
I0309 03:23:31.751225 30642 hybrid_clock.cc:177] HybridClock initialized. Resolution in nanos?: 1 Wait times tolerance adjustment: 1.0005 Current error: 36454
I0309 03:23:31.757392 30642 env_posix.cc:1313] Not raising process file limit of 65536; it is already as high as it can go
I0309 03:23:31.757771 30642 file_cache.cc:401] Constructed file cache lbm with capacity 26214
W0309 03:23:31.758239 30642 fs_manager.cc:516] Unable to read directory: Not found: /tmp/run_tha_testwMb3Fe/test-tmp/raft_consensus-itest.RaftConsensusITest.TestConfigChangeUnderLoad.1489029809628861-30306/raft_consensus-itest-cluster/ts-2/data: No such file or directory (error 2)
W0309 03:23:31.758425 30642 fs_manager.cc:525] could not check and fix permissions for path: /tmp/run_tha_testwMb3Fe/test-tmp/raft_consensus-itest.RaftConsensusITest.TestConfigChangeUnderLoad.1489029809628861-30306/raft_consensus-itest-cluster/ts-2/data: Not found: stat: No such file or directory (error 2)
I0309 03:23:31.758647 30642 server_base.cc:213] Could not load existing FS layout: Not found: /tmp/run_tha_testwMb3Fe/test-tmp/raft_consensus-itest.RaftConsensusITest.TestConfigChangeUnderLoad.1489029809628861-30306/raft_consensus-itest-cluster/ts-2/data/instance: No such file or directory (error 2)
I0309 03:23:31.758761 30642 server_base.cc:214] Creating new FS layout
I0309 03:23:31.767020 30642 fs_manager.cc:370] Generated new instance metadata in path /tmp/run_tha_testwMb3Fe/test-tmp/raft_consensus-itest.RaftConsensusITest.TestConfigChangeUnderLoad.1489029809628861-30306/raft_consensus-itest-cluster/ts-2/data/instance:
uuid: "9ac490c05033476fa1a2e3b6df0c4522"
format_stamp: "Formatted at 2017-03-09 03:23:31 on dist-test-slave-dist-test-slave-ztqf"
I0309 03:23:31.778502 30642 fs_manager.cc:256] Time spent opening block manager: real 0.003s	user 0.000s	sys 0.000s
I0309 03:23:31.778658 30642 fs_manager.cc:259] Opened local filesystem: /tmp/run_tha_testwMb3Fe/test-tmp/raft_consensus-itest.RaftConsensusITest.TestConfigChangeUnderLoad.1489029809628861-30306/raft_consensus-itest-cluster/ts-2/data
uuid: "9ac490c05033476fa1a2e3b6df0c4522"
format_stamp: "Formatted at 2017-03-09 03:23:31 on dist-test-slave-dist-test-slave-ztqf"
I0309 03:23:31.840121 30513 heartbeater.cc:383] Master 127.0.0.1:39471 was elected leader, sending a full tablet report...
I0309 03:23:31.955222 30642 tablet_server_main.cc:76] Starting tablet server...
I0309 03:23:32.057667 30642 rpc_server.cc:164] RPC server started. Bound to: 127.118.98.2:33737
I0309 03:23:32.058969 30642 webserver.cc:133] Starting webserver on 127.118.98.2:0
I0309 03:23:32.059105 30642 webserver.cc:144] Document root disabled
I0309 03:23:32.060431 30642 webserver.cc:260] Webserver started. Bound to: http://127.118.98.2:34745/
I0309 03:23:32.061247 30642 server_base.cc:356] Dumped server information to /tmp/run_tha_testwMb3Fe/test-tmp/raft_consensus-itest.RaftConsensusITest.TestConfigChangeUnderLoad.1489029809628861-30306/raft_consensus-itest-cluster/ts-2/data/info.pb
I0309 03:23:32.063987 30642 tablet_server_main.cc:79] Tablet server successfully started.
I0309 03:23:32.068135 30306 external_mini_cluster.cc:738] Started /tmp/run_tha_testwMb3Fe/build/tsan/bin/kudu-tserver as pid 30642
I0309 03:23:32.080548 30763 heartbeater.cc:291] Connected to a master server at 127.0.0.1:39471
I0309 03:23:32.080813 30763 heartbeater.cc:361] Registering TS with master...
I0309 03:23:32.081226 30763 heartbeater.cc:391] Master 127.0.0.1:39471 requested a full tablet report, sending...
I0309 03:23:32.082804 30346 ts_manager.cc:78] Registered new tserver with Master: 9ac490c05033476fa1a2e3b6df0c4522 (127.118.98.2:33737)
I0309 03:23:32.084007 30346 master_service.cc:189] Signed X509 certificate for tserver {username='slave'} at 127.118.98.2:41313
I0309 03:23:32.088788 30306 external_mini_cluster.cc:413] 3 TS(s) registered with all masters
I0309 03:23:32.116206 30346 catalog_manager.cc:1149] CreateTable from {username='slave'} at 127.0.0.1:35285:
name: "TestTable"
schema {
  columns {
    name: "key"
    type: INT32
    is_key: true
    is_nullable: false
    encoding: AUTO_ENCODING
    compression: DEFAULT_COMPRESSION
    cfile_block_size: 0
  }
  columns {
    name: "int_val"
    type: INT32
    is_key: false
    is_nullable: false
    encoding: AUTO_ENCODING
    compression: DEFAULT_COMPRESSION
    cfile_block_size: 0
  }
  columns {
    name: "string_val"
    type: STRING
    is_key: false
    is_nullable: true
    encoding: AUTO_ENCODING
    compression: DEFAULT_COMPRESSION
    cfile_block_size: 0
  }
}
num_replicas: 3
split_rows_range_bounds {
}
partition_schema {
  range_schema {
    columns {
      name: "key"
    }
  }
}
I0309 03:23:32.150506 30575 tablet_service.cc:650] Processing CreateTablet for tablet d578361f4e354051886ce73b660f4547 (table=TestTable [id=5bb2f4752c7f4018870da9c9f1939e83]), partition=RANGE (key) PARTITION UNBOUNDED
I0309 03:23:32.153302 30700 tablet_service.cc:650] Processing CreateTablet for tablet d578361f4e354051886ce73b660f4547 (table=TestTable [id=5bb2f4752c7f4018870da9c9f1939e83]), partition=RANGE (key) PARTITION UNBOUNDED
I0309 03:23:32.166575 30575 ts_tablet_manager.cc:862] T d578361f4e354051886ce73b660f4547 P cfbc8e5309724e0db68888e85869c200: Registered tablet (data state: TABLET_DATA_READY)
I0309 03:23:32.168591 30779 ts_tablet_manager.cc:723] T d578361f4e354051886ce73b660f4547 P cfbc8e5309724e0db68888e85869c200: Bootstrapping tablet
I0309 03:23:32.172922 30779 tablet_bootstrap.cc:382] T d578361f4e354051886ce73b660f4547 P cfbc8e5309724e0db68888e85869c200: Bootstrap starting.
I0309 03:23:32.173153 30700 ts_tablet_manager.cc:862] T d578361f4e354051886ce73b660f4547 P 9ac490c05033476fa1a2e3b6df0c4522: Registered tablet (data state: TABLET_DATA_READY)
I0309 03:23:32.175962 30780 ts_tablet_manager.cc:723] T d578361f4e354051886ce73b660f4547 P 9ac490c05033476fa1a2e3b6df0c4522: Bootstrapping tablet
I0309 03:23:32.176718 30779 tablet_bootstrap.cc:541] T d578361f4e354051886ce73b660f4547 P cfbc8e5309724e0db68888e85869c200: Time spent opening tablet: real 0.001s	user 0.000s	sys 0.000s
I0309 03:23:32.177444 30779 tablet_bootstrap.cc:484] T d578361f4e354051886ce73b660f4547 P cfbc8e5309724e0db68888e85869c200: No blocks or log segments found. Creating new log.
I0309 03:23:32.179489 30779 log.cc:381] T d578361f4e354051886ce73b660f4547 P cfbc8e5309724e0db68888e85869c200: Log is configured to *not* fsync() on all Append() calls
I0309 03:23:32.181324 30780 tablet_bootstrap.cc:382] T d578361f4e354051886ce73b660f4547 P 9ac490c05033476fa1a2e3b6df0c4522: Bootstrap starting.
I0309 03:23:32.185159 30779 tablet_bootstrap.cc:382] T d578361f4e354051886ce73b660f4547 P cfbc8e5309724e0db68888e85869c200: No bootstrap required, opened a new log
I0309 03:23:32.185276 30780 tablet_bootstrap.cc:541] T d578361f4e354051886ce73b660f4547 P 9ac490c05033476fa1a2e3b6df0c4522: Time spent opening tablet: real 0.001s	user 0.000s	sys 0.000s
I0309 03:23:32.185472 30779 ts_tablet_manager.cc:728] T d578361f4e354051886ce73b660f4547 P cfbc8e5309724e0db68888e85869c200: Time spent bootstrapping tablet: real 0.017s	user 0.012s	sys 0.004s
I0309 03:23:32.185848 30780 tablet_bootstrap.cc:484] T d578361f4e354051886ce73b660f4547 P 9ac490c05033476fa1a2e3b6df0c4522: No blocks or log segments found. Creating new log.
I0309 03:23:32.186161 30450 tablet_service.cc:650] Processing CreateTablet for tablet d578361f4e354051886ce73b660f4547 (table=TestTable [id=5bb2f4752c7f4018870da9c9f1939e83]), partition=RANGE (key) PARTITION UNBOUNDED
I0309 03:23:32.187849 30780 log.cc:381] T d578361f4e354051886ce73b660f4547 P 9ac490c05033476fa1a2e3b6df0c4522: Log is configured to *not* fsync() on all Append() calls
I0309 03:23:32.190659 30779 raft_consensus.cc:288] T d578361f4e354051886ce73b660f4547 P cfbc8e5309724e0db68888e85869c200 [term 0 FOLLOWER]: Replica starting. Triggering 0 pending transactions. Active config: opid_index: -1 OBSOLETE_local: false peers { permanent_uuid: "cfbc8e5309724e0db68888e85869c200" member_type: VOTER last_known_addr { host: "127.118.98.1" port: 50797 } } peers { permanent_uuid: "483390dba8e3468c88a3db52d2ec9929" member_type: VOTER last_known_addr { host: "127.118.98.0" port: 50573 } } peers { permanent_uuid: "9ac490c05033476fa1a2e3b6df0c4522" member_type: VOTER last_known_addr { host: "127.118.98.2" port: 33737 } }
I0309 03:23:32.191462 30779 raft_consensus.cc:548] T d578361f4e354051886ce73b660f4547 P cfbc8e5309724e0db68888e85869c200 [term 0 FOLLOWER]: Becoming Follower/Learner. State: Replica: cfbc8e5309724e0db68888e85869c200, State: 1, Role: FOLLOWER
I0309 03:23:32.191782 30779 consensus_queue.cc:176] T d578361f4e354051886ce73b660f4547 P cfbc8e5309724e0db68888e85869c200 [NON_LEADER]: Queue going to NON_LEADER mode. State: All replicated index: 0, Majority replicated index: 0, Committed index: 0, Last appended: 0.0, Current term: 0, Majority size: -1, State: 1, Mode: NON_LEADER
I0309 03:23:32.194187 30638 heartbeater.cc:383] Master 127.0.0.1:39471 was elected leader, sending a full tablet report...
I0309 03:23:32.196477 30779 ts_tablet_manager.cc:755] T d578361f4e354051886ce73b660f4547 P cfbc8e5309724e0db68888e85869c200: Time spent starting tablet: real 0.011s	user 0.008s	sys 0.000s
I0309 03:23:32.197645 30780 tablet_bootstrap.cc:382] T d578361f4e354051886ce73b660f4547 P 9ac490c05033476fa1a2e3b6df0c4522: No bootstrap required, opened a new log
I0309 03:23:32.198034 30780 ts_tablet_manager.cc:728] T d578361f4e354051886ce73b660f4547 P 9ac490c05033476fa1a2e3b6df0c4522: Time spent bootstrapping tablet: real 0.022s	user 0.016s	sys 0.004s
I0309 03:23:32.203510 30450 ts_tablet_manager.cc:862] T d578361f4e354051886ce73b660f4547 P 483390dba8e3468c88a3db52d2ec9929: Registered tablet (data state: TABLET_DATA_READY)
I0309 03:23:32.204566 30780 raft_consensus.cc:288] T d578361f4e354051886ce73b660f4547 P 9ac490c05033476fa1a2e3b6df0c4522 [term 0 FOLLOWER]: Replica starting. Triggering 0 pending transactions. Active config: opid_index: -1 OBSOLETE_local: false peers { permanent_uuid: "cfbc8e5309724e0db68888e85869c200" member_type: VOTER last_known_addr { host: "127.118.98.1" port: 50797 } } peers { permanent_uuid: "483390dba8e3468c88a3db52d2ec9929" member_type: VOTER last_known_addr { host: "127.118.98.0" port: 50573 } } peers { permanent_uuid: "9ac490c05033476fa1a2e3b6df0c4522" member_type: VOTER last_known_addr { host: "127.118.98.2" port: 33737 } }
I0309 03:23:32.205502 30780 raft_consensus.cc:548] T d578361f4e354051886ce73b660f4547 P 9ac490c05033476fa1a2e3b6df0c4522 [term 0 FOLLOWER]: Becoming Follower/Learner. State: Replica: 9ac490c05033476fa1a2e3b6df0c4522, State: 1, Role: FOLLOWER
I0309 03:23:32.205863 30780 consensus_queue.cc:176] T d578361f4e354051886ce73b660f4547 P 9ac490c05033476fa1a2e3b6df0c4522 [NON_LEADER]: Queue going to NON_LEADER mode. State: All replicated index: 0, Majority replicated index: 0, Committed index: 0, Last appended: 0.0, Current term: 0, Majority size: -1, State: 1, Mode: NON_LEADER
I0309 03:23:32.207155 30786 ts_tablet_manager.cc:723] T d578361f4e354051886ce73b660f4547 P 483390dba8e3468c88a3db52d2ec9929: Bootstrapping tablet
I0309 03:23:32.209853 30763 heartbeater.cc:383] Master 127.0.0.1:39471 was elected leader, sending a full tablet report...
I0309 03:23:32.211827 30786 tablet_bootstrap.cc:382] T d578361f4e354051886ce73b660f4547 P 483390dba8e3468c88a3db52d2ec9929: Bootstrap starting.
I0309 03:23:32.213999 30306 external_mini_cluster.cc:413] 3 TS(s) registered with all masters
I0309 03:23:32.216079 30786 tablet_bootstrap.cc:541] T d578361f4e354051886ce73b660f4547 P 483390dba8e3468c88a3db52d2ec9929: Time spent opening tablet: real 0.001s	user 0.000s	sys 0.000s
I0309 03:23:32.216701 30786 tablet_bootstrap.cc:484] T d578361f4e354051886ce73b660f4547 P 483390dba8e3468c88a3db52d2ec9929: No blocks or log segments found. Creating new log.
I0309 03:23:32.217403 30306 ts_itest-base.h:205] Waiting for 1 tablets on tserver 483390dba8e3468c88a3db52d2ec9929 to finish bootstrapping
I0309 03:23:32.218835 30786 log.cc:381] T d578361f4e354051886ce73b660f4547 P 483390dba8e3468c88a3db52d2ec9929: Log is configured to *not* fsync() on all Append() calls
I0309 03:23:32.232916 30786 tablet_bootstrap.cc:382] T d578361f4e354051886ce73b660f4547 P 483390dba8e3468c88a3db52d2ec9929: No bootstrap required, opened a new log
I0309 03:23:32.233242 30786 ts_tablet_manager.cc:728] T d578361f4e354051886ce73b660f4547 P 483390dba8e3468c88a3db52d2ec9929: Time spent bootstrapping tablet: real 0.026s	user 0.012s	sys 0.012s
I0309 03:23:32.237507 30786 raft_consensus.cc:288] T d578361f4e354051886ce73b660f4547 P 483390dba8e3468c88a3db52d2ec9929 [term 0 FOLLOWER]: Replica starting. Triggering 0 pending transactions. Active config: opid_index: -1 OBSOLETE_local: false peers { permanent_uuid: "cfbc8e5309724e0db68888e85869c200" member_type: VOTER last_known_addr { host: "127.118.98.1" port: 50797 } } peers { permanent_uuid: "483390dba8e3468c88a3db52d2ec9929" member_type: VOTER last_known_addr { host: "127.118.98.0" port: 50573 } } peers { permanent_uuid: "9ac490c05033476fa1a2e3b6df0c4522" member_type: VOTER last_known_addr { host: "127.118.98.2" port: 33737 } }
I0309 03:23:32.238260 30786 raft_consensus.cc:548] T d578361f4e354051886ce73b660f4547 P 483390dba8e3468c88a3db52d2ec9929 [term 0 FOLLOWER]: Becoming Follower/Learner. State: Replica: 483390dba8e3468c88a3db52d2ec9929, State: 1, Role: FOLLOWER
I0309 03:23:32.238598 30786 consensus_queue.cc:176] T d578361f4e354051886ce73b660f4547 P 483390dba8e3468c88a3db52d2ec9929 [NON_LEADER]: Queue going to NON_LEADER mode. State: All replicated index: 0, Majority replicated index: 0, Committed index: 0, Last appended: 0.0, Current term: 0, Majority size: -1, State: 1, Mode: NON_LEADER
I0309 03:23:32.242774 30786 ts_tablet_manager.cc:755] T d578361f4e354051886ce73b660f4547 P 483390dba8e3468c88a3db52d2ec9929: Time spent starting tablet: real 0.009s	user 0.008s	sys 0.000s
I0309 03:23:32.247802 30306 ts_itest-base.h:205] Waiting for 1 tablets on tserver cfbc8e5309724e0db68888e85869c200 to finish bootstrapping
I0309 03:23:32.265462 30306 ts_itest-base.h:205] Waiting for 1 tablets on tserver 9ac490c05033476fa1a2e3b6df0c4522 to finish bootstrapping
I0309 03:23:32.210623 30780 ts_tablet_manager.cc:755] T d578361f4e354051886ce73b660f4547 P 9ac490c05033476fa1a2e3b6df0c4522: Time spent starting tablet: real 0.012s	user 0.012s	sys 0.000s
I0309 03:23:32.288236 30470 raft_consensus.cc:411] T d578361f4e354051886ce73b660f4547 P 483390dba8e3468c88a3db52d2ec9929 [term 0 FOLLOWER]: Starting forced leader election (received explicit request)
I0309 03:23:32.288481 30470 raft_consensus.cc:2206] T d578361f4e354051886ce73b660f4547 P 483390dba8e3468c88a3db52d2ec9929 [term 0 FOLLOWER]: Advancing to term 1
I0309 03:23:32.291245 30470 raft_consensus.cc:435] T d578361f4e354051886ce73b660f4547 P 483390dba8e3468c88a3db52d2ec9929 [term 1 FOLLOWER]: Starting forced leader election with config: opid_index: -1 OBSOLETE_local: false peers { permanent_uuid: "cfbc8e5309724e0db68888e85869c200" member_type: VOTER last_known_addr { host: "127.118.98.1" port: 50797 } } peers { permanent_uuid: "483390dba8e3468c88a3db52d2ec9929" member_type: VOTER last_known_addr { host: "127.118.98.0" port: 50573 } } peers { permanent_uuid: "9ac490c05033476fa1a2e3b6df0c4522" member_type: VOTER last_known_addr { host: "127.118.98.2" port: 33737 } }
I0309 03:23:32.292454 30470 leader_election.cc:216] T d578361f4e354051886ce73b660f4547 P 483390dba8e3468c88a3db52d2ec9929 [CANDIDATE]: Term 1 election: Requesting vote from peer cfbc8e5309724e0db68888e85869c200
I0309 03:23:32.292914 30470 leader_election.cc:216] T d578361f4e354051886ce73b660f4547 P 483390dba8e3468c88a3db52d2ec9929 [CANDIDATE]: Term 1 election: Requesting vote from peer 9ac490c05033476fa1a2e3b6df0c4522
I0309 03:23:32.309453 30595 raft_consensus.cc:2206] T d578361f4e354051886ce73b660f4547 P cfbc8e5309724e0db68888e85869c200 [term 0 FOLLOWER]: Advancing to term 1
I0309 03:23:32.312490 30595 raft_consensus.cc:1747] T d578361f4e354051886ce73b660f4547 P cfbc8e5309724e0db68888e85869c200 [term 1 FOLLOWER]: Leader election vote request: Granting yes vote for candidate 483390dba8e3468c88a3db52d2ec9929 in term 1.
I0309 03:23:32.313860 30403 leader_election.cc:348] T d578361f4e354051886ce73b660f4547 P 483390dba8e3468c88a3db52d2ec9929 [CANDIDATE]: Term 1 election: Vote granted by peer cfbc8e5309724e0db68888e85869c200
I0309 03:23:32.314131 30403 leader_election.cc:243] T d578361f4e354051886ce73b660f4547 P 483390dba8e3468c88a3db52d2ec9929 [CANDIDATE]: Term 1 election: Election decided. Result: candidate won.
I0309 03:23:32.314833 30790 raft_consensus.cc:1971] T d578361f4e354051886ce73b660f4547 P 483390dba8e3468c88a3db52d2ec9929 [term 1 FOLLOWER]: Leader election won for term 1
I0309 03:23:32.318188 30720 raft_consensus.cc:2206] T d578361f4e354051886ce73b660f4547 P 9ac490c05033476fa1a2e3b6df0c4522 [term 0 FOLLOWER]: Advancing to term 1
